******************************************************************************
                  TI ARM Linker PC v20.2.5                     
******************************************************************************
>> Linked Tue Aug 30 18:06:18 2022

OUTPUT FILE NAME:   <Exe09WDT_Systick.out>
ENTRY POINT SYMBOL: "_c_int00_noargs"  address: 000006dd


MEMORY CONFIGURATION

         name            origin    length      used     unused   attr    fill
----------------------  --------  ---------  --------  --------  ----  --------
  MAIN                  00000000   00040000  00000754  0003f8ac  R  X
  INFO                  00200000   00004000  00000000  00004000  R  X
  SRAM_CODE             01000000   00010000  0000020c  0000fdf4  RW X
  SRAM_DATA             20000000   00010000  0000020c  0000fdf4  RW  


SEGMENT ALLOCATION MAP

run origin  load origin   length   init length attrs members
----------  ----------- ---------- ----------- ----- -------
00000000    00000000    00000758   00000758    r-x
  00000000    00000000    000000e4   000000e4    r-- .intvecs
  000000e4    000000e4    00000650   00000650    r-x .text
  00000738    00000738    00000020   00000020    r-- .cinit
20000000    20000000    0000000c   00000000    rw-
  20000000    20000000    0000000c   00000000    rw- .data
2000fe00    2000fe00    00000200   00000000    rw-
  2000fe00    2000fe00    00000200   00000000    rw- .stack


SECTION ALLOCATION MAP

 output                                  attributes/
section   page    origin      length       input sections
--------  ----  ----------  ----------   ----------------
.intvecs   0    00000000    000000e4     
                  00000000    000000e4     startup_msp432p401r_ccs.obj (.intvecs:retain)

.text      0    000000e4    00000650     
                  000000e4    00000334     system_msp432p401r.obj (.text)
                  00000418    0000017c     main.obj (.text)
                  00000594    0000009c     rtsv7M4_T_le_v4SPD16_eabi.lib : memcpy_t2.asm.obj (.text)
                  00000630    00000068                                   : copy_decompress_lzss.c.obj (.text:decompress:lzss:__TI_decompress_lzss)
                  00000698    00000044                                   : autoinit.c.obj (.text:__TI_auto_init_nobinit_nopinit:__TI_auto_init_nobinit_nopinit)
                  000006dc    00000034                                   : boot_cortex_m.c.obj (.text:_c_int00_noargs:_c_int00_noargs)
                  00000710    0000000e                                   : copy_decompress_none.c.obj (.text:decompress:none:__TI_decompress_none)
                  0000071e    0000000e     startup_msp432p401r_ccs.obj (.text)
                  0000072c    00000004     rtsv7M4_T_le_v4SPD16_eabi.lib : pre_init.c.obj (.text:_system_pre_init)
                  00000730    00000004                                   : exit.c.obj (.text:abort:abort)

.cinit     0    00000738    00000020     
                  00000738    0000000f     (.cinit..data.load) [load image, compression = lzss]
                  00000747    00000001     --HOLE-- [fill = 0]
                  00000748    00000008     (__TI_handler_table)
                  00000750    00000008     (__TI_cinit_table)

.init_array 
*          0    00000000    00000000     UNINITIALIZED

.binit     0    00000000    00000000     

.data      0    20000000    0000000c     UNINITIALIZED
                  20000000    00000008     main.obj (.data)
                  20000008    00000004     system_msp432p401r.obj (.data)

.stack     0    2000fe00    00000200     UNINITIALIZED
                  2000fe00    00000004     rtsv7M4_T_le_v4SPD16_eabi.lib : boot_cortex_m.c.obj (.stack)
                  2000fe04    000001fc     --HOLE--

__llvm_prf_cnts 
*          0    20000000    00000000     UNINITIALIZED

MODULE SUMMARY

       Module                        code   ro data   rw data
       ------                        ----   -------   -------
    .\
       system_msp432p401r.obj        820    0         8      
       main.obj                      380    0         16     
       startup_msp432p401r_ccs.obj   14     228       0      
    +--+-----------------------------+------+---------+---------+
       Total:                        1214   228       24     
                                                             
    C:\ti\ccs1110\ccs\tools\compiler\ti-cgt-arm_20.2.5.LTS\lib\rtsv7M4_T_le_v4SPD16_eabi.lib
       memcpy_t2.asm.obj             156    0         0      
       copy_decompress_lzss.c.obj    104    0         0      
       autoinit.c.obj                68     0         0      
       boot_cortex_m.c.obj           52     0         0      
       copy_decompress_none.c.obj    14     0         0      
       exit.c.obj                    4      0         0      
       pre_init.c.obj                4      0         0      
    +--+-----------------------------+------+---------+---------+
       Total:                        402    0         0      
                                                             
       Stack:                        0      0         1024   
       Linker Generated:             0      31        0      
    +--+-----------------------------+------+---------+---------+
       Grand Total:                  1616   259       1048   


LINKER GENERATED COPY TABLES

__TI_cinit_table @ 00000750 records: 1, size/record: 8, table size: 8
	.data: load addr=00000738, load size=0000000f bytes, run addr=20000000, run size=0000000c bytes, compression=lzss


LINKER GENERATED HANDLER TABLE

__TI_handler_table @ 00000748 records: 2, size/record: 4, table size: 8
	index: 0, handler: __TI_decompress_lzss
	index: 1, handler: __TI_decompress_none


GLOBAL SYMBOLS: SORTED ALPHABETICALLY BY Name 

address   name                          
-------   ----                          
0000072b  ADC14_IRQHandler              
0000072b  AES256_IRQHandler             
0000072b  BusFault_Handler              
00000731  C$$EXIT                       
0000072b  COMP_E0_IRQHandler            
0000072b  COMP_E1_IRQHandler            
0000072b  CS_IRQHandler                 
0000072b  DMA_ERR_IRQHandler            
0000072b  DMA_INT0_IRQHandler           
0000072b  DMA_INT1_IRQHandler           
0000072b  DMA_INT2_IRQHandler           
0000072b  DMA_INT3_IRQHandler           
0000072b  DebugMon_Handler              
0000072b  Default_Handler               
0000072b  EUSCIA0_IRQHandler            
0000072b  EUSCIA1_IRQHandler            
0000072b  EUSCIA2_IRQHandler            
0000072b  EUSCIA3_IRQHandler            
0000072b  EUSCIB0_IRQHandler            
0000072b  EUSCIB1_IRQHandler            
0000072b  EUSCIB2_IRQHandler            
0000072b  EUSCIB3_IRQHandler            
0000072b  FLCTL_IRQHandler              
0000072b  FPU_IRQHandler                
0000072b  HardFault_Handler             
0000072b  MemManage_Handler             
0000072b  NMI_Handler                   
0000072b  PCM_IRQHandler                
000004f1  PORT1_IRQHandler              
000004f1  PORT1_IRQHandler              
0000072b  PORT2_IRQHandler              
0000072b  PORT3_IRQHandler              
0000072b  PORT4_IRQHandler              
0000072b  PORT5_IRQHandler              
0000072b  PORT6_IRQHandler              
0000072b  PSS_IRQHandler                
0000072b  PendSV_Handler                
0000072b  RTC_C_IRQHandler              
0000071f  Reset_Handler                 
0000072b  SVC_Handler                   
0000072b  SysTick_Handler               
20000008  SystemCoreClock               
000000e5  SystemCoreClockUpdate         
0000035d  SystemInit                    
20000004  T2                            
0000072b  T32_INT1_IRQHandler           
0000072b  T32_INT2_IRQHandler           
0000072b  T32_INTC_IRQHandler           
0000072b  TA0_0_IRQHandler              
0000072b  TA0_N_IRQHandler              
0000072b  TA1_0_IRQHandler              
0000072b  TA1_N_IRQHandler              
0000072b  TA2_0_IRQHandler              
0000072b  TA2_N_IRQHandler              
0000072b  TA3_0_IRQHandler              
0000072b  TA3_N_IRQHandler              
0000072b  UsageFault_Handler            
4000480c  WDTCTL_SYM                    
0000048d  WDT_A_IRQHandler              
0000048d  WDT_A_IRQHandler              
20010000  __STACK_END                   
00000200  __STACK_SIZE                  
00000750  __TI_CINIT_Base               
00000758  __TI_CINIT_Limit              
00000748  __TI_Handler_Table_Base       
00000750  __TI_Handler_Table_Limit      
00000699  __TI_auto_init_nobinit_nopinit
00000631  __TI_decompress_lzss          
00000711  __TI_decompress_none          
ffffffff  __TI_pprof_out_hndl           
ffffffff  __TI_prof_data_size           
ffffffff  __TI_prof_data_start          
00000000  __TI_static_base__            
00000595  __aeabi_memcpy                
00000595  __aeabi_memcpy4               
00000595  __aeabi_memcpy8               
ffffffff  __binit__                     
ffffffff  __c_args__                    
UNDEFED   __mpu_init                    
2000fe00  __stack                       
20000000  __start___llvm_prf_cnts       
20000000  __stop___llvm_prf_cnts        
000006dd  _c_int00_noargs               
UNDEFED   _system_post_cinit            
0000072d  _system_pre_init              
00000731  abort                         
ffffffff  binit                         
20000000  count                         
00000000  interruptVectors              
00000419  main                          
00000595  memcpy                        


GLOBAL SYMBOLS: SORTED BY Symbol Address 

address   name                          
-------   ----                          
00000000  __TI_static_base__            
00000000  interruptVectors              
000000e5  SystemCoreClockUpdate         
00000200  __STACK_SIZE                  
0000035d  SystemInit                    
00000419  main                          
0000048d  WDT_A_IRQHandler              
0000048d  WDT_A_IRQHandler              
000004f1  PORT1_IRQHandler              
000004f1  PORT1_IRQHandler              
00000595  __aeabi_memcpy                
00000595  __aeabi_memcpy4               
00000595  __aeabi_memcpy8               
00000595  memcpy                        
00000631  __TI_decompress_lzss          
00000699  __TI_auto_init_nobinit_nopinit
000006dd  _c_int00_noargs               
00000711  __TI_decompress_none          
0000071f  Reset_Handler                 
0000072b  ADC14_IRQHandler              
0000072b  AES256_IRQHandler             
0000072b  BusFault_Handler              
0000072b  COMP_E0_IRQHandler            
0000072b  COMP_E1_IRQHandler            
0000072b  CS_IRQHandler                 
0000072b  DMA_ERR_IRQHandler            
0000072b  DMA_INT0_IRQHandler           
0000072b  DMA_INT1_IRQHandler           
0000072b  DMA_INT2_IRQHandler           
0000072b  DMA_INT3_IRQHandler           
0000072b  DebugMon_Handler              
0000072b  Default_Handler               
0000072b  EUSCIA0_IRQHandler            
0000072b  EUSCIA1_IRQHandler            
0000072b  EUSCIA2_IRQHandler            
0000072b  EUSCIA3_IRQHandler            
0000072b  EUSCIB0_IRQHandler            
0000072b  EUSCIB1_IRQHandler            
0000072b  EUSCIB2_IRQHandler            
0000072b  EUSCIB3_IRQHandler            
0000072b  FLCTL_IRQHandler              
0000072b  FPU_IRQHandler                
0000072b  HardFault_Handler             
0000072b  MemManage_Handler             
0000072b  NMI_Handler                   
0000072b  PCM_IRQHandler                
0000072b  PORT2_IRQHandler              
0000072b  PORT3_IRQHandler              
0000072b  PORT4_IRQHandler              
0000072b  PORT5_IRQHandler              
0000072b  PORT6_IRQHandler              
0000072b  PSS_IRQHandler                
0000072b  PendSV_Handler                
0000072b  RTC_C_IRQHandler              
0000072b  SVC_Handler                   
0000072b  SysTick_Handler               
0000072b  T32_INT1_IRQHandler           
0000072b  T32_INT2_IRQHandler           
0000072b  T32_INTC_IRQHandler           
0000072b  TA0_0_IRQHandler              
0000072b  TA0_N_IRQHandler              
0000072b  TA1_0_IRQHandler              
0000072b  TA1_N_IRQHandler              
0000072b  TA2_0_IRQHandler              
0000072b  TA2_N_IRQHandler              
0000072b  TA3_0_IRQHandler              
0000072b  TA3_N_IRQHandler              
0000072b  UsageFault_Handler            
0000072d  _system_pre_init              
00000731  C$$EXIT                       
00000731  abort                         
00000748  __TI_Handler_Table_Base       
00000750  __TI_CINIT_Base               
00000750  __TI_Handler_Table_Limit      
00000758  __TI_CINIT_Limit              
20000000  __start___llvm_prf_cnts       
20000000  __stop___llvm_prf_cnts        
20000000  count                         
20000004  T2                            
20000008  SystemCoreClock               
2000fe00  __stack                       
20010000  __STACK_END                   
4000480c  WDTCTL_SYM                    
ffffffff  __TI_pprof_out_hndl           
ffffffff  __TI_prof_data_size           
ffffffff  __TI_prof_data_start          
ffffffff  __binit__                     
ffffffff  __c_args__                    
ffffffff  binit                         
UNDEFED   __mpu_init                    
UNDEFED   _system_post_cinit            

[91 symbols]
