<?xml version="1.0" encoding="ISO-8859-1" ?>
<link_info>
   <banner>TI ARM Linker PC v20.2.5.LTS</banner>
   <copyright>Copyright (c) 1996-2018 Texas Instruments Incorporated</copyright>
   <link_time>0x630de550</link_time>
   <link_errors>0x0</link_errors>
   <output_file>Program03.out</output_file>
   <entry_point>
      <name>_c_int00_noargs</name>
      <address>0x8fc1</address>
   </entry_point>
   <input_file_list>
      <input_file id="fl-2">
         <path>.\</path>
         <kind>object</kind>
         <file>Program3.obj</file>
         <name>Program3.obj</name>
      </input_file>
      <input_file id="fl-3">
         <path>.\</path>
         <kind>object</kind>
         <file>oled.obj</file>
         <name>oled.obj</name>
      </input_file>
      <input_file id="fl-4">
         <path>.\</path>
         <kind>object</kind>
         <file>startup_msp432p401r_ccs.obj</file>
         <name>startup_msp432p401r_ccs.obj</name>
      </input_file>
      <input_file id="fl-5">
         <path>.\</path>
         <kind>object</kind>
         <file>system_msp432p401r.obj</file>
         <name>system_msp432p401r.obj</name>
      </input_file>
      <input_file id="fl-9">
         <kind>object</kind>
         <file>&lt;internal&gt;</file>
         <name>&lt;internal&gt;</name>
      </input_file>
      <input_file id="fl-bf">
         <path>C:\ti\ccs1110\ccs\tools\compiler\ti-cgt-arm_20.2.5.LTS\lib\</path>
         <kind>archive</kind>
         <file>rtsv7M4_T_le_v4SPD16_eabi.lib</file>
         <name>copy_zero_init.c.obj</name>
      </input_file>
      <input_file id="fl-c0">
         <path>C:\ti\ccs1110\ccs\tools\compiler\ti-cgt-arm_20.2.5.LTS\lib\</path>
         <kind>archive</kind>
         <file>rtsv7M4_T_le_v4SPD16_eabi.lib</file>
         <name>copy_decompress_none.c.obj</name>
      </input_file>
      <input_file id="fl-c1">
         <path>C:\ti\ccs1110\ccs\tools\compiler\ti-cgt-arm_20.2.5.LTS\lib\</path>
         <kind>archive</kind>
         <file>rtsv7M4_T_le_v4SPD16_eabi.lib</file>
         <name>copy_decompress_lzss.c.obj</name>
      </input_file>
      <input_file id="fl-c2">
         <path>C:\ti\ccs1110\ccs\tools\compiler\ti-cgt-arm_20.2.5.LTS\lib\</path>
         <kind>archive</kind>
         <file>rtsv7M4_T_le_v4SPD16_eabi.lib</file>
         <name>boot_cortex_m.c.obj</name>
      </input_file>
      <input_file id="fl-c3">
         <path>C:\ti\ccs1110\ccs\tools\compiler\ti-cgt-arm_20.2.5.LTS\lib\</path>
         <kind>archive</kind>
         <file>rtsv7M4_T_le_v4SPD16_eabi.lib</file>
         <name>memcpy_t2.asm.obj</name>
      </input_file>
      <input_file id="fl-c4">
         <path>C:\ti\ccs1110\ccs\tools\compiler\ti-cgt-arm_20.2.5.LTS\lib\</path>
         <kind>archive</kind>
         <file>rtsv7M4_T_le_v4SPD16_eabi.lib</file>
         <name>memset_t2.asm.obj</name>
      </input_file>
      <input_file id="fl-c5">
         <path>C:\ti\ccs1110\ccs\tools\compiler\ti-cgt-arm_20.2.5.LTS\lib\</path>
         <kind>archive</kind>
         <file>rtsv7M4_T_le_v4SPD16_eabi.lib</file>
         <name>autoinit.c.obj</name>
      </input_file>
      <input_file id="fl-c6">
         <path>C:\ti\ccs1110\ccs\tools\compiler\ti-cgt-arm_20.2.5.LTS\lib\</path>
         <kind>archive</kind>
         <file>rtsv7M4_T_le_v4SPD16_eabi.lib</file>
         <name>pre_init.c.obj</name>
      </input_file>
      <input_file id="fl-c7">
         <path>C:\ti\ccs1110\ccs\tools\compiler\ti-cgt-arm_20.2.5.LTS\lib\</path>
         <kind>archive</kind>
         <file>rtsv7M4_T_le_v4SPD16_eabi.lib</file>
         <name>cpy_tbl.c.obj</name>
      </input_file>
      <input_file id="fl-c8">
         <path>C:\ti\ccs1110\ccs\tools\compiler\ti-cgt-arm_20.2.5.LTS\lib\</path>
         <kind>archive</kind>
         <file>rtsv7M4_T_le_v4SPD16_eabi.lib</file>
         <name>exit.c.obj</name>
      </input_file>
      <input_file id="fl-c9">
         <path>C:\ti\ccs1110\ccs\tools\compiler\ti-cgt-arm_20.2.5.LTS\lib\</path>
         <kind>archive</kind>
         <file>rtsv7M4_T_le_v4SPD16_eabi.lib</file>
         <name>_lock.c.obj</name>
      </input_file>
      <input_file id="fl-ca">
         <path>C:\ti\ccs1110\ccs\tools\compiler\ti-cgt-arm_20.2.5.LTS\lib\</path>
         <kind>archive</kind>
         <file>rtsv7M4_T_le_v4SPD16_eabi.lib</file>
         <name>args_main.c.obj</name>
      </input_file>
   </input_file_list>
   <object_component_list>
      <object_component id="oc-26">
         <name>.intvecs:retain</name>
         <load_address>0x0</load_address>
         <run_address>0x0</run_address>
         <size>0xe4</size>
         <input_file_ref idref="fl-4"/>
      </object_component>
      <object_component id="oc-6d">
         <name>.text</name>
         <load_address>0xe4</load_address>
         <run_address>0xe4</run_address>
         <size>0x823c</size>
         <input_file_ref idref="fl-2"/>
      </object_component>
      <object_component id="oc-d0">
         <name>.text</name>
         <load_address>0x8320</load_address>
         <run_address>0x8320</run_address>
         <size>0x7a8</size>
         <input_file_ref idref="fl-3"/>
      </object_component>
      <object_component id="oc-a5">
         <name>.text</name>
         <load_address>0x8ac8</load_address>
         <run_address>0x8ac8</run_address>
         <size>0x334</size>
         <input_file_ref idref="fl-5"/>
      </object_component>
      <object_component id="oc-37">
         <name>.text</name>
         <load_address>0x8dfc</load_address>
         <run_address>0x8dfc</run_address>
         <size>0x9c</size>
         <input_file_ref idref="fl-c3"/>
      </object_component>
      <object_component id="oc-8d">
         <name>.text</name>
         <load_address>0x8e98</load_address>
         <run_address>0x8e98</run_address>
         <size>0x7a</size>
         <input_file_ref idref="fl-c4"/>
      </object_component>
      <object_component id="oc-17">
         <name>.text:decompress:lzss:__TI_decompress_lzss</name>
         <load_address>0x8f12</load_address>
         <run_address>0x8f12</run_address>
         <size>0x68</size>
         <input_file_ref idref="fl-c1"/>
      </object_component>
      <object_component id="oc-119">
         <name>.text:__TI_auto_init_nobinit_nopinit:__TI_auto_init_nobinit_nopinit</name>
         <load_address>0x8f7c</load_address>
         <run_address>0x8f7c</run_address>
         <size>0x44</size>
         <input_file_ref idref="fl-c5"/>
      </object_component>
      <object_component id="oc-55">
         <name>.text:_c_int00_noargs:_c_int00_noargs</name>
         <load_address>0x8fc0</load_address>
         <run_address>0x8fc0</run_address>
         <size>0x34</size>
         <input_file_ref idref="fl-c2"/>
      </object_component>
      <object_component id="oc-1d">
         <name>.text:decompress:none:__TI_decompress_none</name>
         <load_address>0x8ff4</load_address>
         <run_address>0x8ff4</run_address>
         <size>0xe</size>
         <input_file_ref idref="fl-c0"/>
      </object_component>
      <object_component id="oc-67">
         <name>.text</name>
         <load_address>0x9002</load_address>
         <run_address>0x9002</run_address>
         <size>0xe</size>
         <input_file_ref idref="fl-4"/>
      </object_component>
      <object_component id="oc-49">
         <name>.text:decompress:ZI:__TI_zero_init</name>
         <load_address>0x9010</load_address>
         <run_address>0x9010</run_address>
         <size>0xc</size>
         <input_file_ref idref="fl-bf"/>
      </object_component>
      <object_component id="oc-93">
         <name>.text:_system_pre_init</name>
         <load_address>0x901c</load_address>
         <run_address>0x901c</run_address>
         <size>0x4</size>
         <input_file_ref idref="fl-c6"/>
      </object_component>
      <object_component id="oc-10d">
         <name>.text:abort:abort</name>
         <load_address>0x9020</load_address>
         <run_address>0x9020</run_address>
         <size>0x4</size>
         <input_file_ref idref="fl-c8"/>
      </object_component>
      <object_component id="oc-16b">
         <name>.const:Hzk</name>
         <load_address>0x9024</load_address>
         <run_address>0x9024</run_address>
         <size>0x640</size>
         <input_file_ref idref="fl-3"/>
      </object_component>
      <object_component id="oc-168">
         <name>.const:.string:F8X16</name>
         <load_address>0x9664</load_address>
         <run_address>0x9664</run_address>
         <size>0x5f0</size>
         <input_file_ref idref="fl-3"/>
      </object_component>
      <object_component id="oc-ac">
         <name>.const:_ctlRegs</name>
         <load_address>0x9c54</load_address>
         <run_address>0x9c54</run_address>
         <size>0x80</size>
         <input_file_ref idref="fl-2"/>
      </object_component>
      <object_component id="oc-be">
         <name>.const:g_pulRegs</name>
         <load_address>0x9cd4</load_address>
         <run_address>0x9cd4</run_address>
         <size>0x50</size>
         <input_file_ref idref="fl-2"/>
      </object_component>
      <object_component id="oc-dd">
         <name>.const:uartConfig2</name>
         <load_address>0x9d24</load_address>
         <run_address>0x9d24</run_address>
         <size>0x24</size>
         <input_file_ref idref="fl-2"/>
      </object_component>
      <object_component id="oc-bb">
         <name>.const:g_pulPriority</name>
         <load_address>0x9d48</load_address>
         <run_address>0x9d48</run_address>
         <size>0x20</size>
         <input_file_ref idref="fl-2"/>
      </object_component>
      <object_component id="oc-b5">
         <name>.const:GPIO_PORT_TO_INT</name>
         <load_address>0x9d68</load_address>
         <run_address>0x9d68</run_address>
         <size>0x1c</size>
         <input_file_ref idref="fl-2"/>
      </object_component>
      <object_component id="oc-c4">
         <name>.const:g_pulDisRegs</name>
         <load_address>0x9d84</load_address>
         <run_address>0x9d84</run_address>
         <size>0x8</size>
         <input_file_ref idref="fl-2"/>
      </object_component>
      <object_component id="oc-c1">
         <name>.const:g_pulEnRegs</name>
         <load_address>0x9d8c</load_address>
         <run_address>0x9d8c</run_address>
         <size>0x8</size>
         <input_file_ref idref="fl-2"/>
      </object_component>
      <object_component id="oc-c7">
         <name>.const:g_pulPendRegs</name>
         <load_address>0x9d94</load_address>
         <run_address>0x9d94</run_address>
         <size>0x8</size>
         <input_file_ref idref="fl-2"/>
      </object_component>
      <object_component id="oc-ca">
         <name>.const:g_pulUnpendRegs</name>
         <load_address>0x9d9c</load_address>
         <run_address>0x9d9c</run_address>
         <size>0x8</size>
         <input_file_ref idref="fl-2"/>
      </object_component>
      <object_component id="oc-232">
         <name>.cinit..data.load</name>
         <load_address>0x9da8</load_address>
         <run_address>0x9da8</run_address>
         <size>0x6a</size>
      </object_component>
      <object_component id="oc-22f">
         <name>__TI_handler_table</name>
         <load_address>0x9e14</load_address>
         <run_address>0x9e14</run_address>
         <size>0xc</size>
      </object_component>
      <object_component id="oc-233">
         <name>.cinit..bss.load</name>
         <load_address>0x9e20</load_address>
         <run_address>0x9e20</run_address>
         <size>0x8</size>
      </object_component>
      <object_component id="oc-231">
         <name>.cinit..vtable.load</name>
         <load_address>0x9e28</load_address>
         <run_address>0x9e28</run_address>
         <size>0x8</size>
      </object_component>
      <object_component id="oc-230">
         <name>__TI_cinit_table</name>
         <load_address>0x9e30</load_address>
         <run_address>0x9e30</run_address>
         <size>0x18</size>
      </object_component>
      <object_component id="oc-203">
         <name>.binit</name>
         <load_address>0x0</load_address>
         <run_address>0x0</run_address>
         <size>0x0</size>
      </object_component>
      <object_component id="oc-b8">
         <name>.vtable</name>
         <uninitialized>true</uninitialized>
         <run_address>0x20000000</run_address>
         <size>0xe4</size>
         <input_file_ref idref="fl-2"/>
      </object_component>
      <object_component id="oc-af">
         <name>.data:__getBurstProgramRegs</name>
         <load_address>0x200060f0</load_address>
         <run_address>0x200060f0</run_address>
         <size>0x40</size>
         <input_file_ref idref="fl-2"/>
      </object_component>
      <object_component id="oc-b2">
         <name>.data:GPIO_PORT_TO_BASE</name>
         <load_address>0x20006130</load_address>
         <run_address>0x20006130</run_address>
         <size>0x30</size>
         <input_file_ref idref="fl-2"/>
      </object_component>
      <object_component id="oc-d6">
         <name>.data</name>
         <load_address>0x20006160</load_address>
         <run_address>0x20006160</run_address>
         <size>0xc</size>
         <input_file_ref idref="fl-2"/>
      </object_component>
      <object_component id="oc-14b">
         <name>.data</name>
         <load_address>0x2000616c</load_address>
         <run_address>0x2000616c</run_address>
         <size>0x4</size>
         <input_file_ref idref="fl-5"/>
      </object_component>
      <object_component id="oc-cd">
         <name>.bss</name>
         <uninitialized>true</uninitialized>
         <run_address>0x200060e4</run_address>
         <size>0x8</size>
         <input_file_ref idref="fl-2"/>
      </object_component>
      <object_component id="oc-167">
         <name>.bss</name>
         <uninitialized>true</uninitialized>
         <run_address>0x200060ec</run_address>
         <size>0x1</size>
         <input_file_ref idref="fl-3"/>
      </object_component>
      <object_component id="oc-d9">
         <name>.common:PICTURE</name>
         <uninitialized>true</uninitialized>
         <run_address>0x200000e4</run_address>
         <size>0x2000</size>
      </object_component>
      <object_component id="oc-dc">
         <name>.common:tempPICTURE</name>
         <uninitialized>true</uninitialized>
         <run_address>0x200040e4</run_address>
         <size>0x2000</size>
      </object_component>
      <object_component id="oc-e0">
         <name>.common:prePICTURE</name>
         <uninitialized>true</uninitialized>
         <run_address>0x200020e4</run_address>
         <size>0x2000</size>
      </object_component>
      <object_component id="oc-29">
         <name>.stack</name>
         <uninitialized>true</uninitialized>
         <run_address>0x2000fe00</run_address>
         <size>0x4</size>
         <input_file_ref idref="fl-c2"/>
      </object_component>
      <object_component id="oc-235">
         <name>.stack</name>
         <uninitialized>true</uninitialized>
         <run_address>0x2000fe00</run_address>
         <size>0x0</size>
      </object_component>
      <object_component id="oc-da">
         <name>.debug_info</name>
         <load_address>0x0</load_address>
         <run_address>0x0</run_address>
         <size>0x7a0</size>
         <input_file_ref idref="fl-2"/>
      </object_component>
      <object_component id="oc-ad">
         <name>.debug_info</name>
         <load_address>0x7a0</load_address>
         <run_address>0x7a0</run_address>
         <size>0xc2</size>
         <input_file_ref idref="fl-2"/>
      </object_component>
      <object_component id="oc-b0">
         <name>.debug_info</name>
         <load_address>0x862</load_address>
         <run_address>0x862</run_address>
         <size>0xdc</size>
         <input_file_ref idref="fl-2"/>
      </object_component>
      <object_component id="oc-b6">
         <name>.debug_info</name>
         <load_address>0x93e</load_address>
         <run_address>0x93e</run_address>
         <size>0xd2</size>
         <input_file_ref idref="fl-2"/>
      </object_component>
      <object_component id="oc-b3">
         <name>.debug_info</name>
         <load_address>0xa10</load_address>
         <run_address>0xa10</run_address>
         <size>0xd4</size>
         <input_file_ref idref="fl-2"/>
      </object_component>
      <object_component id="oc-bc">
         <name>.debug_info</name>
         <load_address>0xae4</load_address>
         <run_address>0xae4</run_address>
         <size>0xcc</size>
         <input_file_ref idref="fl-2"/>
      </object_component>
      <object_component id="oc-bf">
         <name>.debug_info</name>
         <load_address>0xbb0</load_address>
         <run_address>0xbb0</run_address>
         <size>0xc4</size>
         <input_file_ref idref="fl-2"/>
      </object_component>
      <object_component id="oc-c2">
         <name>.debug_info</name>
         <load_address>0xc74</load_address>
         <run_address>0xc74</run_address>
         <size>0xc8</size>
         <input_file_ref idref="fl-2"/>
      </object_component>
      <object_component id="oc-c5">
         <name>.debug_info</name>
         <load_address>0xd3c</load_address>
         <run_address>0xd3c</run_address>
         <size>0xca</size>
         <input_file_ref idref="fl-2"/>
      </object_component>
      <object_component id="oc-c8">
         <name>.debug_info</name>
         <load_address>0xe06</load_address>
         <run_address>0xe06</run_address>
         <size>0xcc</size>
         <input_file_ref idref="fl-2"/>
      </object_component>
      <object_component id="oc-cb">
         <name>.debug_info</name>
         <load_address>0xed2</load_address>
         <run_address>0xed2</run_address>
         <size>0xd0</size>
         <input_file_ref idref="fl-2"/>
      </object_component>
      <object_component id="oc-b9">
         <name>.debug_info</name>
         <load_address>0xfa2</load_address>
         <run_address>0xfa2</run_address>
         <size>0xd1</size>
         <input_file_ref idref="fl-2"/>
      </object_component>
      <object_component id="oc-ce">
         <name>.debug_info</name>
         <load_address>0x1073</load_address>
         <run_address>0x1073</run_address>
         <size>0xe2</size>
         <input_file_ref idref="fl-2"/>
      </object_component>
      <object_component id="oc-d7">
         <name>.debug_info</name>
         <load_address>0x1155</load_address>
         <run_address>0x1155</run_address>
         <size>0xbd</size>
         <input_file_ref idref="fl-2"/>
      </object_component>
      <object_component id="oc-de">
         <name>.debug_info</name>
         <load_address>0x1212</load_address>
         <run_address>0x1212</run_address>
         <size>0xc9</size>
         <input_file_ref idref="fl-2"/>
      </object_component>
      <object_component id="oc-70">
         <name>.debug_info</name>
         <load_address>0x12db</load_address>
         <run_address>0x12db</run_address>
         <size>0x2ad14</size>
         <input_file_ref idref="fl-2"/>
      </object_component>
      <object_component id="oc-174">
         <name>.debug_info</name>
         <load_address>0x2bfef</load_address>
         <run_address>0x2bfef</run_address>
         <size>0x9a</size>
         <input_file_ref idref="fl-2"/>
      </object_component>
      <object_component id="oc-17e">
         <name>.debug_info</name>
         <load_address>0x2c089</load_address>
         <run_address>0x2c089</run_address>
         <size>0x37e2</size>
         <input_file_ref idref="fl-2"/>
      </object_component>
      <object_component id="oc-179">
         <name>.debug_info</name>
         <load_address>0x2f86b</load_address>
         <run_address>0x2f86b</run_address>
         <size>0x1b5</size>
         <input_file_ref idref="fl-2"/>
      </object_component>
      <object_component id="oc-183">
         <name>.debug_info</name>
         <load_address>0x2fa20</load_address>
         <run_address>0x2fa20</run_address>
         <size>0x1055</size>
         <input_file_ref idref="fl-2"/>
      </object_component>
      <object_component id="oc-f8">
         <name>.debug_info</name>
         <load_address>0x30a75</load_address>
         <run_address>0x30a75</run_address>
         <size>0x26b</size>
         <input_file_ref idref="fl-2"/>
      </object_component>
      <object_component id="oc-188">
         <name>.debug_info</name>
         <load_address>0x30ce0</load_address>
         <run_address>0x30ce0</run_address>
         <size>0x9e</size>
         <input_file_ref idref="fl-2"/>
      </object_component>
      <object_component id="oc-18d">
         <name>.debug_info</name>
         <load_address>0x30d7e</load_address>
         <run_address>0x30d7e</run_address>
         <size>0x8a</size>
         <input_file_ref idref="fl-2"/>
      </object_component>
      <object_component id="oc-f1">
         <name>.debug_info</name>
         <load_address>0x30e08</load_address>
         <run_address>0x30e08</run_address>
         <size>0xc6</size>
         <input_file_ref idref="fl-2"/>
      </object_component>
      <object_component id="oc-192">
         <name>.debug_info</name>
         <load_address>0x30ece</load_address>
         <run_address>0x30ece</run_address>
         <size>0x341</size>
         <input_file_ref idref="fl-2"/>
      </object_component>
      <object_component id="oc-e2">
         <name>.debug_info</name>
         <load_address>0x3120f</load_address>
         <run_address>0x3120f</run_address>
         <size>0x8b</size>
         <input_file_ref idref="fl-2"/>
      </object_component>
      <object_component id="oc-1a3">
         <name>.debug_info</name>
         <load_address>0x3129a</load_address>
         <run_address>0x3129a</run_address>
         <size>0x2a4</size>
         <input_file_ref idref="fl-2"/>
      </object_component>
      <object_component id="oc-ec">
         <name>.debug_info</name>
         <load_address>0x3153e</load_address>
         <run_address>0x3153e</run_address>
         <size>0xef</size>
         <input_file_ref idref="fl-2"/>
      </object_component>
      <object_component id="oc-e7">
         <name>.debug_info</name>
         <load_address>0x3162d</load_address>
         <run_address>0x3162d</run_address>
         <size>0xbb</size>
         <input_file_ref idref="fl-2"/>
      </object_component>
      <object_component id="oc-197">
         <name>.debug_info</name>
         <load_address>0x316e8</load_address>
         <run_address>0x316e8</run_address>
         <size>0x131</size>
         <input_file_ref idref="fl-2"/>
      </object_component>
      <object_component id="oc-19c">
         <name>.debug_info</name>
         <load_address>0x31819</load_address>
         <run_address>0x31819</run_address>
         <size>0xee</size>
         <input_file_ref idref="fl-2"/>
      </object_component>
      <object_component id="oc-16f">
         <name>.debug_info</name>
         <load_address>0x31907</load_address>
         <run_address>0x31907</run_address>
         <size>0x641</size>
         <input_file_ref idref="fl-3"/>
      </object_component>
      <object_component id="oc-169">
         <name>.debug_info</name>
         <load_address>0x31f48</load_address>
         <run_address>0x31f48</run_address>
         <size>0xb9</size>
         <input_file_ref idref="fl-3"/>
      </object_component>
      <object_component id="oc-16c">
         <name>.debug_info</name>
         <load_address>0x32001</load_address>
         <run_address>0x32001</run_address>
         <size>0xb5</size>
         <input_file_ref idref="fl-3"/>
      </object_component>
      <object_component id="oc-d1">
         <name>.debug_info</name>
         <load_address>0x320b6</load_address>
         <run_address>0x320b6</run_address>
         <size>0x13ef</size>
         <input_file_ref idref="fl-3"/>
      </object_component>
      <object_component id="oc-32">
         <name>.debug_info</name>
         <load_address>0x334a5</load_address>
         <run_address>0x334a5</run_address>
         <size>0x84</size>
         <input_file_ref idref="fl-3"/>
      </object_component>
      <object_component id="oc-75">
         <name>.debug_info</name>
         <load_address>0x33529</load_address>
         <run_address>0x33529</run_address>
         <size>0x2b6</size>
         <input_file_ref idref="fl-4"/>
      </object_component>
      <object_component id="oc-27">
         <name>.debug_info</name>
         <load_address>0x337df</load_address>
         <run_address>0x337df</run_address>
         <size>0xe2</size>
         <input_file_ref idref="fl-4"/>
      </object_component>
      <object_component id="oc-68">
         <name>.debug_info</name>
         <load_address>0x338c1</load_address>
         <run_address>0x338c1</run_address>
         <size>0x1a9</size>
         <input_file_ref idref="fl-4"/>
      </object_component>
      <object_component id="oc-14c">
         <name>.debug_info</name>
         <load_address>0x33a6a</load_address>
         <run_address>0x33a6a</run_address>
         <size>0xdb</size>
         <input_file_ref idref="fl-5"/>
      </object_component>
      <object_component id="oc-a6">
         <name>.debug_info</name>
         <load_address>0x33b45</load_address>
         <run_address>0x33b45</run_address>
         <size>0x24d</size>
         <input_file_ref idref="fl-5"/>
      </object_component>
      <object_component id="oc-8c">
         <name>.debug_info</name>
         <load_address>0x33d92</load_address>
         <run_address>0x33d92</run_address>
         <size>0x2d4</size>
         <input_file_ref idref="fl-bf"/>
      </object_component>
      <object_component id="oc-4d">
         <name>.debug_info</name>
         <load_address>0x34066</load_address>
         <run_address>0x34066</run_address>
         <size>0x1b5</size>
         <input_file_ref idref="fl-bf"/>
      </object_component>
      <object_component id="oc-87">
         <name>.debug_info</name>
         <load_address>0x3421b</load_address>
         <run_address>0x3421b</run_address>
         <size>0x46</size>
         <input_file_ref idref="fl-bf"/>
      </object_component>
      <object_component id="oc-104">
         <name>.debug_info</name>
         <load_address>0x34261</load_address>
         <run_address>0x34261</run_address>
         <size>0x2c</size>
         <input_file_ref idref="fl-bf"/>
      </object_component>
      <object_component id="oc-42">
         <name>.debug_info</name>
         <load_address>0x3428d</load_address>
         <run_address>0x3428d</run_address>
         <size>0x2a8</size>
         <input_file_ref idref="fl-c0"/>
      </object_component>
      <object_component id="oc-1e">
         <name>.debug_info</name>
         <load_address>0x34535</load_address>
         <run_address>0x34535</run_address>
         <size>0x1ea</size>
         <input_file_ref idref="fl-c0"/>
      </object_component>
      <object_component id="oc-3d">
         <name>.debug_info</name>
         <load_address>0x3471f</load_address>
         <run_address>0x3471f</run_address>
         <size>0x46</size>
         <input_file_ref idref="fl-c0"/>
      </object_component>
      <object_component id="oc-7f">
         <name>.debug_info</name>
         <load_address>0x34765</load_address>
         <run_address>0x34765</run_address>
         <size>0x2c</size>
         <input_file_ref idref="fl-c0"/>
      </object_component>
      <object_component id="oc-7d">
         <name>.debug_info</name>
         <load_address>0x34791</load_address>
         <run_address>0x34791</run_address>
         <size>0x29e</size>
         <input_file_ref idref="fl-c1"/>
      </object_component>
      <object_component id="oc-1b">
         <name>.debug_info</name>
         <load_address>0x34a2f</load_address>
         <run_address>0x34a2f</run_address>
         <size>0x250</size>
         <input_file_ref idref="fl-c1"/>
      </object_component>
      <object_component id="oc-2d">
         <name>.debug_info</name>
         <load_address>0x34c7f</load_address>
         <run_address>0x34c7f</run_address>
         <size>0x60</size>
         <input_file_ref idref="fl-c1"/>
      </object_component>
      <object_component id="oc-fd">
         <name>.debug_info</name>
         <load_address>0x34cdf</load_address>
         <run_address>0x34cdf</run_address>
         <size>0x46</size>
         <input_file_ref idref="fl-c1"/>
      </object_component>
      <object_component id="oc-78">
         <name>.debug_info</name>
         <load_address>0x34d25</load_address>
         <run_address>0x34d25</run_address>
         <size>0x39</size>
         <input_file_ref idref="fl-c1"/>
      </object_component>
      <object_component id="oc-2a">
         <name>.debug_info</name>
         <load_address>0x34d5e</load_address>
         <run_address>0x34d5e</run_address>
         <size>0x10b</size>
         <input_file_ref idref="fl-c2"/>
      </object_component>
      <object_component id="oc-56">
         <name>.debug_info</name>
         <load_address>0x34e69</load_address>
         <run_address>0x34e69</run_address>
         <size>0x1a9</size>
         <input_file_ref idref="fl-c2"/>
      </object_component>
      <object_component id="oc-39">
         <name>.debug_info</name>
         <load_address>0x35012</load_address>
         <run_address>0x35012</run_address>
         <size>0x119</size>
         <input_file_ref idref="fl-c3"/>
      </object_component>
      <object_component id="oc-8f">
         <name>.debug_info</name>
         <load_address>0x3512b</load_address>
         <run_address>0x3512b</run_address>
         <size>0x147</size>
         <input_file_ref idref="fl-c4"/>
      </object_component>
      <object_component id="oc-1b3">
         <name>.debug_info</name>
         <load_address>0x35272</load_address>
         <run_address>0x35272</run_address>
         <size>0x4b3</size>
         <input_file_ref idref="fl-c5"/>
      </object_component>
      <object_component id="oc-11b">
         <name>.debug_info</name>
         <load_address>0x35725</load_address>
         <run_address>0x35725</run_address>
         <size>0x1a6</size>
         <input_file_ref idref="fl-c5"/>
      </object_component>
      <object_component id="oc-1e0">
         <name>.debug_info</name>
         <load_address>0x358cb</load_address>
         <run_address>0x358cb</run_address>
         <size>0x39</size>
         <input_file_ref idref="fl-c5"/>
      </object_component>
      <object_component id="oc-1f4">
         <name>.debug_info</name>
         <load_address>0x35904</load_address>
         <run_address>0x35904</run_address>
         <size>0x39</size>
         <input_file_ref idref="fl-c5"/>
      </object_component>
      <object_component id="oc-1e5">
         <name>.debug_info</name>
         <load_address>0x3593d</load_address>
         <run_address>0x3593d</run_address>
         <size>0x39</size>
         <input_file_ref idref="fl-c5"/>
      </object_component>
      <object_component id="oc-1ea">
         <name>.debug_info</name>
         <load_address>0x35976</load_address>
         <run_address>0x35976</run_address>
         <size>0xcd</size>
         <input_file_ref idref="fl-c5"/>
      </object_component>
      <object_component id="oc-94">
         <name>.debug_info</name>
         <load_address>0x35a43</load_address>
         <run_address>0x35a43</run_address>
         <size>0x153</size>
         <input_file_ref idref="fl-c6"/>
      </object_component>
      <object_component id="oc-110">
         <name>.debug_info</name>
         <load_address>0x35b96</load_address>
         <run_address>0x35b96</run_address>
         <size>0x122</size>
         <input_file_ref idref="fl-c8"/>
      </object_component>
      <object_component id="oc-236">
         <name>.debug_info</name>
         <load_address>0x35cb8</load_address>
         <run_address>0x35cb8</run_address>
         <size>0x8e</size>
      </object_component>
      <object_component id="oc-173">
         <name>.debug_line</name>
         <load_address>0x0</load_address>
         <run_address>0x0</run_address>
         <size>0x3e</size>
         <input_file_ref idref="fl-2"/>
      </object_component>
      <object_component id="oc-150">
         <name>.debug_line</name>
         <load_address>0x3e</load_address>
         <run_address>0x3e</run_address>
         <size>0x62</size>
         <input_file_ref idref="fl-2"/>
      </object_component>
      <object_component id="oc-152">
         <name>.debug_line</name>
         <load_address>0xa0</load_address>
         <run_address>0xa0</run_address>
         <size>0x62</size>
         <input_file_ref idref="fl-2"/>
      </object_component>
      <object_component id="oc-156">
         <name>.debug_line</name>
         <load_address>0x102</load_address>
         <run_address>0x102</run_address>
         <size>0x61</size>
         <input_file_ref idref="fl-2"/>
      </object_component>
      <object_component id="oc-154">
         <name>.debug_line</name>
         <load_address>0x163</load_address>
         <run_address>0x163</run_address>
         <size>0x61</size>
         <input_file_ref idref="fl-2"/>
      </object_component>
      <object_component id="oc-15a">
         <name>.debug_line</name>
         <load_address>0x1c4</load_address>
         <run_address>0x1c4</run_address>
         <size>0x66</size>
         <input_file_ref idref="fl-2"/>
      </object_component>
      <object_component id="oc-15c">
         <name>.debug_line</name>
         <load_address>0x22a</load_address>
         <run_address>0x22a</run_address>
         <size>0x66</size>
         <input_file_ref idref="fl-2"/>
      </object_component>
      <object_component id="oc-15e">
         <name>.debug_line</name>
         <load_address>0x290</load_address>
         <run_address>0x290</run_address>
         <size>0x66</size>
         <input_file_ref idref="fl-2"/>
      </object_component>
      <object_component id="oc-160">
         <name>.debug_line</name>
         <load_address>0x2f6</load_address>
         <run_address>0x2f6</run_address>
         <size>0x66</size>
         <input_file_ref idref="fl-2"/>
      </object_component>
      <object_component id="oc-162">
         <name>.debug_line</name>
         <load_address>0x35c</load_address>
         <run_address>0x35c</run_address>
         <size>0x66</size>
         <input_file_ref idref="fl-2"/>
      </object_component>
      <object_component id="oc-164">
         <name>.debug_line</name>
         <load_address>0x3c2</load_address>
         <run_address>0x3c2</run_address>
         <size>0x66</size>
         <input_file_ref idref="fl-2"/>
      </object_component>
      <object_component id="oc-158">
         <name>.debug_line</name>
         <load_address>0x428</load_address>
         <run_address>0x428</run_address>
         <size>0x66</size>
         <input_file_ref idref="fl-2"/>
      </object_component>
      <object_component id="oc-166">
         <name>.debug_line</name>
         <load_address>0x48e</load_address>
         <run_address>0x48e</run_address>
         <size>0x5f</size>
         <input_file_ref idref="fl-2"/>
      </object_component>
      <object_component id="oc-171">
         <name>.debug_line</name>
         <load_address>0x4ed</load_address>
         <run_address>0x4ed</run_address>
         <size>0x31</size>
         <input_file_ref idref="fl-2"/>
      </object_component>
      <object_component id="oc-1a2">
         <name>.debug_line</name>
         <load_address>0x51e</load_address>
         <run_address>0x51e</run_address>
         <size>0x31</size>
         <input_file_ref idref="fl-2"/>
      </object_component>
      <object_component id="oc-6f">
         <name>.debug_line</name>
         <load_address>0x54f</load_address>
         <run_address>0x54f</run_address>
         <size>0x6c0d</size>
         <input_file_ref idref="fl-2"/>
      </object_component>
      <object_component id="oc-177">
         <name>.debug_line</name>
         <load_address>0x715c</load_address>
         <run_address>0x715c</run_address>
         <size>0x60</size>
         <input_file_ref idref="fl-2"/>
      </object_component>
      <object_component id="oc-181">
         <name>.debug_line</name>
         <load_address>0x71bc</load_address>
         <run_address>0x71bc</run_address>
         <size>0x58</size>
         <input_file_ref idref="fl-2"/>
      </object_component>
      <object_component id="oc-17c">
         <name>.debug_line</name>
         <load_address>0x7214</load_address>
         <run_address>0x7214</run_address>
         <size>0x63</size>
         <input_file_ref idref="fl-2"/>
      </object_component>
      <object_component id="oc-186">
         <name>.debug_line</name>
         <load_address>0x7277</load_address>
         <run_address>0x7277</run_address>
         <size>0x5b</size>
         <input_file_ref idref="fl-2"/>
      </object_component>
      <object_component id="oc-fb">
         <name>.debug_line</name>
         <load_address>0x72d2</load_address>
         <run_address>0x72d2</run_address>
         <size>0x6f</size>
         <input_file_ref idref="fl-2"/>
      </object_component>
      <object_component id="oc-18b">
         <name>.debug_line</name>
         <load_address>0x7341</load_address>
         <run_address>0x7341</run_address>
         <size>0x63</size>
         <input_file_ref idref="fl-2"/>
      </object_component>
      <object_component id="oc-190">
         <name>.debug_line</name>
         <load_address>0x73a4</load_address>
         <run_address>0x73a4</run_address>
         <size>0x60</size>
         <input_file_ref idref="fl-2"/>
      </object_component>
      <object_component id="oc-f4">
         <name>.debug_line</name>
         <load_address>0x7404</load_address>
         <run_address>0x7404</run_address>
         <size>0x62</size>
         <input_file_ref idref="fl-2"/>
      </object_component>
      <object_component id="oc-195">
         <name>.debug_line</name>
         <load_address>0x7466</load_address>
         <run_address>0x7466</run_address>
         <size>0x64</size>
         <input_file_ref idref="fl-2"/>
      </object_component>
      <object_component id="oc-e5">
         <name>.debug_line</name>
         <load_address>0x74ca</load_address>
         <run_address>0x74ca</run_address>
         <size>0x20</size>
         <input_file_ref idref="fl-2"/>
      </object_component>
      <object_component id="oc-1a6">
         <name>.debug_line</name>
         <load_address>0x74ea</load_address>
         <run_address>0x74ea</run_address>
         <size>0x73</size>
         <input_file_ref idref="fl-2"/>
      </object_component>
      <object_component id="oc-ef">
         <name>.debug_line</name>
         <load_address>0x755d</load_address>
         <run_address>0x755d</run_address>
         <size>0x6f</size>
         <input_file_ref idref="fl-2"/>
      </object_component>
      <object_component id="oc-ea">
         <name>.debug_line</name>
         <load_address>0x75cc</load_address>
         <run_address>0x75cc</run_address>
         <size>0x70</size>
         <input_file_ref idref="fl-2"/>
      </object_component>
      <object_component id="oc-19a">
         <name>.debug_line</name>
         <load_address>0x763c</load_address>
         <run_address>0x763c</run_address>
         <size>0x60</size>
         <input_file_ref idref="fl-2"/>
      </object_component>
      <object_component id="oc-19f">
         <name>.debug_line</name>
         <load_address>0x769c</load_address>
         <run_address>0x769c</run_address>
         <size>0x61</size>
         <input_file_ref idref="fl-2"/>
      </object_component>
      <object_component id="oc-1cf">
         <name>.debug_line</name>
         <load_address>0x76fd</load_address>
         <run_address>0x76fd</run_address>
         <size>0x61</size>
         <input_file_ref idref="fl-3"/>
      </object_component>
      <object_component id="oc-1cb">
         <name>.debug_line</name>
         <load_address>0x775e</load_address>
         <run_address>0x775e</run_address>
         <size>0x31</size>
         <input_file_ref idref="fl-3"/>
      </object_component>
      <object_component id="oc-1cd">
         <name>.debug_line</name>
         <load_address>0x778f</load_address>
         <run_address>0x778f</run_address>
         <size>0x31</size>
         <input_file_ref idref="fl-3"/>
      </object_component>
      <object_component id="oc-d4">
         <name>.debug_line</name>
         <load_address>0x77c0</load_address>
         <run_address>0x77c0</run_address>
         <size>0x464</size>
         <input_file_ref idref="fl-3"/>
      </object_component>
      <object_component id="oc-35">
         <name>.debug_line</name>
         <load_address>0x7c24</load_address>
         <run_address>0x7c24</run_address>
         <size>0x20</size>
         <input_file_ref idref="fl-3"/>
      </object_component>
      <object_component id="oc-f7">
         <name>.debug_line</name>
         <load_address>0x7c44</load_address>
         <run_address>0x7c44</run_address>
         <size>0x40</size>
         <input_file_ref idref="fl-4"/>
      </object_component>
      <object_component id="oc-74">
         <name>.debug_line</name>
         <load_address>0x7c84</load_address>
         <run_address>0x7c84</run_address>
         <size>0x40</size>
         <input_file_ref idref="fl-4"/>
      </object_component>
      <object_component id="oc-6c">
         <name>.debug_line</name>
         <load_address>0x7cc4</load_address>
         <run_address>0x7cc4</run_address>
         <size>0x71</size>
         <input_file_ref idref="fl-4"/>
      </object_component>
      <object_component id="oc-1c9">
         <name>.debug_line</name>
         <load_address>0x7d35</load_address>
         <run_address>0x7d35</run_address>
         <size>0x3b</size>
         <input_file_ref idref="fl-5"/>
      </object_component>
      <object_component id="oc-a9">
         <name>.debug_line</name>
         <load_address>0x7d70</load_address>
         <run_address>0x7d70</run_address>
         <size>0x134</size>
         <input_file_ref idref="fl-5"/>
      </object_component>
      <object_component id="oc-10a">
         <name>.debug_line</name>
         <load_address>0x7ea4</load_address>
         <run_address>0x7ea4</run_address>
         <size>0x92</size>
         <input_file_ref idref="fl-bf"/>
      </object_component>
      <object_component id="oc-4c">
         <name>.debug_line</name>
         <load_address>0x7f36</load_address>
         <run_address>0x7f36</run_address>
         <size>0x53</size>
         <input_file_ref idref="fl-bf"/>
      </object_component>
      <object_component id="oc-8a">
         <name>.debug_line</name>
         <load_address>0x7f89</load_address>
         <run_address>0x7f89</run_address>
         <size>0x34</size>
         <input_file_ref idref="fl-bf"/>
      </object_component>
      <object_component id="oc-107">
         <name>.debug_line</name>
         <load_address>0x7fbd</load_address>
         <run_address>0x7fbd</run_address>
         <size>0x92</size>
         <input_file_ref idref="fl-bf"/>
      </object_component>
      <object_component id="oc-85">
         <name>.debug_line</name>
         <load_address>0x804f</load_address>
         <run_address>0x804f</run_address>
         <size>0x20</size>
         <input_file_ref idref="fl-c0"/>
      </object_component>
      <object_component id="oc-21">
         <name>.debug_line</name>
         <load_address>0x806f</load_address>
         <run_address>0x806f</run_address>
         <size>0x55</size>
         <input_file_ref idref="fl-c0"/>
      </object_component>
      <object_component id="oc-40">
         <name>.debug_line</name>
         <load_address>0x80c4</load_address>
         <run_address>0x80c4</run_address>
         <size>0x3a</size>
         <input_file_ref idref="fl-c0"/>
      </object_component>
      <object_component id="oc-82">
         <name>.debug_line</name>
         <load_address>0x80fe</load_address>
         <run_address>0x80fe</run_address>
         <size>0x92</size>
         <input_file_ref idref="fl-c0"/>
      </object_component>
      <object_component id="oc-103">
         <name>.debug_line</name>
         <load_address>0x8190</load_address>
         <run_address>0x8190</run_address>
         <size>0x20</size>
         <input_file_ref idref="fl-c1"/>
      </object_component>
      <object_component id="oc-19">
         <name>.debug_line</name>
         <load_address>0x81b0</load_address>
         <run_address>0x81b0</run_address>
         <size>0xa9</size>
         <input_file_ref idref="fl-c1"/>
      </object_component>
      <object_component id="oc-30">
         <name>.debug_line</name>
         <load_address>0x8259</load_address>
         <run_address>0x8259</run_address>
         <size>0x3a</size>
         <input_file_ref idref="fl-c1"/>
      </object_component>
      <object_component id="oc-100">
         <name>.debug_line</name>
         <load_address>0x8293</load_address>
         <run_address>0x8293</run_address>
         <size>0x9a</size>
         <input_file_ref idref="fl-c1"/>
      </object_component>
      <object_component id="oc-7b">
         <name>.debug_line</name>
         <load_address>0x832d</load_address>
         <run_address>0x832d</run_address>
         <size>0x96</size>
         <input_file_ref idref="fl-c1"/>
      </object_component>
      <object_component id="oc-77">
         <name>.debug_line</name>
         <load_address>0x83c3</load_address>
         <run_address>0x83c3</run_address>
         <size>0x33</size>
         <input_file_ref idref="fl-c2"/>
      </object_component>
      <object_component id="oc-59">
         <name>.debug_line</name>
         <load_address>0x83f6</load_address>
         <run_address>0x83f6</run_address>
         <size>0x45</size>
         <input_file_ref idref="fl-c2"/>
      </object_component>
      <object_component id="oc-3b">
         <name>.debug_line</name>
         <load_address>0x843b</load_address>
         <run_address>0x843b</run_address>
         <size>0x88</size>
         <input_file_ref idref="fl-c3"/>
      </object_component>
      <object_component id="oc-8e">
         <name>.debug_line</name>
         <load_address>0x84c3</load_address>
         <run_address>0x84c3</run_address>
         <size>0x79</size>
         <input_file_ref idref="fl-c4"/>
      </object_component>
      <object_component id="oc-1df">
         <name>.debug_line</name>
         <load_address>0x853c</load_address>
         <run_address>0x853c</run_address>
         <size>0xbf</size>
         <input_file_ref idref="fl-c5"/>
      </object_component>
      <object_component id="oc-11a">
         <name>.debug_line</name>
         <load_address>0x85fb</load_address>
         <run_address>0x85fb</run_address>
         <size>0x6f</size>
         <input_file_ref idref="fl-c5"/>
      </object_component>
      <object_component id="oc-1e3">
         <name>.debug_line</name>
         <load_address>0x866a</load_address>
         <run_address>0x866a</run_address>
         <size>0x2e</size>
         <input_file_ref idref="fl-c5"/>
      </object_component>
      <object_component id="oc-1f7">
         <name>.debug_line</name>
         <load_address>0x8698</load_address>
         <run_address>0x8698</run_address>
         <size>0x9a</size>
         <input_file_ref idref="fl-c5"/>
      </object_component>
      <object_component id="oc-1e8">
         <name>.debug_line</name>
         <load_address>0x8732</load_address>
         <run_address>0x8732</run_address>
         <size>0x97</size>
         <input_file_ref idref="fl-c5"/>
      </object_component>
      <object_component id="oc-1ed">
         <name>.debug_line</name>
         <load_address>0x87c9</load_address>
         <run_address>0x87c9</run_address>
         <size>0x93</size>
         <input_file_ref idref="fl-c5"/>
      </object_component>
      <object_component id="oc-97">
         <name>.debug_line</name>
         <load_address>0x885c</load_address>
         <run_address>0x885c</run_address>
         <size>0x40</size>
         <input_file_ref idref="fl-c6"/>
      </object_component>
      <object_component id="oc-10f">
         <name>.debug_line</name>
         <load_address>0x889c</load_address>
         <run_address>0x889c</run_address>
         <size>0x3c</size>
         <input_file_ref idref="fl-c8"/>
      </object_component>
      <object_component id="oc-6e">
         <name>.debug_frame</name>
         <load_address>0x0</load_address>
         <run_address>0x0</run_address>
         <size>0x3494</size>
         <input_file_ref idref="fl-2"/>
      </object_component>
      <object_component id="oc-d5">
         <name>.debug_frame</name>
         <load_address>0x3494</load_address>
         <run_address>0x3494</run_address>
         <size>0x2dc</size>
         <input_file_ref idref="fl-3"/>
      </object_component>
      <object_component id="oc-6b">
         <name>.debug_frame</name>
         <load_address>0x3770</load_address>
         <run_address>0x3770</run_address>
         <size>0x6c</size>
         <input_file_ref idref="fl-4"/>
      </object_component>
      <object_component id="oc-aa">
         <name>.debug_frame</name>
         <load_address>0x37dc</load_address>
         <run_address>0x37dc</run_address>
         <size>0x70</size>
         <input_file_ref idref="fl-5"/>
      </object_component>
      <object_component id="oc-4a">
         <name>.debug_frame</name>
         <load_address>0x384c</load_address>
         <run_address>0x384c</run_address>
         <size>0x54</size>
         <input_file_ref idref="fl-bf"/>
      </object_component>
      <object_component id="oc-22">
         <name>.debug_frame</name>
         <load_address>0x38a0</load_address>
         <run_address>0x38a0</run_address>
         <size>0x54</size>
         <input_file_ref idref="fl-c0"/>
      </object_component>
      <object_component id="oc-1a">
         <name>.debug_frame</name>
         <load_address>0x38f4</load_address>
         <run_address>0x38f4</run_address>
         <size>0x60</size>
         <input_file_ref idref="fl-c1"/>
      </object_component>
      <object_component id="oc-5a">
         <name>.debug_frame</name>
         <load_address>0x3954</load_address>
         <run_address>0x3954</run_address>
         <size>0x50</size>
         <input_file_ref idref="fl-c2"/>
      </object_component>
      <object_component id="oc-11e">
         <name>.debug_frame</name>
         <load_address>0x39a4</load_address>
         <run_address>0x39a4</run_address>
         <size>0x5c</size>
         <input_file_ref idref="fl-c5"/>
      </object_component>
      <object_component id="oc-98">
         <name>.debug_frame</name>
         <load_address>0x3a00</load_address>
         <run_address>0x3a00</run_address>
         <size>0x54</size>
         <input_file_ref idref="fl-c6"/>
      </object_component>
      <object_component id="oc-112">
         <name>.debug_frame</name>
         <load_address>0x3a54</load_address>
         <run_address>0x3a54</run_address>
         <size>0x54</size>
         <input_file_ref idref="fl-c8"/>
      </object_component>
      <object_component id="oc-172">
         <name>.debug_abbrev</name>
         <load_address>0x0</load_address>
         <run_address>0x0</run_address>
         <size>0xcf</size>
         <input_file_ref idref="fl-2"/>
      </object_component>
      <object_component id="oc-14f">
         <name>.debug_abbrev</name>
         <load_address>0xcf</load_address>
         <run_address>0xcf</run_address>
         <size>0x27</size>
         <input_file_ref idref="fl-2"/>
      </object_component>
      <object_component id="oc-151">
         <name>.debug_abbrev</name>
         <load_address>0xf6</load_address>
         <run_address>0xf6</run_address>
         <size>0x27</size>
         <input_file_ref idref="fl-2"/>
      </object_component>
      <object_component id="oc-155">
         <name>.debug_abbrev</name>
         <load_address>0x11d</load_address>
         <run_address>0x11d</run_address>
         <size>0x27</size>
         <input_file_ref idref="fl-2"/>
      </object_component>
      <object_component id="oc-153">
         <name>.debug_abbrev</name>
         <load_address>0x144</load_address>
         <run_address>0x144</run_address>
         <size>0x27</size>
         <input_file_ref idref="fl-2"/>
      </object_component>
      <object_component id="oc-159">
         <name>.debug_abbrev</name>
         <load_address>0x16b</load_address>
         <run_address>0x16b</run_address>
         <size>0x27</size>
         <input_file_ref idref="fl-2"/>
      </object_component>
      <object_component id="oc-15b">
         <name>.debug_abbrev</name>
         <load_address>0x192</load_address>
         <run_address>0x192</run_address>
         <size>0x27</size>
         <input_file_ref idref="fl-2"/>
      </object_component>
      <object_component id="oc-15d">
         <name>.debug_abbrev</name>
         <load_address>0x1b9</load_address>
         <run_address>0x1b9</run_address>
         <size>0x27</size>
         <input_file_ref idref="fl-2"/>
      </object_component>
      <object_component id="oc-15f">
         <name>.debug_abbrev</name>
         <load_address>0x1e0</load_address>
         <run_address>0x1e0</run_address>
         <size>0x27</size>
         <input_file_ref idref="fl-2"/>
      </object_component>
      <object_component id="oc-161">
         <name>.debug_abbrev</name>
         <load_address>0x207</load_address>
         <run_address>0x207</run_address>
         <size>0x27</size>
         <input_file_ref idref="fl-2"/>
      </object_component>
      <object_component id="oc-163">
         <name>.debug_abbrev</name>
         <load_address>0x22e</load_address>
         <run_address>0x22e</run_address>
         <size>0x27</size>
         <input_file_ref idref="fl-2"/>
      </object_component>
      <object_component id="oc-157">
         <name>.debug_abbrev</name>
         <load_address>0x255</load_address>
         <run_address>0x255</run_address>
         <size>0x29</size>
         <input_file_ref idref="fl-2"/>
      </object_component>
      <object_component id="oc-165">
         <name>.debug_abbrev</name>
         <load_address>0x27e</load_address>
         <run_address>0x27e</run_address>
         <size>0x27</size>
         <input_file_ref idref="fl-2"/>
      </object_component>
      <object_component id="oc-170">
         <name>.debug_abbrev</name>
         <load_address>0x2a5</load_address>
         <run_address>0x2a5</run_address>
         <size>0x29</size>
         <input_file_ref idref="fl-2"/>
      </object_component>
      <object_component id="oc-1a1">
         <name>.debug_abbrev</name>
         <load_address>0x2ce</load_address>
         <run_address>0x2ce</run_address>
         <size>0x29</size>
         <input_file_ref idref="fl-2"/>
      </object_component>
      <object_component id="oc-e1">
         <name>.debug_abbrev</name>
         <load_address>0x2f7</load_address>
         <run_address>0x2f7</run_address>
         <size>0x253</size>
         <input_file_ref idref="fl-2"/>
      </object_component>
      <object_component id="oc-176">
         <name>.debug_abbrev</name>
         <load_address>0x54a</load_address>
         <run_address>0x54a</run_address>
         <size>0x49</size>
         <input_file_ref idref="fl-2"/>
      </object_component>
      <object_component id="oc-180">
         <name>.debug_abbrev</name>
         <load_address>0x593</load_address>
         <run_address>0x593</run_address>
         <size>0xbd</size>
         <input_file_ref idref="fl-2"/>
      </object_component>
      <object_component id="oc-17b">
         <name>.debug_abbrev</name>
         <load_address>0x650</load_address>
         <run_address>0x650</run_address>
         <size>0x49</size>
         <input_file_ref idref="fl-2"/>
      </object_component>
      <object_component id="oc-185">
         <name>.debug_abbrev</name>
         <load_address>0x699</load_address>
         <run_address>0x699</run_address>
         <size>0x97</size>
         <input_file_ref idref="fl-2"/>
      </object_component>
      <object_component id="oc-fa">
         <name>.debug_abbrev</name>
         <load_address>0x730</load_address>
         <run_address>0x730</run_address>
         <size>0x69</size>
         <input_file_ref idref="fl-2"/>
      </object_component>
      <object_component id="oc-18a">
         <name>.debug_abbrev</name>
         <load_address>0x799</load_address>
         <run_address>0x799</run_address>
         <size>0x4b</size>
         <input_file_ref idref="fl-2"/>
      </object_component>
      <object_component id="oc-18f">
         <name>.debug_abbrev</name>
         <load_address>0x7e4</load_address>
         <run_address>0x7e4</run_address>
         <size>0x4b</size>
         <input_file_ref idref="fl-2"/>
      </object_component>
      <object_component id="oc-f3">
         <name>.debug_abbrev</name>
         <load_address>0x82f</load_address>
         <run_address>0x82f</run_address>
         <size>0x4b</size>
         <input_file_ref idref="fl-2"/>
      </object_component>
      <object_component id="oc-194">
         <name>.debug_abbrev</name>
         <load_address>0x87a</load_address>
         <run_address>0x87a</run_address>
         <size>0x4b</size>
         <input_file_ref idref="fl-2"/>
      </object_component>
      <object_component id="oc-e4">
         <name>.debug_abbrev</name>
         <load_address>0x8c5</load_address>
         <run_address>0x8c5</run_address>
         <size>0x1f</size>
         <input_file_ref idref="fl-2"/>
      </object_component>
      <object_component id="oc-1a5">
         <name>.debug_abbrev</name>
         <load_address>0x8e4</load_address>
         <run_address>0x8e4</run_address>
         <size>0x5c</size>
         <input_file_ref idref="fl-2"/>
      </object_component>
      <object_component id="oc-ee">
         <name>.debug_abbrev</name>
         <load_address>0x940</load_address>
         <run_address>0x940</run_address>
         <size>0x24</size>
         <input_file_ref idref="fl-2"/>
      </object_component>
      <object_component id="oc-e9">
         <name>.debug_abbrev</name>
         <load_address>0x964</load_address>
         <run_address>0x964</run_address>
         <size>0x24</size>
         <input_file_ref idref="fl-2"/>
      </object_component>
      <object_component id="oc-199">
         <name>.debug_abbrev</name>
         <load_address>0x988</load_address>
         <run_address>0x988</run_address>
         <size>0x4b</size>
         <input_file_ref idref="fl-2"/>
      </object_component>
      <object_component id="oc-19e">
         <name>.debug_abbrev</name>
         <load_address>0x9d3</load_address>
         <run_address>0x9d3</run_address>
         <size>0x4b</size>
         <input_file_ref idref="fl-2"/>
      </object_component>
      <object_component id="oc-1ce">
         <name>.debug_abbrev</name>
         <load_address>0xa1e</load_address>
         <run_address>0xa1e</run_address>
         <size>0xba</size>
         <input_file_ref idref="fl-3"/>
      </object_component>
      <object_component id="oc-1ca">
         <name>.debug_abbrev</name>
         <load_address>0xad8</load_address>
         <run_address>0xad8</run_address>
         <size>0x29</size>
         <input_file_ref idref="fl-3"/>
      </object_component>
      <object_component id="oc-1cc">
         <name>.debug_abbrev</name>
         <load_address>0xb01</load_address>
         <run_address>0xb01</run_address>
         <size>0x29</size>
         <input_file_ref idref="fl-3"/>
      </object_component>
      <object_component id="oc-16e">
         <name>.debug_abbrev</name>
         <load_address>0xb2a</load_address>
         <run_address>0xb2a</run_address>
         <size>0xd6</size>
         <input_file_ref idref="fl-3"/>
      </object_component>
      <object_component id="oc-34">
         <name>.debug_abbrev</name>
         <load_address>0xc00</load_address>
         <run_address>0xc00</run_address>
         <size>0x1f</size>
         <input_file_ref idref="fl-3"/>
      </object_component>
      <object_component id="oc-f6">
         <name>.debug_abbrev</name>
         <load_address>0xc1f</load_address>
         <run_address>0xc1f</run_address>
         <size>0x7c</size>
         <input_file_ref idref="fl-4"/>
      </object_component>
      <object_component id="oc-73">
         <name>.debug_abbrev</name>
         <load_address>0xc9b</load_address>
         <run_address>0xc9b</run_address>
         <size>0x29</size>
         <input_file_ref idref="fl-4"/>
      </object_component>
      <object_component id="oc-ab">
         <name>.debug_abbrev</name>
         <load_address>0xcc4</load_address>
         <run_address>0xcc4</run_address>
         <size>0x89</size>
         <input_file_ref idref="fl-4"/>
      </object_component>
      <object_component id="oc-1c8">
         <name>.debug_abbrev</name>
         <load_address>0xd4d</load_address>
         <run_address>0xd4d</run_address>
         <size>0x29</size>
         <input_file_ref idref="fl-5"/>
      </object_component>
      <object_component id="oc-14e">
         <name>.debug_abbrev</name>
         <load_address>0xd76</load_address>
         <run_address>0xd76</run_address>
         <size>0x8b</size>
         <input_file_ref idref="fl-5"/>
      </object_component>
      <object_component id="oc-109">
         <name>.debug_abbrev</name>
         <load_address>0xe01</load_address>
         <run_address>0xe01</run_address>
         <size>0x5d</size>
         <input_file_ref idref="fl-bf"/>
      </object_component>
      <object_component id="oc-92">
         <name>.debug_abbrev</name>
         <load_address>0xe5e</load_address>
         <run_address>0xe5e</run_address>
         <size>0x74</size>
         <input_file_ref idref="fl-bf"/>
      </object_component>
      <object_component id="oc-89">
         <name>.debug_abbrev</name>
         <load_address>0xed2</load_address>
         <run_address>0xed2</run_address>
         <size>0x24</size>
         <input_file_ref idref="fl-bf"/>
      </object_component>
      <object_component id="oc-106">
         <name>.debug_abbrev</name>
         <load_address>0xef6</load_address>
         <run_address>0xef6</run_address>
         <size>0x24</size>
         <input_file_ref idref="fl-bf"/>
      </object_component>
      <object_component id="oc-84">
         <name>.debug_abbrev</name>
         <load_address>0xf1a</load_address>
         <run_address>0xf1a</run_address>
         <size>0x37</size>
         <input_file_ref idref="fl-c0"/>
      </object_component>
      <object_component id="oc-3c">
         <name>.debug_abbrev</name>
         <load_address>0xf51</load_address>
         <run_address>0xf51</run_address>
         <size>0x74</size>
         <input_file_ref idref="fl-c0"/>
      </object_component>
      <object_component id="oc-3f">
         <name>.debug_abbrev</name>
         <load_address>0xfc5</load_address>
         <run_address>0xfc5</run_address>
         <size>0x24</size>
         <input_file_ref idref="fl-c0"/>
      </object_component>
      <object_component id="oc-81">
         <name>.debug_abbrev</name>
         <load_address>0xfe9</load_address>
         <run_address>0xfe9</run_address>
         <size>0x24</size>
         <input_file_ref idref="fl-c0"/>
      </object_component>
      <object_component id="oc-102">
         <name>.debug_abbrev</name>
         <load_address>0x100d</load_address>
         <run_address>0x100d</run_address>
         <size>0x37</size>
         <input_file_ref idref="fl-c1"/>
      </object_component>
      <object_component id="oc-2c">
         <name>.debug_abbrev</name>
         <load_address>0x1044</load_address>
         <run_address>0x1044</run_address>
         <size>0x6f</size>
         <input_file_ref idref="fl-c1"/>
      </object_component>
      <object_component id="oc-2f">
         <name>.debug_abbrev</name>
         <load_address>0x10b3</load_address>
         <run_address>0x10b3</run_address>
         <size>0x24</size>
         <input_file_ref idref="fl-c1"/>
      </object_component>
      <object_component id="oc-ff">
         <name>.debug_abbrev</name>
         <load_address>0x10d7</load_address>
         <run_address>0x10d7</run_address>
         <size>0x35</size>
         <input_file_ref idref="fl-c1"/>
      </object_component>
      <object_component id="oc-7a">
         <name>.debug_abbrev</name>
         <load_address>0x110c</load_address>
         <run_address>0x110c</run_address>
         <size>0x24</size>
         <input_file_ref idref="fl-c1"/>
      </object_component>
      <object_component id="oc-76">
         <name>.debug_abbrev</name>
         <load_address>0x1130</load_address>
         <run_address>0x1130</run_address>
         <size>0x29</size>
         <input_file_ref idref="fl-c2"/>
      </object_component>
      <object_component id="oc-9c">
         <name>.debug_abbrev</name>
         <load_address>0x1159</load_address>
         <run_address>0x1159</run_address>
         <size>0x55</size>
         <input_file_ref idref="fl-c2"/>
      </object_component>
      <object_component id="oc-7e">
         <name>.debug_abbrev</name>
         <load_address>0x11ae</load_address>
         <run_address>0x11ae</run_address>
         <size>0x3e</size>
         <input_file_ref idref="fl-c3"/>
      </object_component>
      <object_component id="oc-10b">
         <name>.debug_abbrev</name>
         <load_address>0x11ec</load_address>
         <run_address>0x11ec</run_address>
         <size>0x4f</size>
         <input_file_ref idref="fl-c4"/>
      </object_component>
      <object_component id="oc-1de">
         <name>.debug_abbrev</name>
         <load_address>0x123b</load_address>
         <run_address>0x123b</run_address>
         <size>0xc0</size>
         <input_file_ref idref="fl-c5"/>
      </object_component>
      <object_component id="oc-1b2">
         <name>.debug_abbrev</name>
         <load_address>0x12fb</load_address>
         <run_address>0x12fb</run_address>
         <size>0x7e</size>
         <input_file_ref idref="fl-c5"/>
      </object_component>
      <object_component id="oc-1e2">
         <name>.debug_abbrev</name>
         <load_address>0x1379</load_address>
         <run_address>0x1379</run_address>
         <size>0x24</size>
         <input_file_ref idref="fl-c5"/>
      </object_component>
      <object_component id="oc-1f6">
         <name>.debug_abbrev</name>
         <load_address>0x139d</load_address>
         <run_address>0x139d</run_address>
         <size>0x24</size>
         <input_file_ref idref="fl-c5"/>
      </object_component>
      <object_component id="oc-1e7">
         <name>.debug_abbrev</name>
         <load_address>0x13c1</load_address>
         <run_address>0x13c1</run_address>
         <size>0x24</size>
         <input_file_ref idref="fl-c5"/>
      </object_component>
      <object_component id="oc-1ec">
         <name>.debug_abbrev</name>
         <load_address>0x13e5</load_address>
         <run_address>0x13e5</run_address>
         <size>0x4b</size>
         <input_file_ref idref="fl-c5"/>
      </object_component>
      <object_component id="oc-10c">
         <name>.debug_abbrev</name>
         <load_address>0x1430</load_address>
         <run_address>0x1430</run_address>
         <size>0x55</size>
         <input_file_ref idref="fl-c6"/>
      </object_component>
      <object_component id="oc-1a8">
         <name>.debug_abbrev</name>
         <load_address>0x1485</load_address>
         <run_address>0x1485</run_address>
         <size>0x45</size>
         <input_file_ref idref="fl-c8"/>
      </object_component>
      <object_component id="oc-237">
         <name>.debug_abbrev</name>
         <load_address>0x14ca</load_address>
         <run_address>0x14ca</run_address>
         <size>0xf</size>
      </object_component>
      <object_component id="oc-178">
         <name>.debug_str</name>
         <load_address>0x0</load_address>
         <run_address>0x0</run_address>
         <size>0x120</size>
         <input_file_ref idref="fl-2"/>
      </object_component>
      <object_component id="oc-182">
         <name>.debug_str</name>
         <load_address>0x120</load_address>
         <run_address>0x120</run_address>
         <size>0x15b8</size>
         <input_file_ref idref="fl-2"/>
      </object_component>
      <object_component id="oc-17d">
         <name>.debug_str</name>
         <load_address>0x16d8</load_address>
         <run_address>0x16d8</run_address>
         <size>0x26c</size>
         <input_file_ref idref="fl-2"/>
      </object_component>
      <object_component id="oc-187">
         <name>.debug_str</name>
         <load_address>0x1944</load_address>
         <run_address>0x1944</run_address>
         <size>0x474</size>
         <input_file_ref idref="fl-2"/>
      </object_component>
      <object_component id="oc-fc">
         <name>.debug_str</name>
         <load_address>0x1db8</load_address>
         <run_address>0x1db8</run_address>
         <size>0x29f</size>
         <input_file_ref idref="fl-2"/>
      </object_component>
      <object_component id="oc-18c">
         <name>.debug_str</name>
         <load_address>0x2057</load_address>
         <run_address>0x2057</run_address>
         <size>0x14c</size>
         <input_file_ref idref="fl-2"/>
      </object_component>
      <object_component id="oc-191">
         <name>.debug_str</name>
         <load_address>0x21a3</load_address>
         <run_address>0x21a3</run_address>
         <size>0x106</size>
         <input_file_ref idref="fl-2"/>
      </object_component>
      <object_component id="oc-f5">
         <name>.debug_str</name>
         <load_address>0x22a9</load_address>
         <run_address>0x22a9</run_address>
         <size>0x116</size>
         <input_file_ref idref="fl-2"/>
      </object_component>
      <object_component id="oc-196">
         <name>.debug_str</name>
         <load_address>0x23bf</load_address>
         <run_address>0x23bf</run_address>
         <size>0x324</size>
         <input_file_ref idref="fl-2"/>
      </object_component>
      <object_component id="oc-e6">
         <name>.debug_str</name>
         <load_address>0x26e3</load_address>
         <run_address>0x26e3</run_address>
         <size>0xfd</size>
         <input_file_ref idref="fl-2"/>
      </object_component>
      <object_component id="oc-1a7">
         <name>.debug_str</name>
         <load_address>0x27e0</load_address>
         <run_address>0x27e0</run_address>
         <size>0x335</size>
         <input_file_ref idref="fl-2"/>
      </object_component>
      <object_component id="oc-f0">
         <name>.debug_str</name>
         <load_address>0x2b15</load_address>
         <run_address>0x2b15</run_address>
         <size>0x1aa</size>
         <input_file_ref idref="fl-2"/>
      </object_component>
      <object_component id="oc-eb">
         <name>.debug_str</name>
         <load_address>0x2cbf</load_address>
         <run_address>0x2cbf</run_address>
         <size>0x137</size>
         <input_file_ref idref="fl-2"/>
      </object_component>
      <object_component id="oc-19b">
         <name>.debug_str</name>
         <load_address>0x2df6</load_address>
         <run_address>0x2df6</run_address>
         <size>0x17c</size>
         <input_file_ref idref="fl-2"/>
      </object_component>
      <object_component id="oc-1a0">
         <name>.debug_str</name>
         <load_address>0x2f72</load_address>
         <run_address>0x2f72</run_address>
         <size>0x161</size>
         <input_file_ref idref="fl-2"/>
      </object_component>
      <object_component id="oc-36">
         <name>.debug_str</name>
         <load_address>0x30d3</load_address>
         <run_address>0x30d3</run_address>
         <size>0xfd</size>
         <input_file_ref idref="fl-3"/>
      </object_component>
      <object_component id="oc-8b">
         <name>.debug_str</name>
         <load_address>0x31d0</load_address>
         <run_address>0x31d0</run_address>
         <size>0x105</size>
         <input_file_ref idref="fl-bf"/>
      </object_component>
      <object_component id="oc-108">
         <name>.debug_str</name>
         <load_address>0x32d5</load_address>
         <run_address>0x32d5</run_address>
         <size>0x140</size>
         <input_file_ref idref="fl-bf"/>
      </object_component>
      <object_component id="oc-41">
         <name>.debug_str</name>
         <load_address>0x3415</load_address>
         <run_address>0x3415</run_address>
         <size>0x10b</size>
         <input_file_ref idref="fl-c0"/>
      </object_component>
      <object_component id="oc-83">
         <name>.debug_str</name>
         <load_address>0x3520</load_address>
         <run_address>0x3520</run_address>
         <size>0x140</size>
         <input_file_ref idref="fl-c0"/>
      </object_component>
      <object_component id="oc-31">
         <name>.debug_str</name>
         <load_address>0x3660</load_address>
         <run_address>0x3660</run_address>
         <size>0x118</size>
         <input_file_ref idref="fl-c1"/>
      </object_component>
      <object_component id="oc-101">
         <name>.debug_str</name>
         <load_address>0x3778</load_address>
         <run_address>0x3778</run_address>
         <size>0x16b</size>
         <input_file_ref idref="fl-c1"/>
      </object_component>
      <object_component id="oc-7c">
         <name>.debug_str</name>
         <load_address>0x38e3</load_address>
         <run_address>0x38e3</run_address>
         <size>0x158</size>
         <input_file_ref idref="fl-c1"/>
      </object_component>
      <object_component id="oc-1e4">
         <name>.debug_str</name>
         <load_address>0x3a3b</load_address>
         <run_address>0x3a3b</run_address>
         <size>0xed</size>
         <input_file_ref idref="fl-c5"/>
      </object_component>
      <object_component id="oc-1f8">
         <name>.debug_str</name>
         <load_address>0x3b28</load_address>
         <run_address>0x3b28</run_address>
         <size>0x157</size>
         <input_file_ref idref="fl-c5"/>
      </object_component>
      <object_component id="oc-1e9">
         <name>.debug_str</name>
         <load_address>0x3c7f</load_address>
         <run_address>0x3c7f</run_address>
         <size>0x150</size>
         <input_file_ref idref="fl-c5"/>
      </object_component>
      <object_component id="oc-1ee">
         <name>.debug_str</name>
         <load_address>0x3dcf</load_address>
         <run_address>0x3dcf</run_address>
         <size>0x197</size>
         <input_file_ref idref="fl-c5"/>
      </object_component>
      <object_component id="oc-71">
         <name>.debug_aranges</name>
         <load_address>0x0</load_address>
         <run_address>0x0</run_address>
         <size>0x1138</size>
         <input_file_ref idref="fl-2"/>
      </object_component>
      <object_component id="oc-d2">
         <name>.debug_aranges</name>
         <load_address>0x1138</load_address>
         <run_address>0x1138</run_address>
         <size>0xe8</size>
         <input_file_ref idref="fl-3"/>
      </object_component>
      <object_component id="oc-6a">
         <name>.debug_aranges</name>
         <load_address>0x1220</load_address>
         <run_address>0x1220</run_address>
         <size>0x28</size>
         <input_file_ref idref="fl-4"/>
      </object_component>
      <object_component id="oc-a8">
         <name>.debug_aranges</name>
         <load_address>0x1248</load_address>
         <run_address>0x1248</run_address>
         <size>0x28</size>
         <input_file_ref idref="fl-5"/>
      </object_component>
      <object_component id="oc-4b">
         <name>.debug_aranges</name>
         <load_address>0x1270</load_address>
         <run_address>0x1270</run_address>
         <size>0x20</size>
         <input_file_ref idref="fl-bf"/>
      </object_component>
      <object_component id="oc-1f">
         <name>.debug_aranges</name>
         <load_address>0x1290</load_address>
         <run_address>0x1290</run_address>
         <size>0x20</size>
         <input_file_ref idref="fl-c0"/>
      </object_component>
      <object_component id="oc-18">
         <name>.debug_aranges</name>
         <load_address>0x12b0</load_address>
         <run_address>0x12b0</run_address>
         <size>0x20</size>
         <input_file_ref idref="fl-c1"/>
      </object_component>
      <object_component id="oc-57">
         <name>.debug_aranges</name>
         <load_address>0x12d0</load_address>
         <run_address>0x12d0</run_address>
         <size>0x20</size>
         <input_file_ref idref="fl-c2"/>
      </object_component>
      <object_component id="oc-38">
         <name>.debug_aranges</name>
         <load_address>0x12f0</load_address>
         <run_address>0x12f0</run_address>
         <size>0x20</size>
         <input_file_ref idref="fl-c3"/>
      </object_component>
      <object_component id="oc-90">
         <name>.debug_aranges</name>
         <load_address>0x1310</load_address>
         <run_address>0x1310</run_address>
         <size>0x28</size>
         <input_file_ref idref="fl-c4"/>
      </object_component>
      <object_component id="oc-11d">
         <name>.debug_aranges</name>
         <load_address>0x1338</load_address>
         <run_address>0x1338</run_address>
         <size>0x20</size>
         <input_file_ref idref="fl-c5"/>
      </object_component>
      <object_component id="oc-96">
         <name>.debug_aranges</name>
         <load_address>0x1358</load_address>
         <run_address>0x1358</run_address>
         <size>0x20</size>
         <input_file_ref idref="fl-c6"/>
      </object_component>
      <object_component id="oc-10e">
         <name>.debug_aranges</name>
         <load_address>0x1378</load_address>
         <run_address>0x1378</run_address>
         <size>0x20</size>
         <input_file_ref idref="fl-c8"/>
      </object_component>
      <object_component id="oc-db">
         <name>.debug_pubnames</name>
         <load_address>0x0</load_address>
         <run_address>0x0</run_address>
         <size>0x3d</size>
         <input_file_ref idref="fl-2"/>
      </object_component>
      <object_component id="oc-ae">
         <name>.debug_pubnames</name>
         <load_address>0x3d</load_address>
         <run_address>0x3d</run_address>
         <size>0x1f</size>
         <input_file_ref idref="fl-2"/>
      </object_component>
      <object_component id="oc-b1">
         <name>.debug_pubnames</name>
         <load_address>0x5c</load_address>
         <run_address>0x5c</run_address>
         <size>0x2c</size>
         <input_file_ref idref="fl-2"/>
      </object_component>
      <object_component id="oc-b7">
         <name>.debug_pubnames</name>
         <load_address>0x88</load_address>
         <run_address>0x88</run_address>
         <size>0x27</size>
         <input_file_ref idref="fl-2"/>
      </object_component>
      <object_component id="oc-b4">
         <name>.debug_pubnames</name>
         <load_address>0xaf</load_address>
         <run_address>0xaf</run_address>
         <size>0x28</size>
         <input_file_ref idref="fl-2"/>
      </object_component>
      <object_component id="oc-bd">
         <name>.debug_pubnames</name>
         <load_address>0xd7</load_address>
         <run_address>0xd7</run_address>
         <size>0x24</size>
         <input_file_ref idref="fl-2"/>
      </object_component>
      <object_component id="oc-c0">
         <name>.debug_pubnames</name>
[...]
         <value>0x581</value>
         <object_component_ref idref="oc-6d"/>
      </symbol>
      <symbol id="sm-c10">
         <name>Timer_A_getInterruptStatus</name>
         <value>0x66d7</value>
         <object_component_ref idref="oc-6d"/>
      </symbol>
      <symbol id="sm-c11">
         <name>CS_disableFaultCounter</name>
         <value>0x7a21</value>
         <object_component_ref idref="oc-6d"/>
      </symbol>
      <symbol id="sm-c12">
         <name>DMA_disableChannel</name>
         <value>0x14eb</value>
         <object_component_ref idref="oc-6d"/>
      </symbol>
      <symbol id="sm-c13">
         <name>AES256_setCipherKey</name>
         <value>0x995</value>
         <object_component_ref idref="oc-6d"/>
      </symbol>
      <symbol id="sm-c14">
         <name>SysTick_unregisterInterrupt</name>
         <value>0x5fb3</value>
         <object_component_ref idref="oc-6d"/>
      </symbol>
      <symbol id="sm-c15">
         <name>SysCtl_enableSRAMBankRetention</name>
         <value>0x5ead</value>
         <object_component_ref idref="oc-6d"/>
      </symbol>
      <symbol id="sm-c16">
         <name>DMA_getControlAlternateBase</name>
         <value>0x1547</value>
         <object_component_ref idref="oc-6d"/>
      </symbol>
      <symbol id="sm-c17">
         <name>Timer_A_enableInterrupt</name>
         <value>0x66af</value>
         <object_component_ref idref="oc-6d"/>
      </symbol>
      <symbol id="sm-c18">
         <name>SPI_enableInterrupt</name>
         <value>0x57a9</value>
         <object_component_ref idref="oc-6d"/>
      </symbol>
      <symbol id="sm-c19">
         <name>CRC32_set32BitDataReversed</name>
         <value>0x143d</value>
         <object_component_ref idref="oc-6d"/>
      </symbol>
      <symbol id="sm-c1a">
         <name>CRC32_getResult</name>
         <value>0x145d</value>
         <object_component_ref idref="oc-6d"/>
      </symbol>
      <symbol id="sm-c1b">
         <name>MPU_enableInterrupt</name>
         <value>0x4391</value>
         <object_component_ref idref="oc-6d"/>
      </symbol>
      <symbol id="sm-c1c">
         <name>DMA_enableChannelAttribute</name>
         <value>0x1569</value>
         <object_component_ref idref="oc-6d"/>
      </symbol>
      <symbol id="sm-c1d">
         <name>Interrupt_isEnabled</name>
         <value>0x4121</value>
         <object_component_ref idref="oc-6d"/>
      </symbol>
      <symbol id="sm-c1e">
         <name>PCM_disableRudeMode</name>
         <value>0x4b65</value>
         <object_component_ref idref="oc-6d"/>
      </symbol>
      <symbol id="sm-c1f">
         <name>ResetCtl_initiateSoftResetWithSource</name>
         <value>0x4e97</value>
         <object_component_ref idref="oc-6d"/>
      </symbol>
      <symbol id="sm-c20">
         <name>ADC14_getResult</name>
         <value>0x71f</value>
         <object_component_ref idref="oc-6d"/>
      </symbol>
      <symbol id="sm-c21">
         <name>DMA_clearErrorStatus</name>
         <value>0x14cb</value>
         <object_component_ref idref="oc-6d"/>
      </symbol>
      <symbol id="sm-c22">
         <name>SysTick_enableModule</name>
         <value>0x5f8d</value>
         <object_component_ref idref="oc-6d"/>
      </symbol>
      <symbol id="sm-c23">
         <name>Timer32_clearInterruptFlag</name>
         <value>0x6151</value>
         <object_component_ref idref="oc-6d"/>
      </symbol>
      <symbol id="sm-c24">
         <name>REF_A_isBandgapActive</name>
         <value>0x4e35</value>
         <object_component_ref idref="oc-6d"/>
      </symbol>
      <symbol id="sm-c25">
         <name>SPI_disableInterrupt</name>
         <value>0x57cf</value>
         <object_component_ref idref="oc-6d"/>
      </symbol>
      <symbol id="sm-c26">
         <name>RTC_C_clearInterruptFlag</name>
         <value>0x542d</value>
         <object_component_ref idref="oc-6d"/>
      </symbol>
      <symbol id="sm-c27">
         <name>CRC32_set8BitDataReversed</name>
         <value>0x13f1</value>
         <object_component_ref idref="oc-6d"/>
      </symbol>
      <symbol id="sm-c28">
         <name>FlashCtl_programMemory</name>
         <value>0x29c9</value>
         <object_component_ref idref="oc-6d"/>
      </symbol>
      <symbol id="sm-c29">
         <name>COMP_E_setReferenceVoltage</name>
         <value>0x1093</value>
         <object_component_ref idref="oc-6d"/>
      </symbol>
      <symbol id="sm-c2a">
         <name>PSS_disableInterrupt</name>
         <value>0x4d93</value>
         <object_component_ref idref="oc-6d"/>
      </symbol>
      <symbol id="sm-c2b">
         <name>Interrupt_pendInterrupt</name>
         <value>0x41ad</value>
         <object_component_ref idref="oc-6d"/>
      </symbol>
      <symbol id="sm-c2c">
         <name>ADC14_registerInterrupt</name>
         <value>0x95d</value>
         <object_component_ref idref="oc-6d"/>
      </symbol>
      <symbol id="sm-c2d">
         <name>Timer_A_unregisterInterrupt</name>
         <value>0x688b</value>
         <object_component_ref idref="oc-6d"/>
      </symbol>
      <symbol id="sm-c2e">
         <name>I2C_getTransmitBufferAddressForDMA</name>
         <value>0x3ced</value>
         <object_component_ref idref="oc-6d"/>
      </symbol>
      <symbol id="sm-c2f">
         <name>COMP_E_setPowerMode</name>
         <value>0x1125</value>
         <object_component_ref idref="oc-6d"/>
      </symbol>
      <symbol id="sm-c99">
         <name>OLED_DC_Clr</name>
         <value>0x837d</value>
         <object_component_ref idref="oc-d0"/>
      </symbol>
      <symbol id="sm-c9a">
         <name>OLED_CS_Clr</name>
         <value>0x834d</value>
         <object_component_ref idref="oc-d0"/>
      </symbol>
      <symbol id="sm-c9b">
         <name>OLED_SCLK_Clr</name>
         <value>0x8395</value>
         <object_component_ref idref="oc-d0"/>
      </symbol>
      <symbol id="sm-c9c">
         <name>OLED_ShowNum</name>
         <value>0x8725</value>
         <object_component_ref idref="oc-d0"/>
      </symbol>
      <symbol id="sm-c9d">
         <name>OLED_SDIN_Clr</name>
         <value>0x83ad</value>
         <object_component_ref idref="oc-d0"/>
      </symbol>
      <symbol id="sm-c9e">
         <name>OLED_SCLK_Set</name>
         <value>0x83a1</value>
         <object_component_ref idref="oc-d0"/>
      </symbol>
      <symbol id="sm-c9f">
         <name>OLED_RST_Set</name>
         <value>0x8371</value>
         <object_component_ref idref="oc-d0"/>
      </symbol>
      <symbol id="sm-ca0">
         <name>OLED_WR_Byte</name>
         <value>0x83f7</value>
         <object_component_ref idref="oc-d0"/>
      </symbol>
      <symbol id="sm-ca1">
         <name>Hzk</name>
         <value>0x9024</value>
         <object_component_ref idref="oc-16b"/>
      </symbol>
      <symbol id="sm-ca2">
         <name>OLED_Init</name>
         <value>0x89b5</value>
         <object_component_ref idref="oc-d0"/>
      </symbol>
      <symbol id="sm-ca3">
         <name>OLED_DC_Set</name>
         <value>0x8389</value>
         <object_component_ref idref="oc-d0"/>
      </symbol>
      <symbol id="sm-ca4">
         <name>OLED_CS_Set</name>
         <value>0x8359</value>
         <object_component_ref idref="oc-d0"/>
      </symbol>
      <symbol id="sm-ca5">
         <name>F8X16</name>
         <value>0x9664</value>
         <object_component_ref idref="oc-168"/>
      </symbol>
      <symbol id="sm-ca6">
         <name>OLED_ShowString</name>
         <value>0x87ed</value>
         <object_component_ref idref="oc-d0"/>
      </symbol>
      <symbol id="sm-ca7">
         <name>OLED_ShowChar</name>
         <value>0x8625</value>
         <object_component_ref idref="oc-d0"/>
      </symbol>
      <symbol id="sm-ca8">
         <name>OLED_DrawPoint</name>
         <value>0x8463</value>
         <object_component_ref idref="oc-d0"/>
      </symbol>
      <symbol id="sm-ca9">
         <name>init</name>
         <value>0x8321</value>
         <object_component_ref idref="oc-d0"/>
      </symbol>
      <symbol id="sm-caa">
         <name>OLED_Clear</name>
         <value>0x85bb</value>
         <object_component_ref idref="oc-d0"/>
      </symbol>
      <symbol id="sm-cab">
         <name>OLED_RST_Clr</name>
         <value>0x8365</value>
         <object_component_ref idref="oc-d0"/>
      </symbol>
      <symbol id="sm-cac">
         <name>oled_pow</name>
         <value>0x86ef</value>
         <object_component_ref idref="oc-d0"/>
      </symbol>
      <symbol id="sm-cad">
         <name>OLED_SDIN_Set</name>
         <value>0x83b9</value>
         <object_component_ref idref="oc-d0"/>
      </symbol>
      <symbol id="sm-cae">
         <name>delay_ms</name>
         <value>0x83c5</value>
         <object_component_ref idref="oc-d0"/>
      </symbol>
      <symbol id="sm-caf">
         <name>OLED_ShowCHinese</name>
         <value>0x884f</value>
         <object_component_ref idref="oc-d0"/>
      </symbol>
      <symbol id="sm-cb0">
         <name>OLED_DrawBMP</name>
         <value>0x8905</value>
         <object_component_ref idref="oc-d0"/>
      </symbol>
      <symbol id="sm-cb1">
         <name>OLED_Display_Off</name>
         <value>0x859f</value>
         <object_component_ref idref="oc-d0"/>
      </symbol>
      <symbol id="sm-cb2">
         <name>OLED_Fill</name>
         <value>0x84d3</value>
         <object_component_ref idref="oc-d0"/>
      </symbol>
      <symbol id="sm-cb3">
         <name>OLED_Display_On</name>
         <value>0x8583</value>
         <object_component_ref idref="oc-d0"/>
      </symbol>
      <symbol id="sm-cb4">
         <name>OLED_Set_Pos</name>
         <value>0x8543</value>
         <object_component_ref idref="oc-d0"/>
      </symbol>
      <symbol id="sm-cc9">
         <name>Reset_Handler</name>
         <value>0x9003</value>
         <object_component_ref idref="oc-67"/>
      </symbol>
      <symbol id="sm-cca">
         <name>Default_Handler</name>
         <value>0x900f</value>
         <object_component_ref idref="oc-67"/>
      </symbol>
      <symbol id="sm-ccb">
         <name>interruptVectors</name>
         <value>0x0</value>
         <object_component_ref idref="oc-26"/>
      </symbol>
      <symbol id="sm-d13">
         <name>SystemInit</name>
         <value>0x8d41</value>
         <object_component_ref idref="oc-a5"/>
      </symbol>
      <symbol id="sm-d14">
         <name>SystemCoreClockUpdate</name>
         <value>0x8ac9</value>
         <object_component_ref idref="oc-a5"/>
      </symbol>
      <symbol id="sm-d15">
         <name>SystemCoreClock</name>
         <value>0x2000616c</value>
         <object_component_ref idref="oc-14b"/>
      </symbol>
      <symbol id="sm-d2c">
         <name>__TI_zero_init</name>
         <value>0x9011</value>
         <object_component_ref idref="oc-49"/>
      </symbol>
      <symbol id="sm-d43">
         <name>__TI_decompress_none</name>
         <value>0x8ff5</value>
         <object_component_ref idref="oc-1d"/>
      </symbol>
      <symbol id="sm-d66">
         <name>__TI_decompress_lzss</name>
         <value>0x8f13</value>
         <object_component_ref idref="oc-17"/>
      </symbol>
      <symbol id="sm-d79">
         <name>__stack</name>
         <value>0x2000fe00</value>
         <object_component_ref idref="oc-29"/>
      </symbol>
      <symbol id="sm-d7a">
         <name>_c_int00_noargs</name>
         <value>0x8fc1</value>
         <object_component_ref idref="oc-55"/>
      </symbol>
      <symbol id="sm-d95">
         <name>memcpy</name>
         <value>0x8dfd</value>
         <object_component_ref idref="oc-37"/>
      </symbol>
      <symbol id="sm-d96">
         <name>__aeabi_memcpy</name>
         <value>0x8dfd</value>
         <object_component_ref idref="oc-37"/>
      </symbol>
      <symbol id="sm-d97">
         <name>__aeabi_memcpy8</name>
         <value>0x8dfd</value>
         <object_component_ref idref="oc-37"/>
      </symbol>
      <symbol id="sm-d98">
         <name>__aeabi_memcpy4</name>
         <value>0x8dfd</value>
         <object_component_ref idref="oc-37"/>
      </symbol>
      <symbol id="sm-da7">
         <name>__aeabi_memset</name>
         <value>0x8e9b</value>
         <object_component_ref idref="oc-8d"/>
      </symbol>
      <symbol id="sm-da8">
         <name>memset</name>
         <value>0x8ea1</value>
         <object_component_ref idref="oc-8d"/>
      </symbol>
      <symbol id="sm-da9">
         <name>__aeabi_memset8</name>
         <value>0x8e9b</value>
         <object_component_ref idref="oc-8d"/>
      </symbol>
      <symbol id="sm-daa">
         <name>__aeabi_memset4</name>
         <value>0x8e9b</value>
         <object_component_ref idref="oc-8d"/>
      </symbol>
      <symbol id="sm-dab">
         <name>__aeabi_memclr8</name>
         <value>0x8e99</value>
         <object_component_ref idref="oc-8d"/>
      </symbol>
      <symbol id="sm-dac">
         <name>__aeabi_memclr4</name>
         <value>0x8e99</value>
         <object_component_ref idref="oc-8d"/>
      </symbol>
      <symbol id="sm-dad">
         <name>__aeabi_memclr</name>
         <value>0x8e99</value>
         <object_component_ref idref="oc-8d"/>
      </symbol>
      <symbol id="sm-dd5">
         <name>__TI_auto_init_nobinit_nopinit</name>
         <value>0x8f7d</value>
         <object_component_ref idref="oc-119"/>
      </symbol>
      <symbol id="sm-ddf">
         <name>_system_pre_init</name>
         <value>0x901d</value>
         <object_component_ref idref="oc-93"/>
      </symbol>
      <symbol id="sm-deb">
         <name>C$$EXIT</name>
         <value>0x9021</value>
         <object_component_ref idref="oc-10d"/>
      </symbol>
      <symbol id="sm-dec">
         <name>abort</name>
         <value>0x9021</value>
         <object_component_ref idref="oc-10d"/>
      </symbol>
      <symbol id="sm-def">
         <name>__TI_static_base__</name>
         <value>0x0</value>
      </symbol>
      <symbol id="sm-df2">
         <name>__mpu_init</name>
         <value>0x0</value>
      </symbol>
      <symbol id="sm-df3">
         <name>_system_post_cinit</name>
         <value>0x0</value>
      </symbol>
      <symbol id="sm-df4">
         <name>NMI_Handler</name>
         <value>0x900f</value>
      </symbol>
      <symbol id="sm-df5">
         <name>HardFault_Handler</name>
         <value>0x900f</value>
      </symbol>
      <symbol id="sm-df6">
         <name>MemManage_Handler</name>
         <value>0x900f</value>
      </symbol>
      <symbol id="sm-df7">
         <name>BusFault_Handler</name>
         <value>0x900f</value>
      </symbol>
      <symbol id="sm-df8">
         <name>UsageFault_Handler</name>
         <value>0x900f</value>
      </symbol>
      <symbol id="sm-df9">
         <name>SVC_Handler</name>
         <value>0x900f</value>
      </symbol>
      <symbol id="sm-dfa">
         <name>DebugMon_Handler</name>
         <value>0x900f</value>
      </symbol>
      <symbol id="sm-dfb">
         <name>PendSV_Handler</name>
         <value>0x900f</value>
      </symbol>
      <symbol id="sm-dfc">
         <name>SysTick_Handler</name>
         <value>0x900f</value>
      </symbol>
      <symbol id="sm-dfd">
         <name>PSS_IRQHandler</name>
         <value>0x900f</value>
      </symbol>
      <symbol id="sm-dfe">
         <name>CS_IRQHandler</name>
         <value>0x900f</value>
      </symbol>
      <symbol id="sm-dff">
         <name>PCM_IRQHandler</name>
         <value>0x900f</value>
      </symbol>
      <symbol id="sm-e00">
         <name>WDT_A_IRQHandler</name>
         <value>0x900f</value>
      </symbol>
      <symbol id="sm-e01">
         <name>FPU_IRQHandler</name>
         <value>0x900f</value>
      </symbol>
      <symbol id="sm-e02">
         <name>FLCTL_IRQHandler</name>
         <value>0x900f</value>
      </symbol>
      <symbol id="sm-e03">
         <name>COMP_E0_IRQHandler</name>
         <value>0x900f</value>
      </symbol>
      <symbol id="sm-e04">
         <name>COMP_E1_IRQHandler</name>
         <value>0x900f</value>
      </symbol>
      <symbol id="sm-e05">
         <name>TA0_0_IRQHandler</name>
         <value>0x900f</value>
      </symbol>
      <symbol id="sm-e06">
         <name>TA0_N_IRQHandler</name>
         <value>0x900f</value>
      </symbol>
      <symbol id="sm-e07">
         <name>TA1_0_IRQHandler</name>
         <value>0x900f</value>
      </symbol>
      <symbol id="sm-e08">
         <name>TA1_N_IRQHandler</name>
         <value>0x900f</value>
      </symbol>
      <symbol id="sm-e09">
         <name>TA2_0_IRQHandler</name>
         <value>0x900f</value>
      </symbol>
      <symbol id="sm-e0a">
         <name>TA2_N_IRQHandler</name>
         <value>0x900f</value>
      </symbol>
      <symbol id="sm-e0b">
         <name>TA3_0_IRQHandler</name>
         <value>0x900f</value>
      </symbol>
      <symbol id="sm-e0c">
         <name>TA3_N_IRQHandler</name>
         <value>0x900f</value>
      </symbol>
      <symbol id="sm-e0d">
         <name>EUSCIA0_IRQHandler</name>
         <value>0x900f</value>
      </symbol>
      <symbol id="sm-e0e">
         <name>EUSCIA1_IRQHandler</name>
         <value>0x900f</value>
      </symbol>
      <symbol id="sm-e0f">
         <name>EUSCIA2_IRQHandler</name>
         <value>0x7dd9</value>
      </symbol>
      <symbol id="sm-e10">
         <name>EUSCIA3_IRQHandler</name>
         <value>0x900f</value>
      </symbol>
      <symbol id="sm-e11">
         <name>EUSCIB0_IRQHandler</name>
         <value>0x900f</value>
      </symbol>
      <symbol id="sm-e12">
         <name>EUSCIB1_IRQHandler</name>
         <value>0x900f</value>
      </symbol>
      <symbol id="sm-e13">
         <name>EUSCIB2_IRQHandler</name>
         <value>0x900f</value>
      </symbol>
      <symbol id="sm-e14">
         <name>EUSCIB3_IRQHandler</name>
         <value>0x900f</value>
      </symbol>
      <symbol id="sm-e15">
         <name>ADC14_IRQHandler</name>
         <value>0x900f</value>
      </symbol>
      <symbol id="sm-e16">
         <name>T32_INT1_IRQHandler</name>
         <value>0x900f</value>
      </symbol>
      <symbol id="sm-e17">
         <name>T32_INT2_IRQHandler</name>
         <value>0x900f</value>
      </symbol>
      <symbol id="sm-e18">
         <name>T32_INTC_IRQHandler</name>
         <value>0x900f</value>
      </symbol>
      <symbol id="sm-e19">
         <name>AES256_IRQHandler</name>
         <value>0x900f</value>
      </symbol>
      <symbol id="sm-e1a">
         <name>RTC_C_IRQHandler</name>
         <value>0x900f</value>
      </symbol>
      <symbol id="sm-e1b">
         <name>DMA_ERR_IRQHandler</name>
         <value>0x900f</value>
      </symbol>
      <symbol id="sm-e1c">
         <name>DMA_INT3_IRQHandler</name>
         <value>0x900f</value>
      </symbol>
      <symbol id="sm-e1d">
         <name>DMA_INT2_IRQHandler</name>
         <value>0x900f</value>
      </symbol>
      <symbol id="sm-e1e">
         <name>DMA_INT1_IRQHandler</name>
         <value>0x900f</value>
      </symbol>
      <symbol id="sm-e1f">
         <name>DMA_INT0_IRQHandler</name>
         <value>0x900f</value>
      </symbol>
      <symbol id="sm-e20">
         <name>PORT1_IRQHandler</name>
         <value>0x7be1</value>
      </symbol>
      <symbol id="sm-e21">
         <name>PORT2_IRQHandler</name>
         <value>0x900f</value>
      </symbol>
      <symbol id="sm-e22">
         <name>PORT3_IRQHandler</name>
         <value>0x900f</value>
      </symbol>
      <symbol id="sm-e23">
         <name>PORT4_IRQHandler</name>
         <value>0x900f</value>
      </symbol>
      <symbol id="sm-e24">
         <name>PORT5_IRQHandler</name>
         <value>0x900f</value>
      </symbol>
      <symbol id="sm-e25">
         <name>PORT6_IRQHandler</name>
         <value>0x900f</value>
      </symbol>
   </symbol_table>
   <title>Link successful</title>
</link_info>
