******************************************************************************
                  TI ARM Linker PC v20.2.5                     
******************************************************************************
>> Linked Tue Aug 30 18:06:50 2022

OUTPUT FILE NAME:   <Proj04xunji.out>
ENTRY POINT SYMBOL: "_c_int00_noargs"  address: 00002d75


MEMORY CONFIGURATION

         name            origin    length      used     unused   attr    fill
----------------------  --------  ---------  --------  --------  ----  --------
  MAIN                  00000000   00040000  00003b72  0003c48e  R  X
  INFO                  00200000   00004000  00000000  00004000  R  X
  SRAM_CODE             01000000   00010000  000003c1  0000fc3f  RW X
  SRAM_DATA             20000000   00010000  000003c1  0000fc3f  RW  


SEGMENT ALLOCATION MAP

run origin  load origin   length   init length attrs members
----------  ----------- ---------- ----------- ----- -------
00000000    00000000    00003b78   00003b78    r-x
  00000000    00000000    000000e4   000000e4    r-- .intvecs
  000000e4    000000e4    00002d32   00002d32    r-x .text
  00002e18    00002e18    00000cdc   00000cdc    r-- .const
  00003af8    00003af8    00000080   00000080    r-- .cinit
20000000    20000000    000001c1   00000000    rw-
  20000000    20000000    000000e4   00000000    rw- .vtable
  200000e4    200000e4    000000cc   00000000    rw- .data
  200001b0    200001b0    00000011   00000000    rw- .bss
2000fe00    2000fe00    00000200   00000000    rw-
  2000fe00    2000fe00    00000200   00000000    rw- .stack


SECTION ALLOCATION MAP

 output                                  attributes/
section   page    origin      length       input sections
--------  ----  ----------  ----------   ----------------
.intvecs   0    00000000    000000e4     
                  00000000    000000e4     startup_msp432p401r_ccs.obj (.intvecs:retain)

.text      0    000000e4    00002d32     
                  000000e4    000016dc     xunji.obj (.text)
                  000017c0    00000ff4     oled.obj (.text)
                  000027b4    00000334     system_msp432p401r.obj (.text)
                  00002ae8    0000009c     rtsv7M4_T_le_v4SPD16_eabi.lib : memcpy_t2.asm.obj (.text)
                  00002b84    00000086                                   : fd_cmp_t2.asm.obj (.text:__aeabi_cdcmple)
                  00002c0a    00000086                                   : fd_cmp_t2.asm.obj (.text:__aeabi_cdrcmple)
                  00002c90    00000068                                   : copy_decompress_lzss.c.obj (.text:decompress:lzss:__TI_decompress_lzss)
                  00002cf8    00000044                                   : autoinit.c.obj (.text:__TI_auto_init_nobinit_nopinit:__TI_auto_init_nobinit_nopinit)
                  00002d3c    00000038                                   : fs_tod_t2.asm.obj (.text)
                  00002d74    00000034                                   : boot_cortex_m.c.obj (.text:_c_int00_noargs:_c_int00_noargs)
                  00002da8    0000002e                                   : i_tofd_t2.asm.obj (.text)
                  00002dd6    0000001c                                   : copy_zero_init.c.obj (.text:decompress:ZI:__TI_zero_init_nomemset:__TI_zero_init_nomemset)
                  00002df2    0000000e                                   : copy_decompress_none.c.obj (.text:decompress:none:__TI_decompress_none)
                  00002e00    0000000e     startup_msp432p401r_ccs.obj (.text)
                  00002e0e    00000004     rtsv7M4_T_le_v4SPD16_eabi.lib : pre_init.c.obj (.text:_system_pre_init)
                  00002e12    00000004                                   : exit.c.obj (.text:abort:abort)

.const     0    00002e18    00000cdc     
                  00002e18    00000640     oled.obj (.const:Hzk)
                  00003458    000005f0     oled.obj (.const:.string:F8X16)
                  00003a48    00000050     oled.obj (.const:g_pulRegs)
                  00003a98    00000020     oled.obj (.const:g_pulPriority)
                  00003ab8    0000001c     oled.obj (.const:GPIO_PORT_TO_INT)
                  00003ad4    00000008     oled.obj (.const:g_pulDisRegs)
                  00003adc    00000008     oled.obj (.const:g_pulEnRegs)
                  00003ae4    00000008     oled.obj (.const:g_pulPendRegs)
                  00003aec    00000008     oled.obj (.const:g_pulUnpendRegs)

.cinit     0    00003af8    00000080     
                  00003af8    00000049     (.cinit..data.load) [load image, compression = lzss]
                  00003b41    00000003     --HOLE-- [fill = 0]
                  00003b44    0000000c     (__TI_handler_table)
                  00003b50    00000008     (.cinit..bss.load) [load image, compression = zero_init]
                  00003b58    00000008     (.cinit..vtable.load) [load image, compression = zero_init]
                  00003b60    00000018     (__TI_cinit_table)

.init_array 
*          0    00000000    00000000     UNINITIALIZED

.binit     0    00000000    00000000     

.vtable    0    20000000    000000e4     UNINITIALIZED
                  20000000    000000e4     oled.obj (.vtable)

.data      0    200000e4    000000cc     UNINITIALIZED
                  200000e4    00000098     xunji.obj (.data)
                  2000017c    00000030     oled.obj (.data:GPIO_PORT_TO_BASE)
                  200001ac    00000004     system_msp432p401r.obj (.data)

.bss       0    200001b0    00000011     UNINITIALIZED
                  200001b0    00000011     (.common:sensor)

.stack     0    2000fe00    00000200     UNINITIALIZED
                  2000fe00    00000004     rtsv7M4_T_le_v4SPD16_eabi.lib : boot_cortex_m.c.obj (.stack)
                  2000fe04    000001fc     --HOLE--

__llvm_prf_cnts 
*          0    20000000    00000000     UNINITIALIZED

MODULE SUMMARY

       Module                        code    ro data   rw data
       ------                        ----    -------   -------
    .\
       oled.obj                      4084    3292      552    
       xunji.obj                     5852    0         338    
       system_msp432p401r.obj        820     0         8      
       startup_msp432p401r_ccs.obj   14      228       0      
    +--+-----------------------------+-------+---------+---------+
       Total:                        10770   3520      898    
                                                              
    C:\ti\ccs1110\ccs\tools\compiler\ti-cgt-arm_20.2.5.LTS\lib\rtsv7M4_T_le_v4SPD16_eabi.lib
       fd_cmp_t2.asm.obj             268     0         0      
       memcpy_t2.asm.obj             156     0         0      
       copy_decompress_lzss.c.obj    104     0         0      
       autoinit.c.obj                68      0         0      
       fs_tod_t2.asm.obj             56      0         0      
       boot_cortex_m.c.obj           52      0         0      
       i_tofd_t2.asm.obj             46      0         0      
       copy_zero_init.c.obj          28      0         0      
       copy_decompress_none.c.obj    14      0         0      
       exit.c.obj                    4       0         0      
       pre_init.c.obj                4       0         0      
    +--+-----------------------------+-------+---------+---------+
       Total:                        800     0         0      
                                                              
       Stack:                        0       0         1024   
       Linker Generated:             0       125       0      
    +--+-----------------------------+-------+---------+---------+
       Grand Total:                  11570   3645      1922   


LINKER GENERATED COPY TABLES

__TI_cinit_table @ 00003b60 records: 3, size/record: 8, table size: 24
	.data: load addr=00003af8, load size=00000049 bytes, run addr=200000e4, run size=000000cc bytes, compression=lzss
	.bss: load addr=00003b50, load size=00000008 bytes, run addr=200001b0, run size=00000011 bytes, compression=zero_init
	.vtable: load addr=00003b58, load size=00000008 bytes, run addr=20000000, run size=000000e4 bytes, compression=zero_init


LINKER GENERATED HANDLER TABLE

__TI_handler_table @ 00003b44 records: 3, size/record: 4, table size: 12
	index: 0, handler: __TI_zero_init
	index: 1, handler: __TI_decompress_lzss
	index: 2, handler: __TI_decompress_none


GLOBAL SYMBOLS: SORTED ALPHABETICALLY BY Name 

address   name                                       
-------   ----                                       
00002e0d  ADC14_IRQHandler                           
00002e0d  AES256_IRQHandler                          
00002e0d  BusFault_Handler                           
00002e13  C$$EXIT                                    
000002cf  CLK0                                       
000002db  CLK1                                       
00002e0d  COMP_E0_IRQHandler                         
00002e0d  COMP_E1_IRQHandler                         
00002041  CPU_basepriGet                             
00002033  CPU_basepriSet                             
0000200d  CPU_cpsid                                  
00002023  CPU_cpsie                                  
00002019  CPU_primask                                
0000202f  CPU_wfi                                    
00002e0d  CS_IRQHandler                              
200000fc  D                                          
20000158  DELAY                                      
00002e0d  DMA_ERR_IRQHandler                         
00002e0d  DMA_INT0_IRQHandler                        
00002e0d  DMA_INT1_IRQHandler                        
00002e0d  DMA_INT2_IRQHandler                        
00002e0d  DMA_INT3_IRQHandler                        
00002e0d  DebugMon_Handler                           
00002e0d  Default_Handler                            
00002e0d  EUSCIA0_IRQHandler                         
00002e0d  EUSCIA1_IRQHandler                         
00002e0d  EUSCIA2_IRQHandler                         
00002e0d  EUSCIA3_IRQHandler                         
00002e0d  EUSCIB0_IRQHandler                         
00002e0d  EUSCIB1_IRQHandler                         
00002e0d  EUSCIB2_IRQHandler                         
00002e0d  EUSCIB3_IRQHandler                         
00003458  F8X16                                      
00002e0d  FLCTL_IRQHandler                           
00002e0d  FPU_IRQHandler                             
00001ae3  GPIO_clearInterruptFlag                    
00001aa3  GPIO_disableInterrupt                      
00001a81  GPIO_enableInterrupt                       
00001b3b  GPIO_getEnabledInterruptStatus             
00001a53  GPIO_getInputPinValue                      
00001ac5  GPIO_getInterruptStatus                    
00001b05  GPIO_interruptEdgeSelect                   
00001bfb  GPIO_registerInterrupt                     
000017fb  GPIO_setAsInputPin                         
000019af  GPIO_setAsInputPinWithPullDownResistor     
00001a01  GPIO_setAsInputPinWithPullUpResistor       
000017c1  GPIO_setAsOutputPin                        
000018c5  GPIO_setAsPeripheralModuleFunctionInputPin 
00001841  GPIO_setAsPeripheralModuleFunctionOutputPin
00001bb7  GPIO_setDriveStrengthHigh                  
00001bd9  GPIO_setDriveStrengthLow                   
00001949  GPIO_setOutputHighOnPin                    
0000196b  GPIO_setOutputLowOnPin                     
0000198d  GPIO_toggleOutputOnPin                     
00001c1b  GPIO_unregisterInterrupt                   
00002e0d  HardFault_Handler                          
00002e18  Hzk                                        
200000f8  I                                          
00001dfd  Interrupt_disableInterrupt                 
00001c49  Interrupt_disableMaster                    
00002001  Interrupt_disableSleepOnIsrExit            
00001d8b  Interrupt_enableInterrupt                  
00001c39  Interrupt_enableMaster                     
00001ff5  Interrupt_enableSleepOnIsrExit             
00001d65  Interrupt_getPriority                      
00001cd9  Interrupt_getPriorityGrouping              
00001fcf  Interrupt_getPriorityMask                  
00001fe9  Interrupt_getVectorTableAddress            
00001e75  Interrupt_isEnabled                        
00001f01  Interrupt_pendInterrupt                    
00001c59  Interrupt_registerInterrupt                
00001d15  Interrupt_setPriority                      
00001cbf  Interrupt_setPriorityGrouping              
00001fbf  Interrupt_setPriorityMask                  
00001fd9  Interrupt_setVectorTableAddress            
00001f71  Interrupt_unpendInterrupt                  
00001cab  Interrupt_unregisterInterrupt              
200000ec  Kd                                         
200000e8  Ki                                         
200000e4  Kp                                         
000002b1  LOAD                                       
00000759  LeftMotor_Backward                         
00000659  LeftMotor_Forward                          
000002e7  MISO                                       
00002e0d  MemManage_Handler                          
00002e0d  NMI_Handler                                
0000207d  OLED_CS_Clr                                
0000208d  OLED_CS_Set                                
00002221  OLED_Clear                                 
000020b5  OLED_DC_Clr                                
000020c1  OLED_DC_Set                                
00002201  OLED_Display_Off                           
000021e5  OLED_Display_On                            
00002573  OLED_DrawBMP                               
00002625  OLED_Init                                  
00002735  OLED_Part_Clear                            
00002099  OLED_RST_Clr                               
000020a9  OLED_RST_Set                               
000020cd  OLED_SCLK_Clr                              
000020d9  OLED_SCLK_Set                              
000020e5  OLED_SDIN_Clr                              
000020f1  OLED_SDIN_Set                              
0000219f  OLED_Set_Pos                               
000024bd  OLED_ShowCHinese                           
00002299  OLED_ShowChar                              
00002393  OLED_ShowNum                               
0000245b  OLED_ShowString                            
00002133  OLED_WR_Byte                               
200000f4  P                                          
00002e0d  PCM_IRQHandler                             
20000100  PID_value                                  
00002e0d  PORT1_IRQHandler                           
00002e0d  PORT2_IRQHandler                           
00002e0d  PORT3_IRQHandler                           
00002e0d  PORT4_IRQHandler                           
00002e0d  PORT5_IRQHandler                           
00002e0d  PORT6_IRQHandler                           
00002e0d  PSS_IRQHandler                             
00002e0d  PendSV_Handler                             
00002e0d  RTC_C_IRQHandler                           
00002e01  Reset_Handler                              
000007dd  RightMotor_Backward                        
000006d9  RightMotor_Forward                         
00002e0d  SVC_Handler                                
00002e0d  SysTick_Handler                            
200001ac  SystemCoreClock                            
000027b5  SystemCoreClockUpdate                      
00002a2d  SystemInit                                 
00002e0d  T32_INT1_IRQHandler                        
00002e0d  T32_INT2_IRQHandler                        
00002e0d  T32_INTC_IRQHandler                        
00002e0d  TA0_0_IRQHandler                           
00002e0d  TA0_N_IRQHandler                           
00002e0d  TA1_0_IRQHandler                           
00002e0d  TA1_N_IRQHandler                           
00002e0d  TA2_0_IRQHandler                           
00002e0d  TA2_N_IRQHandler                           
00002e0d  TA3_0_IRQHandler                           
00002e0d  TA3_N_IRQHandler                           
00002e0d  UsageFault_Handler                         
4000480c  WDTCTL_SYM                                 
00002e0d  WDT_A_IRQHandler                           
20010000  __STACK_END                                
00000200  __STACK_SIZE                               
00003b60  __TI_CINIT_Base                            
00003b78  __TI_CINIT_Limit                           
00003b44  __TI_Handler_Table_Base                    
00003b50  __TI_Handler_Table_Limit                   
00002cf9  __TI_auto_init_nobinit_nopinit             
00002c91  __TI_decompress_lzss                       
00002df3  __TI_decompress_none                       
ffffffff  __TI_pprof_out_hndl                        
ffffffff  __TI_prof_data_size                        
ffffffff  __TI_prof_data_start                       
00000000  __TI_static_base__                         
00002dd7  __TI_zero_init_nomemset                    
00002b85  __aeabi_cdcmpeq                            
00002b85  __aeabi_cdcmple                            
00002c0b  __aeabi_cdrcmple                           
00002d3d  __aeabi_f2d                                
00002da9  __aeabi_i2d                                
00002ae9  __aeabi_memcpy                             
00002ae9  __aeabi_memcpy4                            
00002ae9  __aeabi_memcpy8                            
ffffffff  __binit__                                  
ffffffff  __c_args__                                 
UNDEFED   __mpu_init                                 
2000fe00  __stack                                    
20000000  __start___llvm_prf_cnts                    
20000000  __stop___llvm_prf_cnts                     
00002d75  _c_int00_noargs                            
UNDEFED   _system_post_cinit                         
00002e0f  _system_pre_init                           
20000120  a                                          
00002e13  abort                                      
00000d25  assisted_control                           
20000124  b                                          
ffffffff  binit                                      
20000128  c                                          
000001f1  calculate_pid                              
00000101  choose                                     
000001ab  constrain                                  
20000148  count                                      
20000150  cross                                      
000000e5  cs_init                                    
00000283  delay                                      
00002101  delay_ms                                   
20000140  dflag                                      
200000f0  error                                      
2000013c  flag                                       
2000015c  flag_back                                  
20000000  g_pfnRAMVectors                            
00000eb1  hit_def                                    
20000144  hitcase                                    
00002051  init                                       
00000000  interruptVectors                           
00000565  ir_check                                   
2000010c  left_motor_speed                           
20000118  left_pulse                                 
20000134  left_update                                
2000012c  left_velocity                              
00001665  main                                       
00002ae9  memcpy                                     
00000cdd  motor_control                              
20000114  motor_flag                                 
0000085d  motor_set_PWM                              
00000981  motor_step                                 
00001621  motor_stop                                 
00002363  oled_pow                                   
20000108  previous_I                                 
20000104  previous_error                             
2000014c  rcount                                     
20000154  rcross                                     
00001039  read_ir_values                             
00000345  reload_shift_reg                           
20000110  right_motor_speed                          
2000011c  right_pulse                                
20000138  right_update                               
20000130  right_velocity                             
00001341  rread_ir_values                            
200001b0  sensor                                     
00000ffd  start                                      
00000dad  switcher_check                             
20000160  turn                                       
00000fdd  you                                        
00000fc1  zuo                                        


GLOBAL SYMBOLS: SORTED BY Symbol Address 

address   name                                       
-------   ----                                       
00000000  __TI_static_base__                         
00000000  interruptVectors                           
000000e5  cs_init                                    
00000101  choose                                     
000001ab  constrain                                  
000001f1  calculate_pid                              
00000200  __STACK_SIZE                               
00000283  delay                                      
000002b1  LOAD                                       
000002cf  CLK0                                       
000002db  CLK1                                       
000002e7  MISO                                       
00000345  reload_shift_reg                           
00000565  ir_check                                   
00000659  LeftMotor_Forward                          
000006d9  RightMotor_Forward                         
00000759  LeftMotor_Backward                         
000007dd  RightMotor_Backward                        
0000085d  motor_set_PWM                              
00000981  motor_step                                 
00000cdd  motor_control                              
00000d25  assisted_control                           
00000dad  switcher_check                             
00000eb1  hit_def                                    
00000fc1  zuo                                        
00000fdd  you                                        
00000ffd  start                                      
00001039  read_ir_values                             
00001341  rread_ir_values                            
00001621  motor_stop                                 
00001665  main                                       
000017c1  GPIO_setAsOutputPin                        
000017fb  GPIO_setAsInputPin                         
00001841  GPIO_setAsPeripheralModuleFunctionOutputPin
000018c5  GPIO_setAsPeripheralModuleFunctionInputPin 
00001949  GPIO_setOutputHighOnPin                    
0000196b  GPIO_setOutputLowOnPin                     
0000198d  GPIO_toggleOutputOnPin                     
000019af  GPIO_setAsInputPinWithPullDownResistor     
00001a01  GPIO_setAsInputPinWithPullUpResistor       
00001a53  GPIO_getInputPinValue                      
00001a81  GPIO_enableInterrupt                       
00001aa3  GPIO_disableInterrupt                      
00001ac5  GPIO_getInterruptStatus                    
00001ae3  GPIO_clearInterruptFlag                    
00001b05  GPIO_interruptEdgeSelect                   
00001b3b  GPIO_getEnabledInterruptStatus             
00001bb7  GPIO_setDriveStrengthHigh                  
00001bd9  GPIO_setDriveStrengthLow                   
00001bfb  GPIO_registerInterrupt                     
00001c1b  GPIO_unregisterInterrupt                   
00001c39  Interrupt_enableMaster                     
00001c49  Interrupt_disableMaster                    
00001c59  Interrupt_registerInterrupt                
00001cab  Interrupt_unregisterInterrupt              
00001cbf  Interrupt_setPriorityGrouping              
00001cd9  Interrupt_getPriorityGrouping              
00001d15  Interrupt_setPriority                      
00001d65  Interrupt_getPriority                      
00001d8b  Interrupt_enableInterrupt                  
00001dfd  Interrupt_disableInterrupt                 
00001e75  Interrupt_isEnabled                        
00001f01  Interrupt_pendInterrupt                    
00001f71  Interrupt_unpendInterrupt                  
00001fbf  Interrupt_setPriorityMask                  
00001fcf  Interrupt_getPriorityMask                  
00001fd9  Interrupt_setVectorTableAddress            
00001fe9  Interrupt_getVectorTableAddress            
00001ff5  Interrupt_enableSleepOnIsrExit             
00002001  Interrupt_disableSleepOnIsrExit            
0000200d  CPU_cpsid                                  
00002019  CPU_primask                                
00002023  CPU_cpsie                                  
0000202f  CPU_wfi                                    
00002033  CPU_basepriSet                             
00002041  CPU_basepriGet                             
00002051  init                                       
0000207d  OLED_CS_Clr                                
0000208d  OLED_CS_Set                                
00002099  OLED_RST_Clr                               
000020a9  OLED_RST_Set                               
000020b5  OLED_DC_Clr                                
000020c1  OLED_DC_Set                                
000020cd  OLED_SCLK_Clr                              
000020d9  OLED_SCLK_Set                              
000020e5  OLED_SDIN_Clr                              
000020f1  OLED_SDIN_Set                              
00002101  delay_ms                                   
00002133  OLED_WR_Byte                               
0000219f  OLED_Set_Pos                               
000021e5  OLED_Display_On                            
00002201  OLED_Display_Off                           
00002221  OLED_Clear                                 
00002299  OLED_ShowChar                              
00002363  oled_pow                                   
00002393  OLED_ShowNum                               
0000245b  OLED_ShowString                            
000024bd  OLED_ShowCHinese                           
00002573  OLED_DrawBMP                               
00002625  OLED_Init                                  
00002735  OLED_Part_Clear                            
000027b5  SystemCoreClockUpdate                      
00002a2d  SystemInit                                 
00002ae9  __aeabi_memcpy                             
00002ae9  __aeabi_memcpy4                            
00002ae9  __aeabi_memcpy8                            
00002ae9  memcpy                                     
00002b85  __aeabi_cdcmpeq                            
00002b85  __aeabi_cdcmple                            
00002c0b  __aeabi_cdrcmple                           
00002c91  __TI_decompress_lzss                       
00002cf9  __TI_auto_init_nobinit_nopinit             
00002d3d  __aeabi_f2d                                
00002d75  _c_int00_noargs                            
00002da9  __aeabi_i2d                                
00002dd7  __TI_zero_init_nomemset                    
00002df3  __TI_decompress_none                       
00002e01  Reset_Handler                              
00002e0d  ADC14_IRQHandler                           
00002e0d  AES256_IRQHandler                          
00002e0d  BusFault_Handler                           
00002e0d  COMP_E0_IRQHandler                         
00002e0d  COMP_E1_IRQHandler                         
00002e0d  CS_IRQHandler                              
00002e0d  DMA_ERR_IRQHandler                         
00002e0d  DMA_INT0_IRQHandler                        
00002e0d  DMA_INT1_IRQHandler                        
00002e0d  DMA_INT2_IRQHandler                        
00002e0d  DMA_INT3_IRQHandler                        
00002e0d  DebugMon_Handler                           
00002e0d  Default_Handler                            
00002e0d  EUSCIA0_IRQHandler                         
00002e0d  EUSCIA1_IRQHandler                         
00002e0d  EUSCIA2_IRQHandler                         
00002e0d  EUSCIA3_IRQHandler                         
00002e0d  EUSCIB0_IRQHandler                         
00002e0d  EUSCIB1_IRQHandler                         
00002e0d  EUSCIB2_IRQHandler                         
00002e0d  EUSCIB3_IRQHandler                         
00002e0d  FLCTL_IRQHandler                           
00002e0d  FPU_IRQHandler                             
00002e0d  HardFault_Handler                          
00002e0d  MemManage_Handler                          
00002e0d  NMI_Handler                                
00002e0d  PCM_IRQHandler                             
00002e0d  PORT1_IRQHandler                           
00002e0d  PORT2_IRQHandler                           
00002e0d  PORT3_IRQHandler                           
00002e0d  PORT4_IRQHandler                           
00002e0d  PORT5_IRQHandler                           
00002e0d  PORT6_IRQHandler                           
00002e0d  PSS_IRQHandler                             
00002e0d  PendSV_Handler                             
00002e0d  RTC_C_IRQHandler                           
00002e0d  SVC_Handler                                
00002e0d  SysTick_Handler                            
00002e0d  T32_INT1_IRQHandler                        
00002e0d  T32_INT2_IRQHandler                        
00002e0d  T32_INTC_IRQHandler                        
00002e0d  TA0_0_IRQHandler                           
00002e0d  TA0_N_IRQHandler                           
00002e0d  TA1_0_IRQHandler                           
00002e0d  TA1_N_IRQHandler                           
00002e0d  TA2_0_IRQHandler                           
00002e0d  TA2_N_IRQHandler                           
00002e0d  TA3_0_IRQHandler                           
00002e0d  TA3_N_IRQHandler                           
00002e0d  UsageFault_Handler                         
00002e0d  WDT_A_IRQHandler                           
00002e0f  _system_pre_init                           
00002e13  C$$EXIT                                    
00002e13  abort                                      
00002e18  Hzk                                        
00003458  F8X16                                      
00003b44  __TI_Handler_Table_Base                    
00003b50  __TI_Handler_Table_Limit                   
00003b60  __TI_CINIT_Base                            
00003b78  __TI_CINIT_Limit                           
20000000  __start___llvm_prf_cnts                    
20000000  __stop___llvm_prf_cnts                     
20000000  g_pfnRAMVectors                            
200000e4  Kp                                         
200000e8  Ki                                         
200000ec  Kd                                         
200000f0  error                                      
200000f4  P                                          
200000f8  I                                          
200000fc  D                                          
20000100  PID_value                                  
20000104  previous_error                             
20000108  previous_I                                 
2000010c  left_motor_speed                           
20000110  right_motor_speed                          
20000114  motor_flag                                 
20000118  left_pulse                                 
2000011c  right_pulse                                
20000120  a                                          
20000124  b                                          
20000128  c                                          
2000012c  left_velocity                              
20000130  right_velocity                             
20000134  left_update                                
20000138  right_update                               
2000013c  flag                                       
20000140  dflag                                      
20000144  hitcase                                    
20000148  count                                      
2000014c  rcount                                     
20000150  cross                                      
20000154  rcross                                     
20000158  DELAY                                      
2000015c  flag_back                                  
20000160  turn                                       
200001ac  SystemCoreClock                            
200001b0  sensor                                     
2000fe00  __stack                                    
20010000  __STACK_END                                
4000480c  WDTCTL_SYM                                 
ffffffff  __TI_pprof_out_hndl                        
ffffffff  __TI_prof_data_size                        
ffffffff  __TI_prof_data_start                       
ffffffff  __binit__                                  
ffffffff  __c_args__                                 
ffffffff  binit                                      
UNDEFED   __mpu_init                                 
UNDEFED   _system_post_cinit                         

[226 symbols]
