<?xml version="1.0" encoding="ISO-8859-1" ?>
<link_info>
   <banner>TI ARM Linker PC v20.2.5.LTS</banner>
   <copyright>Copyright (c) 1996-2018 Texas Instruments Incorporated</copyright>
   <link_time>0x639edbc1</link_time>
   <link_errors>0x0</link_errors>
   <output_file>Program04.out</output_file>
   <entry_point>
      <name>_c_int00_noargs</name>
      <address>0x988d</address>
   </entry_point>
   <input_file_list>
      <input_file id="fl-2">
         <path>.\</path>
         <kind>object</kind>
         <file>Prog4.obj</file>
         <name>Prog4.obj</name>
      </input_file>
      <input_file id="fl-3">
         <path>.\</path>
         <kind>object</kind>
         <file>startup_msp432p401r_ccs.obj</file>
         <name>startup_msp432p401r_ccs.obj</name>
      </input_file>
      <input_file id="fl-4">
         <path>.\</path>
         <kind>object</kind>
         <file>system_msp432p401r.obj</file>
         <name>system_msp432p401r.obj</name>
      </input_file>
      <input_file id="fl-5">
         <path>.\</path>
         <kind>object</kind>
         <file>zyt20221218.obj</file>
         <name>zyt20221218.obj</name>
      </input_file>
      <input_file id="fl-9">
         <kind>object</kind>
         <file>&lt;internal&gt;</file>
         <name>&lt;internal&gt;</name>
      </input_file>
      <input_file id="fl-bf">
         <path>C:\ti\ccs1110\ccs\tools\compiler\ti-cgt-arm_20.2.5.LTS\lib\</path>
         <kind>archive</kind>
         <file>rtsv7M4_T_le_v4SPD16_eabi.lib</file>
         <name>fd_add_t2.asm.obj</name>
      </input_file>
      <input_file id="fl-c0">
         <path>C:\ti\ccs1110\ccs\tools\compiler\ti-cgt-arm_20.2.5.LTS\lib\</path>
         <kind>archive</kind>
         <file>rtsv7M4_T_le_v4SPD16_eabi.lib</file>
         <name>fd_mul_t2.asm.obj</name>
      </input_file>
      <input_file id="fl-c1">
         <path>C:\ti\ccs1110\ccs\tools\compiler\ti-cgt-arm_20.2.5.LTS\lib\</path>
         <kind>archive</kind>
         <file>rtsv7M4_T_le_v4SPD16_eabi.lib</file>
         <name>fd_tos_t2.asm.obj</name>
      </input_file>
      <input_file id="fl-c2">
         <path>C:\ti\ccs1110\ccs\tools\compiler\ti-cgt-arm_20.2.5.LTS\lib\</path>
         <kind>archive</kind>
         <file>rtsv7M4_T_le_v4SPD16_eabi.lib</file>
         <name>fs_tod_t2.asm.obj</name>
      </input_file>
      <input_file id="fl-c3">
         <path>C:\ti\ccs1110\ccs\tools\compiler\ti-cgt-arm_20.2.5.LTS\lib\</path>
         <kind>archive</kind>
         <file>rtsv7M4_T_le_v4SPD16_eabi.lib</file>
         <name>copy_zero_init.c.obj</name>
      </input_file>
      <input_file id="fl-c4">
         <path>C:\ti\ccs1110\ccs\tools\compiler\ti-cgt-arm_20.2.5.LTS\lib\</path>
         <kind>archive</kind>
         <file>rtsv7M4_T_le_v4SPD16_eabi.lib</file>
         <name>copy_decompress_none.c.obj</name>
      </input_file>
      <input_file id="fl-c5">
         <path>C:\ti\ccs1110\ccs\tools\compiler\ti-cgt-arm_20.2.5.LTS\lib\</path>
         <kind>archive</kind>
         <file>rtsv7M4_T_le_v4SPD16_eabi.lib</file>
         <name>copy_decompress_lzss.c.obj</name>
      </input_file>
      <input_file id="fl-c6">
         <path>C:\ti\ccs1110\ccs\tools\compiler\ti-cgt-arm_20.2.5.LTS\lib\</path>
         <kind>archive</kind>
         <file>rtsv7M4_T_le_v4SPD16_eabi.lib</file>
         <name>boot_cortex_m.c.obj</name>
      </input_file>
      <input_file id="fl-c7">
         <path>C:\ti\ccs1110\ccs\tools\compiler\ti-cgt-arm_20.2.5.LTS\lib\</path>
         <kind>archive</kind>
         <file>rtsv7M4_T_le_v4SPD16_eabi.lib</file>
         <name>memcpy_t2.asm.obj</name>
      </input_file>
      <input_file id="fl-c8">
         <path>C:\ti\ccs1110\ccs\tools\compiler\ti-cgt-arm_20.2.5.LTS\lib\</path>
         <kind>archive</kind>
         <file>rtsv7M4_T_le_v4SPD16_eabi.lib</file>
         <name>memset_t2.asm.obj</name>
      </input_file>
      <input_file id="fl-c9">
         <path>C:\ti\ccs1110\ccs\tools\compiler\ti-cgt-arm_20.2.5.LTS\lib\</path>
         <kind>archive</kind>
         <file>rtsv7M4_T_le_v4SPD16_eabi.lib</file>
         <name>autoinit.c.obj</name>
      </input_file>
      <input_file id="fl-ca">
         <path>C:\ti\ccs1110\ccs\tools\compiler\ti-cgt-arm_20.2.5.LTS\lib\</path>
         <kind>archive</kind>
         <file>rtsv7M4_T_le_v4SPD16_eabi.lib</file>
         <name>pre_init.c.obj</name>
      </input_file>
      <input_file id="fl-cb">
         <path>C:\ti\ccs1110\ccs\tools\compiler\ti-cgt-arm_20.2.5.LTS\lib\</path>
         <kind>archive</kind>
         <file>rtsv7M4_T_le_v4SPD16_eabi.lib</file>
         <name>cpy_tbl.c.obj</name>
      </input_file>
      <input_file id="fl-cc">
         <path>C:\ti\ccs1110\ccs\tools\compiler\ti-cgt-arm_20.2.5.LTS\lib\</path>
         <kind>archive</kind>
         <file>rtsv7M4_T_le_v4SPD16_eabi.lib</file>
         <name>exit.c.obj</name>
      </input_file>
      <input_file id="fl-cd">
         <path>C:\ti\ccs1110\ccs\tools\compiler\ti-cgt-arm_20.2.5.LTS\lib\</path>
         <kind>archive</kind>
         <file>rtsv7M4_T_le_v4SPD16_eabi.lib</file>
         <name>_lock.c.obj</name>
      </input_file>
      <input_file id="fl-ce">
         <path>C:\ti\ccs1110\ccs\tools\compiler\ti-cgt-arm_20.2.5.LTS\lib\</path>
         <kind>archive</kind>
         <file>rtsv7M4_T_le_v4SPD16_eabi.lib</file>
         <name>args_main.c.obj</name>
      </input_file>
   </input_file_list>
   <object_component_list>
      <object_component id="oc-26">
         <name>.intvecs:retain</name>
         <load_address>0x0</load_address>
         <run_address>0x0</run_address>
         <size>0xe4</size>
         <input_file_ref idref="fl-3"/>
      </object_component>
      <object_component id="oc-73">
         <name>.text</name>
         <load_address>0xe4</load_address>
         <run_address>0xe4</run_address>
         <size>0x8548</size>
         <input_file_ref idref="fl-5"/>
      </object_component>
      <object_component id="oc-6d">
         <name>.text</name>
         <load_address>0x862c</load_address>
         <run_address>0x862c</run_address>
         <size>0xa8c</size>
         <input_file_ref idref="fl-2"/>
      </object_component>
      <object_component id="oc-ab">
         <name>.text</name>
         <load_address>0x90b8</load_address>
         <run_address>0x90b8</run_address>
         <size>0x334</size>
         <input_file_ref idref="fl-4"/>
      </object_component>
      <object_component id="oc-f1">
         <name>.text</name>
         <load_address>0x93ec</load_address>
         <run_address>0x93ec</run_address>
         <size>0x1b6</size>
         <input_file_ref idref="fl-bf"/>
      </object_component>
      <object_component id="oc-ec">
         <name>.text</name>
         <load_address>0x95a2</load_address>
         <run_address>0x95a2</run_address>
         <size>0xfc</size>
         <input_file_ref idref="fl-c0"/>
      </object_component>
      <object_component id="oc-37">
         <name>.text</name>
         <load_address>0x969e</load_address>
         <run_address>0x969e</run_address>
         <size>0x9c</size>
         <input_file_ref idref="fl-c7"/>
      </object_component>
      <object_component id="oc-f6">
         <name>.text</name>
         <load_address>0x973a</load_address>
         <run_address>0x973a</run_address>
         <size>0x6e</size>
         <input_file_ref idref="fl-c1"/>
      </object_component>
      <object_component id="oc-17">
         <name>.text:decompress:lzss:__TI_decompress_lzss</name>
         <load_address>0x97a8</load_address>
         <run_address>0x97a8</run_address>
         <size>0x68</size>
         <input_file_ref idref="fl-c5"/>
      </object_component>
      <object_component id="oc-12e">
         <name>.text:__TI_auto_init_nobinit_nopinit:__TI_auto_init_nobinit_nopinit</name>
         <load_address>0x9810</load_address>
         <run_address>0x9810</run_address>
         <size>0x44</size>
         <input_file_ref idref="fl-c9"/>
      </object_component>
      <object_component id="oc-b2">
         <name>.text</name>
         <load_address>0x9854</load_address>
         <run_address>0x9854</run_address>
         <size>0x38</size>
         <input_file_ref idref="fl-c2"/>
      </object_component>
      <object_component id="oc-55">
         <name>.text:_c_int00_noargs:_c_int00_noargs</name>
         <load_address>0x988c</load_address>
         <run_address>0x988c</run_address>
         <size>0x34</size>
         <input_file_ref idref="fl-c6"/>
      </object_component>
      <object_component id="oc-43">
         <name>.text:decompress:ZI:__TI_zero_init_nomemset:__TI_zero_init_nomemset</name>
         <load_address>0x98c0</load_address>
         <run_address>0x98c0</run_address>
         <size>0x1c</size>
         <input_file_ref idref="fl-c3"/>
      </object_component>
      <object_component id="oc-1d">
         <name>.text:decompress:none:__TI_decompress_none</name>
         <load_address>0x98dc</load_address>
         <run_address>0x98dc</run_address>
         <size>0xe</size>
         <input_file_ref idref="fl-c4"/>
      </object_component>
      <object_component id="oc-67">
         <name>.text</name>
         <load_address>0x98ea</load_address>
         <run_address>0x98ea</run_address>
         <size>0xe</size>
         <input_file_ref idref="fl-3"/>
      </object_component>
      <object_component id="oc-99">
         <name>.text:_system_pre_init</name>
         <load_address>0x98f8</load_address>
         <run_address>0x98f8</run_address>
         <size>0x4</size>
         <input_file_ref idref="fl-ca"/>
      </object_component>
      <object_component id="oc-122">
         <name>.text:abort:abort</name>
         <load_address>0x98fc</load_address>
         <run_address>0x98fc</run_address>
         <size>0x4</size>
         <input_file_ref idref="fl-cc"/>
      </object_component>
      <object_component id="oc-c0">
         <name>.const:_ctlRegs</name>
         <load_address>0x9900</load_address>
         <run_address>0x9900</run_address>
         <size>0x80</size>
         <input_file_ref idref="fl-5"/>
      </object_component>
      <object_component id="oc-d2">
         <name>.const:g_pulRegs</name>
         <load_address>0x9980</load_address>
         <run_address>0x9980</run_address>
         <size>0x50</size>
         <input_file_ref idref="fl-5"/>
      </object_component>
      <object_component id="oc-e9">
         <name>.const:uartConfig2</name>
         <load_address>0x99d0</load_address>
         <run_address>0x99d0</run_address>
         <size>0x24</size>
         <input_file_ref idref="fl-5"/>
      </object_component>
      <object_component id="oc-cf">
         <name>.const:g_pulPriority</name>
         <load_address>0x99f4</load_address>
         <run_address>0x99f4</run_address>
         <size>0x20</size>
         <input_file_ref idref="fl-5"/>
      </object_component>
      <object_component id="oc-c9">
         <name>.const:GPIO_PORT_TO_INT</name>
         <load_address>0x9a14</load_address>
         <run_address>0x9a14</run_address>
         <size>0x1c</size>
         <input_file_ref idref="fl-5"/>
      </object_component>
      <object_component id="oc-d8">
         <name>.const:g_pulDisRegs</name>
         <load_address>0x9a30</load_address>
         <run_address>0x9a30</run_address>
         <size>0x8</size>
         <input_file_ref idref="fl-5"/>
      </object_component>
      <object_component id="oc-d5">
         <name>.const:g_pulEnRegs</name>
         <load_address>0x9a38</load_address>
         <run_address>0x9a38</run_address>
         <size>0x8</size>
         <input_file_ref idref="fl-5"/>
      </object_component>
      <object_component id="oc-db">
         <name>.const:g_pulPendRegs</name>
         <load_address>0x9a40</load_address>
         <run_address>0x9a40</run_address>
         <size>0x8</size>
         <input_file_ref idref="fl-5"/>
      </object_component>
      <object_component id="oc-de">
         <name>.const:g_pulUnpendRegs</name>
         <load_address>0x9a48</load_address>
         <run_address>0x9a48</run_address>
         <size>0x8</size>
         <input_file_ref idref="fl-5"/>
      </object_component>
      <object_component id="oc-23e">
         <name>.cinit..data.load</name>
         <load_address>0x9a50</load_address>
         <run_address>0x9a50</run_address>
         <size>0x89</size>
      </object_component>
      <object_component id="oc-23b">
         <name>__TI_handler_table</name>
         <load_address>0x9adc</load_address>
         <run_address>0x9adc</run_address>
         <size>0xc</size>
      </object_component>
      <object_component id="oc-23f">
         <name>.cinit..bss.load</name>
         <load_address>0x9ae8</load_address>
         <run_address>0x9ae8</run_address>
         <size>0x8</size>
      </object_component>
      <object_component id="oc-23d">
         <name>.cinit..vtable.load</name>
         <load_address>0x9af0</load_address>
         <run_address>0x9af0</run_address>
         <size>0x8</size>
      </object_component>
      <object_component id="oc-23c">
         <name>__TI_cinit_table</name>
         <load_address>0x9af8</load_address>
         <run_address>0x9af8</run_address>
         <size>0x18</size>
      </object_component>
      <object_component id="oc-20f">
         <name>.binit</name>
         <load_address>0x0</load_address>
         <run_address>0x0</run_address>
         <size>0x0</size>
      </object_component>
      <object_component id="oc-cc">
         <name>.vtable</name>
         <uninitialized>true</uninitialized>
         <run_address>0x20000000</run_address>
         <size>0xe4</size>
         <input_file_ref idref="fl-5"/>
      </object_component>
      <object_component id="oc-b7">
         <name>.data</name>
         <load_address>0x200000e4</load_address>
         <run_address>0x200000e4</run_address>
         <size>0x54</size>
         <input_file_ref idref="fl-2"/>
      </object_component>
      <object_component id="oc-160">
         <name>.data</name>
         <load_address>0x200001a8</load_address>
         <run_address>0x200001a8</run_address>
         <size>0x4</size>
         <input_file_ref idref="fl-4"/>
      </object_component>
      <object_component id="oc-c3">
         <name>.data:__getBurstProgramRegs</name>
         <load_address>0x20000138</load_address>
         <run_address>0x20000138</run_address>
         <size>0x40</size>
         <input_file_ref idref="fl-5"/>
      </object_component>
      <object_component id="oc-c6">
         <name>.data:GPIO_PORT_TO_BASE</name>
         <load_address>0x20000178</load_address>
         <run_address>0x20000178</run_address>
         <size>0x30</size>
         <input_file_ref idref="fl-5"/>
      </object_component>
      <object_component id="oc-e1">
         <name>.bss</name>
         <uninitialized>true</uninitialized>
         <run_address>0x200001ac</run_address>
         <size>0x8</size>
         <input_file_ref idref="fl-5"/>
      </object_component>
      <object_component id="oc-e4">
         <name>.common:LIGHTVAL</name>
         <uninitialized>true</uninitialized>
         <run_address>0x200001b4</run_address>
         <size>0x4</size>
      </object_component>
      <object_component id="oc-29">
         <name>.stack</name>
         <uninitialized>true</uninitialized>
         <run_address>0x2000fe00</run_address>
         <size>0x4</size>
         <input_file_ref idref="fl-c6"/>
      </object_component>
      <object_component id="oc-241">
         <name>.stack</name>
         <uninitialized>true</uninitialized>
         <run_address>0x2000fe00</run_address>
         <size>0x0</size>
      </object_component>
      <object_component id="oc-e5">
         <name>.debug_info</name>
         <load_address>0x0</load_address>
         <run_address>0x0</run_address>
         <size>0x68d</size>
         <input_file_ref idref="fl-2"/>
      </object_component>
      <object_component id="oc-b8">
         <name>.debug_info</name>
         <load_address>0x68d</load_address>
         <run_address>0x68d</run_address>
         <size>0x2f0</size>
         <input_file_ref idref="fl-2"/>
      </object_component>
      <object_component id="oc-71">
         <name>.debug_info</name>
         <load_address>0x97d</load_address>
         <run_address>0x97d</run_address>
         <size>0x1030</size>
         <input_file_ref idref="fl-2"/>
      </object_component>
      <object_component id="oc-186">
         <name>.debug_info</name>
         <load_address>0x19ad</load_address>
         <run_address>0x19ad</run_address>
         <size>0x37e2</size>
         <input_file_ref idref="fl-2"/>
      </object_component>
      <object_component id="oc-18b">
         <name>.debug_info</name>
         <load_address>0x518f</load_address>
         <run_address>0x518f</run_address>
         <size>0x1055</size>
         <input_file_ref idref="fl-2"/>
      </object_component>
      <object_component id="oc-10d">
         <name>.debug_info</name>
         <load_address>0x61e4</load_address>
         <run_address>0x61e4</run_address>
         <size>0x26b</size>
         <input_file_ref idref="fl-2"/>
      </object_component>
      <object_component id="oc-192">
         <name>.debug_info</name>
         <load_address>0x644f</load_address>
         <run_address>0x644f</run_address>
         <size>0x9a</size>
         <input_file_ref idref="fl-2"/>
      </object_component>
      <object_component id="oc-197">
         <name>.debug_info</name>
         <load_address>0x64e9</load_address>
         <run_address>0x64e9</run_address>
         <size>0x1b5</size>
         <input_file_ref idref="fl-2"/>
      </object_component>
      <object_component id="oc-19c">
         <name>.debug_info</name>
         <load_address>0x669e</load_address>
         <run_address>0x669e</run_address>
         <size>0x9e</size>
         <input_file_ref idref="fl-2"/>
      </object_component>
      <object_component id="oc-1a1">
         <name>.debug_info</name>
         <load_address>0x673c</load_address>
         <run_address>0x673c</run_address>
         <size>0x8a</size>
         <input_file_ref idref="fl-2"/>
      </object_component>
      <object_component id="oc-106">
         <name>.debug_info</name>
         <load_address>0x67c6</load_address>
         <run_address>0x67c6</run_address>
         <size>0xc6</size>
         <input_file_ref idref="fl-2"/>
      </object_component>
      <object_component id="oc-1a6">
         <name>.debug_info</name>
         <load_address>0x688c</load_address>
         <run_address>0x688c</run_address>
         <size>0x341</size>
         <input_file_ref idref="fl-2"/>
      </object_component>
      <object_component id="oc-32">
         <name>.debug_info</name>
         <load_address>0x6bcd</load_address>
         <run_address>0x6bcd</run_address>
         <size>0x84</size>
         <input_file_ref idref="fl-2"/>
      </object_component>
      <object_component id="oc-167">
         <name>.debug_info</name>
         <load_address>0x6c51</load_address>
         <run_address>0x6c51</run_address>
         <size>0x2a4</size>
         <input_file_ref idref="fl-2"/>
      </object_component>
      <object_component id="oc-101">
         <name>.debug_info</name>
         <load_address>0x6ef5</load_address>
         <run_address>0x6ef5</run_address>
         <size>0xef</size>
         <input_file_ref idref="fl-2"/>
      </object_component>
      <object_component id="oc-bb">
         <name>.debug_info</name>
         <load_address>0x6fe4</load_address>
         <run_address>0x6fe4</run_address>
         <size>0xbb</size>
         <input_file_ref idref="fl-2"/>
      </object_component>
      <object_component id="oc-1ab">
         <name>.debug_info</name>
         <load_address>0x709f</load_address>
         <run_address>0x709f</run_address>
         <size>0x131</size>
         <input_file_ref idref="fl-2"/>
      </object_component>
      <object_component id="oc-1b0">
         <name>.debug_info</name>
         <load_address>0x71d0</load_address>
         <run_address>0x71d0</run_address>
         <size>0xee</size>
         <input_file_ref idref="fl-2"/>
      </object_component>
      <object_component id="oc-7b">
         <name>.debug_info</name>
         <load_address>0x72be</load_address>
         <run_address>0x72be</run_address>
         <size>0x2b6</size>
         <input_file_ref idref="fl-3"/>
      </object_component>
      <object_component id="oc-27">
         <name>.debug_info</name>
         <load_address>0x7574</load_address>
         <run_address>0x7574</run_address>
         <size>0xe2</size>
         <input_file_ref idref="fl-3"/>
      </object_component>
      <object_component id="oc-6b">
         <name>.debug_info</name>
         <load_address>0x7656</load_address>
         <run_address>0x7656</run_address>
         <size>0x1a9</size>
         <input_file_ref idref="fl-3"/>
      </object_component>
      <object_component id="oc-161">
         <name>.debug_info</name>
         <load_address>0x77ff</load_address>
         <run_address>0x77ff</run_address>
         <size>0xdb</size>
         <input_file_ref idref="fl-4"/>
      </object_component>
      <object_component id="oc-af">
         <name>.debug_info</name>
         <load_address>0x78da</load_address>
         <run_address>0x78da</run_address>
         <size>0x24d</size>
         <input_file_ref idref="fl-4"/>
      </object_component>
      <object_component id="oc-e7">
         <name>.debug_info</name>
         <load_address>0x7b27</load_address>
         <run_address>0x7b27</run_address>
         <size>0x6b7</size>
         <input_file_ref idref="fl-5"/>
      </object_component>
      <object_component id="oc-c1">
         <name>.debug_info</name>
         <load_address>0x81de</load_address>
         <run_address>0x81de</run_address>
         <size>0xc5</size>
         <input_file_ref idref="fl-5"/>
      </object_component>
      <object_component id="oc-c4">
         <name>.debug_info</name>
         <load_address>0x82a3</load_address>
         <run_address>0x82a3</run_address>
         <size>0xdf</size>
         <input_file_ref idref="fl-5"/>
      </object_component>
      <object_component id="oc-ca">
         <name>.debug_info</name>
         <load_address>0x8382</load_address>
         <run_address>0x8382</run_address>
         <size>0xd5</size>
         <input_file_ref idref="fl-5"/>
      </object_component>
      <object_component id="oc-c7">
         <name>.debug_info</name>
         <load_address>0x8457</load_address>
         <run_address>0x8457</run_address>
         <size>0xd7</size>
         <input_file_ref idref="fl-5"/>
      </object_component>
      <object_component id="oc-d0">
         <name>.debug_info</name>
         <load_address>0x852e</load_address>
         <run_address>0x852e</run_address>
         <size>0xcf</size>
         <input_file_ref idref="fl-5"/>
      </object_component>
      <object_component id="oc-d3">
         <name>.debug_info</name>
         <load_address>0x85fd</load_address>
         <run_address>0x85fd</run_address>
         <size>0xc7</size>
         <input_file_ref idref="fl-5"/>
      </object_component>
      <object_component id="oc-d6">
         <name>.debug_info</name>
         <load_address>0x86c4</load_address>
         <run_address>0x86c4</run_address>
         <size>0xcb</size>
         <input_file_ref idref="fl-5"/>
      </object_component>
      <object_component id="oc-d9">
         <name>.debug_info</name>
         <load_address>0x878f</load_address>
         <run_address>0x878f</run_address>
         <size>0xcd</size>
         <input_file_ref idref="fl-5"/>
      </object_component>
      <object_component id="oc-dc">
         <name>.debug_info</name>
         <load_address>0x885c</load_address>
         <run_address>0x885c</run_address>
         <size>0xcf</size>
         <input_file_ref idref="fl-5"/>
      </object_component>
      <object_component id="oc-df">
         <name>.debug_info</name>
         <load_address>0x892b</load_address>
         <run_address>0x892b</run_address>
         <size>0xd3</size>
         <input_file_ref idref="fl-5"/>
      </object_component>
      <object_component id="oc-cd">
         <name>.debug_info</name>
         <load_address>0x89fe</load_address>
         <run_address>0x89fe</run_address>
         <size>0xd4</size>
         <input_file_ref idref="fl-5"/>
      </object_component>
      <object_component id="oc-e2">
         <name>.debug_info</name>
         <load_address>0x8ad2</load_address>
         <run_address>0x8ad2</run_address>
         <size>0xe5</size>
         <input_file_ref idref="fl-5"/>
      </object_component>
      <object_component id="oc-ea">
         <name>.debug_info</name>
         <load_address>0x8bb7</load_address>
         <run_address>0x8bb7</run_address>
         <size>0xcc</size>
         <input_file_ref idref="fl-5"/>
      </object_component>
      <object_component id="oc-74">
         <name>.debug_info</name>
         <load_address>0x8c83</load_address>
         <run_address>0x8c83</run_address>
         <size>0x2b3bf</size>
         <input_file_ref idref="fl-5"/>
      </object_component>
      <object_component id="oc-fc">
         <name>.debug_info</name>
         <load_address>0x34042</load_address>
         <run_address>0x34042</run_address>
         <size>0x8b</size>
         <input_file_ref idref="fl-5"/>
      </object_component>
      <object_component id="oc-f2">
         <name>.debug_info</name>
         <load_address>0x340cd</load_address>
         <run_address>0x340cd</run_address>
         <size>0x14c</size>
         <input_file_ref idref="fl-bf"/>
      </object_component>
      <object_component id="oc-ed">
         <name>.debug_info</name>
         <load_address>0x34219</load_address>
         <run_address>0x34219</run_address>
         <size>0x13a</size>
         <input_file_ref idref="fl-c0"/>
      </object_component>
      <object_component id="oc-f8">
         <name>.debug_info</name>
         <load_address>0x34353</load_address>
         <run_address>0x34353</run_address>
         <size>0x13e</size>
         <input_file_ref idref="fl-c1"/>
      </object_component>
      <object_component id="oc-b4">
         <name>.debug_info</name>
         <load_address>0x34491</load_address>
         <run_address>0x34491</run_address>
         <size>0x12c</size>
         <input_file_ref idref="fl-c2"/>
      </object_component>
      <object_component id="oc-92">
         <name>.debug_info</name>
         <load_address>0x345bd</load_address>
         <run_address>0x345bd</run_address>
         <size>0x2d4</size>
         <input_file_ref idref="fl-c3"/>
      </object_component>
      <object_component id="oc-44">
         <name>.debug_info</name>
         <load_address>0x34891</load_address>
         <run_address>0x34891</run_address>
         <size>0x1d2</size>
         <input_file_ref idref="fl-c3"/>
      </object_component>
      <object_component id="oc-8d">
         <name>.debug_info</name>
         <load_address>0x34a63</load_address>
         <run_address>0x34a63</run_address>
         <size>0x46</size>
         <input_file_ref idref="fl-c3"/>
      </object_component>
      <object_component id="oc-119">
         <name>.debug_info</name>
         <load_address>0x34aa9</load_address>
         <run_address>0x34aa9</run_address>
         <size>0x2c</size>
         <input_file_ref idref="fl-c3"/>
      </object_component>
      <object_component id="oc-42">
         <name>.debug_info</name>
         <load_address>0x34ad5</load_address>
         <run_address>0x34ad5</run_address>
         <size>0x2a8</size>
         <input_file_ref idref="fl-c4"/>
      </object_component>
      <object_component id="oc-1f">
         <name>.debug_info</name>
         <load_address>0x34d7d</load_address>
         <run_address>0x34d7d</run_address>
         <size>0x1ea</size>
         <input_file_ref idref="fl-c4"/>
      </object_component>
      <object_component id="oc-3d">
         <name>.debug_info</name>
         <load_address>0x34f67</load_address>
         <run_address>0x34f67</run_address>
         <size>0x46</size>
         <input_file_ref idref="fl-c4"/>
      </object_component>
      <object_component id="oc-85">
         <name>.debug_info</name>
         <load_address>0x34fad</load_address>
         <run_address>0x34fad</run_address>
         <size>0x2c</size>
         <input_file_ref idref="fl-c4"/>
      </object_component>
      <object_component id="oc-83">
         <name>.debug_info</name>
         <load_address>0x34fd9</load_address>
         <run_address>0x34fd9</run_address>
         <size>0x29e</size>
         <input_file_ref idref="fl-c5"/>
      </object_component>
      <object_component id="oc-18">
         <name>.debug_info</name>
         <load_address>0x35277</load_address>
         <run_address>0x35277</run_address>
         <size>0x250</size>
         <input_file_ref idref="fl-c5"/>
      </object_component>
      <object_component id="oc-2d">
         <name>.debug_info</name>
         <load_address>0x354c7</load_address>
         <run_address>0x354c7</run_address>
         <size>0x60</size>
         <input_file_ref idref="fl-c5"/>
      </object_component>
      <object_component id="oc-112">
         <name>.debug_info</name>
         <load_address>0x35527</load_address>
         <run_address>0x35527</run_address>
         <size>0x46</size>
         <input_file_ref idref="fl-c5"/>
      </object_component>
      <object_component id="oc-7e">
         <name>.debug_info</name>
         <load_address>0x3556d</load_address>
         <run_address>0x3556d</run_address>
         <size>0x39</size>
         <input_file_ref idref="fl-c5"/>
      </object_component>
      <object_component id="oc-2a">
         <name>.debug_info</name>
         <load_address>0x355a6</load_address>
         <run_address>0x355a6</run_address>
         <size>0x10b</size>
         <input_file_ref idref="fl-c6"/>
      </object_component>
      <object_component id="oc-57">
         <name>.debug_info</name>
         <load_address>0x356b1</load_address>
         <run_address>0x356b1</run_address>
         <size>0x1a9</size>
         <input_file_ref idref="fl-c6"/>
      </object_component>
      <object_component id="oc-3a">
         <name>.debug_info</name>
         <load_address>0x3585a</load_address>
         <run_address>0x3585a</run_address>
         <size>0x119</size>
         <input_file_ref idref="fl-c7"/>
      </object_component>
      <object_component id="oc-1c5">
         <name>.debug_info</name>
         <load_address>0x35973</load_address>
         <run_address>0x35973</run_address>
         <size>0x4b3</size>
         <input_file_ref idref="fl-c9"/>
      </object_component>
      <object_component id="oc-131">
         <name>.debug_info</name>
         <load_address>0x35e26</load_address>
         <run_address>0x35e26</run_address>
         <size>0x1a6</size>
         <input_file_ref idref="fl-c9"/>
      </object_component>
      <object_component id="oc-1ec">
         <name>.debug_info</name>
         <load_address>0x35fcc</load_address>
         <run_address>0x35fcc</run_address>
         <size>0x39</size>
         <input_file_ref idref="fl-c9"/>
      </object_component>
      <object_component id="oc-200">
         <name>.debug_info</name>
         <load_address>0x36005</load_address>
         <run_address>0x36005</run_address>
         <size>0x39</size>
         <input_file_ref idref="fl-c9"/>
      </object_component>
      <object_component id="oc-1f1">
         <name>.debug_info</name>
         <load_address>0x3603e</load_address>
         <run_address>0x3603e</run_address>
         <size>0x39</size>
         <input_file_ref idref="fl-c9"/>
      </object_component>
      <object_component id="oc-1f6">
         <name>.debug_info</name>
         <load_address>0x36077</load_address>
         <run_address>0x36077</run_address>
         <size>0xcd</size>
         <input_file_ref idref="fl-c9"/>
      </object_component>
      <object_component id="oc-9b">
         <name>.debug_info</name>
         <load_address>0x36144</load_address>
         <run_address>0x36144</run_address>
         <size>0x153</size>
         <input_file_ref idref="fl-ca"/>
      </object_component>
      <object_component id="oc-126">
         <name>.debug_info</name>
         <load_address>0x36297</load_address>
         <run_address>0x36297</run_address>
         <size>0x122</size>
         <input_file_ref idref="fl-cc"/>
      </object_component>
      <object_component id="oc-242">
         <name>.debug_info</name>
         <load_address>0x363b9</load_address>
         <run_address>0x363b9</run_address>
         <size>0x8e</size>
      </object_component>
      <object_component id="oc-185">
         <name>.debug_line</name>
         <load_address>0x0</load_address>
         <run_address>0x0</run_address>
         <size>0xaf</size>
         <input_file_ref idref="fl-2"/>
      </object_component>
      <object_component id="oc-166">
         <name>.debug_line</name>
         <load_address>0xaf</load_address>
         <run_address>0xaf</run_address>
         <size>0x43</size>
         <input_file_ref idref="fl-2"/>
      </object_component>
      <object_component id="oc-70">
         <name>.debug_line</name>
         <load_address>0xf2</load_address>
         <run_address>0xf2</run_address>
         <size>0x4b2</size>
         <input_file_ref idref="fl-2"/>
      </object_component>
      <object_component id="oc-189">
         <name>.debug_line</name>
         <load_address>0x5a4</load_address>
         <run_address>0x5a4</run_address>
         <size>0x58</size>
         <input_file_ref idref="fl-2"/>
      </object_component>
      <object_component id="oc-18e">
         <name>.debug_line</name>
         <load_address>0x5fc</load_address>
         <run_address>0x5fc</run_address>
         <size>0x5b</size>
         <input_file_ref idref="fl-2"/>
      </object_component>
      <object_component id="oc-110">
         <name>.debug_line</name>
         <load_address>0x657</load_address>
         <run_address>0x657</run_address>
         <size>0x6f</size>
         <input_file_ref idref="fl-2"/>
      </object_component>
      <object_component id="oc-195">
         <name>.debug_line</name>
         <load_address>0x6c6</load_address>
         <run_address>0x6c6</run_address>
         <size>0x60</size>
         <input_file_ref idref="fl-2"/>
      </object_component>
      <object_component id="oc-19a">
         <name>.debug_line</name>
         <load_address>0x726</load_address>
         <run_address>0x726</run_address>
         <size>0x63</size>
         <input_file_ref idref="fl-2"/>
      </object_component>
      <object_component id="oc-19f">
         <name>.debug_line</name>
         <load_address>0x789</load_address>
         <run_address>0x789</run_address>
         <size>0x63</size>
         <input_file_ref idref="fl-2"/>
      </object_component>
      <object_component id="oc-1a4">
         <name>.debug_line</name>
         <load_address>0x7ec</load_address>
         <run_address>0x7ec</run_address>
         <size>0x60</size>
         <input_file_ref idref="fl-2"/>
      </object_component>
      <object_component id="oc-109">
         <name>.debug_line</name>
         <load_address>0x84c</load_address>
         <run_address>0x84c</run_address>
         <size>0x62</size>
         <input_file_ref idref="fl-2"/>
      </object_component>
      <object_component id="oc-1a9">
         <name>.debug_line</name>
         <load_address>0x8ae</load_address>
         <run_address>0x8ae</run_address>
         <size>0x64</size>
         <input_file_ref idref="fl-2"/>
      </object_component>
      <object_component id="oc-35">
         <name>.debug_line</name>
         <load_address>0x912</load_address>
         <run_address>0x912</run_address>
         <size>0x20</size>
         <input_file_ref idref="fl-2"/>
      </object_component>
      <object_component id="oc-16a">
         <name>.debug_line</name>
         <load_address>0x932</load_address>
         <run_address>0x932</run_address>
         <size>0x73</size>
         <input_file_ref idref="fl-2"/>
      </object_component>
      <object_component id="oc-104">
         <name>.debug_line</name>
         <load_address>0x9a5</load_address>
         <run_address>0x9a5</run_address>
         <size>0x6f</size>
         <input_file_ref idref="fl-2"/>
      </object_component>
      <object_component id="oc-be">
         <name>.debug_line</name>
         <load_address>0xa14</load_address>
         <run_address>0xa14</run_address>
         <size>0x70</size>
         <input_file_ref idref="fl-2"/>
      </object_component>
      <object_component id="oc-1ae">
         <name>.debug_line</name>
         <load_address>0xa84</load_address>
         <run_address>0xa84</run_address>
         <size>0x60</size>
         <input_file_ref idref="fl-2"/>
      </object_component>
      <object_component id="oc-1b3">
         <name>.debug_line</name>
         <load_address>0xae4</load_address>
         <run_address>0xae4</run_address>
         <size>0x61</size>
         <input_file_ref idref="fl-2"/>
      </object_component>
      <object_component id="oc-10c">
         <name>.debug_line</name>
         <load_address>0xb45</load_address>
         <run_address>0xb45</run_address>
         <size>0x40</size>
         <input_file_ref idref="fl-3"/>
      </object_component>
      <object_component id="oc-7a">
         <name>.debug_line</name>
         <load_address>0xb85</load_address>
         <run_address>0xb85</run_address>
         <size>0x40</size>
         <input_file_ref idref="fl-3"/>
      </object_component>
      <object_component id="oc-68">
         <name>.debug_line</name>
         <load_address>0xbc5</load_address>
         <run_address>0xbc5</run_address>
         <size>0x71</size>
         <input_file_ref idref="fl-3"/>
      </object_component>
      <object_component id="oc-1db">
         <name>.debug_line</name>
         <load_address>0xc36</load_address>
         <run_address>0xc36</run_address>
         <size>0x3b</size>
         <input_file_ref idref="fl-4"/>
      </object_component>
      <object_component id="oc-ae">
         <name>.debug_line</name>
         <load_address>0xc71</load_address>
         <run_address>0xc71</run_address>
         <size>0x134</size>
         <input_file_ref idref="fl-4"/>
      </object_component>
      <object_component id="oc-191">
         <name>.debug_line</name>
         <load_address>0xda5</load_address>
         <run_address>0xda5</run_address>
         <size>0x5f</size>
         <input_file_ref idref="fl-5"/>
      </object_component>
      <object_component id="oc-16d">
         <name>.debug_line</name>
         <load_address>0xe04</load_address>
         <run_address>0xe04</run_address>
         <size>0x62</size>
         <input_file_ref idref="fl-5"/>
      </object_component>
      <object_component id="oc-16f">
         <name>.debug_line</name>
         <load_address>0xe66</load_address>
         <run_address>0xe66</run_address>
         <size>0x62</size>
         <input_file_ref idref="fl-5"/>
      </object_component>
      <object_component id="oc-173">
         <name>.debug_line</name>
         <load_address>0xec8</load_address>
         <run_address>0xec8</run_address>
         <size>0x61</size>
         <input_file_ref idref="fl-5"/>
      </object_component>
      <object_component id="oc-171">
         <name>.debug_line</name>
         <load_address>0xf29</load_address>
         <run_address>0xf29</run_address>
         <size>0x61</size>
         <input_file_ref idref="fl-5"/>
      </object_component>
      <object_component id="oc-177">
         <name>.debug_line</name>
         <load_address>0xf8a</load_address>
         <run_address>0xf8a</run_address>
         <size>0x66</size>
         <input_file_ref idref="fl-5"/>
      </object_component>
      <object_component id="oc-179">
         <name>.debug_line</name>
         <load_address>0xff0</load_address>
         <run_address>0xff0</run_address>
         <size>0x66</size>
         <input_file_ref idref="fl-5"/>
      </object_component>
      <object_component id="oc-17b">
         <name>.debug_line</name>
         <load_address>0x1056</load_address>
         <run_address>0x1056</run_address>
         <size>0x66</size>
         <input_file_ref idref="fl-5"/>
      </object_component>
      <object_component id="oc-17d">
         <name>.debug_line</name>
         <load_address>0x10bc</load_address>
         <run_address>0x10bc</run_address>
         <size>0x66</size>
         <input_file_ref idref="fl-5"/>
      </object_component>
      <object_component id="oc-17f">
         <name>.debug_line</name>
         <load_address>0x1122</load_address>
         <run_address>0x1122</run_address>
         <size>0x66</size>
         <input_file_ref idref="fl-5"/>
      </object_component>
      <object_component id="oc-181">
         <name>.debug_line</name>
         <load_address>0x1188</load_address>
         <run_address>0x1188</run_address>
         <size>0x66</size>
         <input_file_ref idref="fl-5"/>
      </object_component>
      <object_component id="oc-175">
         <name>.debug_line</name>
         <load_address>0x11ee</load_address>
         <run_address>0x11ee</run_address>
         <size>0x66</size>
         <input_file_ref idref="fl-5"/>
      </object_component>
      <object_component id="oc-183">
         <name>.debug_line</name>
         <load_address>0x1254</load_address>
         <run_address>0x1254</run_address>
         <size>0x5f</size>
         <input_file_ref idref="fl-5"/>
      </object_component>
      <object_component id="oc-1b6">
         <name>.debug_line</name>
         <load_address>0x12b3</load_address>
         <run_address>0x12b3</run_address>
         <size>0x34</size>
         <input_file_ref idref="fl-5"/>
      </object_component>
      <object_component id="oc-78">
         <name>.debug_line</name>
         <load_address>0x12e7</load_address>
         <run_address>0x12e7</run_address>
         <size>0x6e33</size>
         <input_file_ref idref="fl-5"/>
      </object_component>
      <object_component id="oc-ff">
         <name>.debug_line</name>
         <load_address>0x811a</load_address>
         <run_address>0x811a</run_address>
         <size>0x20</size>
         <input_file_ref idref="fl-5"/>
      </object_component>
      <object_component id="oc-f5">
         <name>.debug_line</name>
         <load_address>0x813a</load_address>
         <run_address>0x813a</run_address>
         <size>0xd2</size>
         <input_file_ref idref="fl-bf"/>
      </object_component>
      <object_component id="oc-f0">
         <name>.debug_line</name>
         <load_address>0x820c</load_address>
         <run_address>0x820c</run_address>
         <size>0x8e</size>
         <input_file_ref idref="fl-c0"/>
      </object_component>
      <object_component id="oc-fa">
         <name>.debug_line</name>
         <load_address>0x829a</load_address>
         <run_address>0x829a</run_address>
         <size>0x67</size>
         <input_file_ref idref="fl-c1"/>
      </object_component>
      <object_component id="oc-b6">
         <name>.debug_line</name>
         <load_address>0x8301</load_address>
         <run_address>0x8301</run_address>
         <size>0x57</size>
         <input_file_ref idref="fl-c2"/>
      </object_component>
      <object_component id="oc-11f">
         <name>.debug_line</name>
         <load_address>0x8358</load_address>
         <run_address>0x8358</run_address>
         <size>0x92</size>
         <input_file_ref idref="fl-c3"/>
      </object_component>
      <object_component id="oc-47">
         <name>.debug_line</name>
         <load_address>0x83ea</load_address>
         <run_address>0x83ea</run_address>
         <size>0x56</size>
         <input_file_ref idref="fl-c3"/>
      </object_component>
      <object_component id="oc-90">
         <name>.debug_line</name>
         <load_address>0x8440</load_address>
         <run_address>0x8440</run_address>
         <size>0x34</size>
         <input_file_ref idref="fl-c3"/>
      </object_component>
      <object_component id="oc-11c">
         <name>.debug_line</name>
         <load_address>0x8474</load_address>
         <run_address>0x8474</run_address>
         <size>0x92</size>
         <input_file_ref idref="fl-c3"/>
      </object_component>
      <object_component id="oc-8b">
         <name>.debug_line</name>
         <load_address>0x8506</load_address>
         <run_address>0x8506</run_address>
         <size>0x20</size>
         <input_file_ref idref="fl-c4"/>
      </object_component>
      <object_component id="oc-21">
         <name>.debug_line</name>
         <load_address>0x8526</load_address>
         <run_address>0x8526</run_address>
         <size>0x55</size>
         <input_file_ref idref="fl-c4"/>
      </object_component>
      <object_component id="oc-40">
         <name>.debug_line</name>
         <load_address>0x857b</load_address>
         <run_address>0x857b</run_address>
         <size>0x3a</size>
         <input_file_ref idref="fl-c4"/>
      </object_component>
      <object_component id="oc-88">
         <name>.debug_line</name>
         <load_address>0x85b5</load_address>
         <run_address>0x85b5</run_address>
         <size>0x92</size>
         <input_file_ref idref="fl-c4"/>
      </object_component>
      <object_component id="oc-118">
         <name>.debug_line</name>
         <load_address>0x8647</load_address>
         <run_address>0x8647</run_address>
         <size>0x20</size>
         <input_file_ref idref="fl-c5"/>
      </object_component>
      <object_component id="oc-1c">
         <name>.debug_line</name>
         <load_address>0x8667</load_address>
         <run_address>0x8667</run_address>
         <size>0xa9</size>
         <input_file_ref idref="fl-c5"/>
      </object_component>
      <object_component id="oc-30">
         <name>.debug_line</name>
         <load_address>0x8710</load_address>
         <run_address>0x8710</run_address>
         <size>0x3a</size>
         <input_file_ref idref="fl-c5"/>
      </object_component>
      <object_component id="oc-115">
         <name>.debug_line</name>
         <load_address>0x874a</load_address>
         <run_address>0x874a</run_address>
         <size>0x9a</size>
         <input_file_ref idref="fl-c5"/>
      </object_component>
      <object_component id="oc-81">
         <name>.debug_line</name>
         <load_address>0x87e4</load_address>
         <run_address>0x87e4</run_address>
         <size>0x96</size>
         <input_file_ref idref="fl-c5"/>
      </object_component>
      <object_component id="oc-7d">
         <name>.debug_line</name>
         <load_address>0x887a</load_address>
         <run_address>0x887a</run_address>
         <size>0x33</size>
         <input_file_ref idref="fl-c6"/>
      </object_component>
      <object_component id="oc-5a">
         <name>.debug_line</name>
         <load_address>0x88ad</load_address>
         <run_address>0x88ad</run_address>
         <size>0x45</size>
         <input_file_ref idref="fl-c6"/>
      </object_component>
      <object_component id="oc-39">
         <name>.debug_line</name>
         <load_address>0x88f2</load_address>
         <run_address>0x88f2</run_address>
         <size>0x88</size>
         <input_file_ref idref="fl-c7"/>
      </object_component>
      <object_component id="oc-1eb">
         <name>.debug_line</name>
         <load_address>0x897a</load_address>
         <run_address>0x897a</run_address>
         <size>0xbf</size>
         <input_file_ref idref="fl-c9"/>
      </object_component>
      <object_component id="oc-130">
         <name>.debug_line</name>
         <load_address>0x8a39</load_address>
         <run_address>0x8a39</run_address>
         <size>0x6f</size>
         <input_file_ref idref="fl-c9"/>
      </object_component>
      <object_component id="oc-1ef">
         <name>.debug_line</name>
         <load_address>0x8aa8</load_address>
         <run_address>0x8aa8</run_address>
         <size>0x2e</size>
         <input_file_ref idref="fl-c9"/>
      </object_component>
      <object_component id="oc-203">
         <name>.debug_line</name>
         <load_address>0x8ad6</load_address>
         <run_address>0x8ad6</run_address>
         <size>0x9a</size>
         <input_file_ref idref="fl-c9"/>
      </object_component>
      <object_component id="oc-1f4">
         <name>.debug_line</name>
         <load_address>0x8b70</load_address>
         <run_address>0x8b70</run_address>
         <size>0x97</size>
         <input_file_ref idref="fl-c9"/>
      </object_component>
      <object_component id="oc-1f9">
         <name>.debug_line</name>
         <load_address>0x8c07</load_address>
         <run_address>0x8c07</run_address>
         <size>0x93</size>
         <input_file_ref idref="fl-c9"/>
      </object_component>
      <object_component id="oc-9e">
         <name>.debug_line</name>
         <load_address>0x8c9a</load_address>
         <run_address>0x8c9a</run_address>
         <size>0x40</size>
         <input_file_ref idref="fl-ca"/>
      </object_component>
      <object_component id="oc-125">
         <name>.debug_line</name>
         <load_address>0x8cda</load_address>
         <run_address>0x8cda</run_address>
         <size>0x3c</size>
         <input_file_ref idref="fl-cc"/>
      </object_component>
      <object_component id="oc-6e">
         <name>.debug_frame</name>
         <load_address>0x0</load_address>
         <run_address>0x0</run_address>
         <size>0x278</size>
         <input_file_ref idref="fl-2"/>
      </object_component>
      <object_component id="oc-6a">
         <name>.debug_frame</name>
         <load_address>0x278</load_address>
         <run_address>0x278</run_address>
         <size>0x6c</size>
         <input_file_ref idref="fl-3"/>
      </object_component>
      <object_component id="oc-ad">
         <name>.debug_frame</name>
         <load_address>0x2e4</load_address>
         <run_address>0x2e4</run_address>
         <size>0x70</size>
         <input_file_ref idref="fl-4"/>
      </object_component>
      <object_component id="oc-77">
         <name>.debug_frame</name>
         <load_address>0x354</load_address>
         <run_address>0x354</run_address>
         <size>0x35e4</size>
         <input_file_ref idref="fl-5"/>
      </object_component>
      <object_component id="oc-48">
         <name>.debug_frame</name>
         <load_address>0x3938</load_address>
         <run_address>0x3938</run_address>
         <size>0x54</size>
         <input_file_ref idref="fl-c3"/>
      </object_component>
      <object_component id="oc-22">
         <name>.debug_frame</name>
         <load_address>0x398c</load_address>
         <run_address>0x398c</run_address>
         <size>0x54</size>
         <input_file_ref idref="fl-c4"/>
      </object_component>
      <object_component id="oc-1b">
         <name>.debug_frame</name>
         <load_address>0x39e0</load_address>
         <run_address>0x39e0</run_address>
         <size>0x60</size>
         <input_file_ref idref="fl-c5"/>
      </object_component>
      <object_component id="oc-59">
         <name>.debug_frame</name>
         <load_address>0x3a40</load_address>
         <run_address>0x3a40</run_address>
         <size>0x50</size>
         <input_file_ref idref="fl-c6"/>
      </object_component>
      <object_component id="oc-12f">
         <name>.debug_frame</name>
         <load_address>0x3a90</load_address>
         <run_address>0x3a90</run_address>
         <size>0x5c</size>
         <input_file_ref idref="fl-c9"/>
      </object_component>
      <object_component id="oc-9a">
         <name>.debug_frame</name>
         <load_address>0x3aec</load_address>
         <run_address>0x3aec</run_address>
         <size>0x54</size>
         <input_file_ref idref="fl-ca"/>
      </object_component>
      <object_component id="oc-123">
         <name>.debug_frame</name>
         <load_address>0x3b40</load_address>
         <run_address>0x3b40</run_address>
         <size>0x54</size>
         <input_file_ref idref="fl-cc"/>
      </object_component>
      <object_component id="oc-184">
         <name>.debug_abbrev</name>
         <load_address>0x0</load_address>
         <run_address>0x0</run_address>
         <size>0x105</size>
         <input_file_ref idref="fl-2"/>
      </object_component>
      <object_component id="oc-165">
         <name>.debug_abbrev</name>
         <load_address>0x105</load_address>
         <run_address>0x105</run_address>
         <size>0x29</size>
         <input_file_ref idref="fl-2"/>
      </object_component>
      <object_component id="oc-ba">
         <name>.debug_abbrev</name>
         <load_address>0x12e</load_address>
         <run_address>0x12e</run_address>
         <size>0x10e</size>
         <input_file_ref idref="fl-2"/>
      </object_component>
      <object_component id="oc-188">
         <name>.debug_abbrev</name>
         <load_address>0x23c</load_address>
         <run_address>0x23c</run_address>
         <size>0xbd</size>
         <input_file_ref idref="fl-2"/>
      </object_component>
      <object_component id="oc-18d">
         <name>.debug_abbrev</name>
         <load_address>0x2f9</load_address>
         <run_address>0x2f9</run_address>
         <size>0x97</size>
         <input_file_ref idref="fl-2"/>
      </object_component>
      <object_component id="oc-10f">
         <name>.debug_abbrev</name>
         <load_address>0x390</load_address>
         <run_address>0x390</run_address>
         <size>0x69</size>
         <input_file_ref idref="fl-2"/>
      </object_component>
      <object_component id="oc-194">
         <name>.debug_abbrev</name>
         <load_address>0x3f9</load_address>
         <run_address>0x3f9</run_address>
         <size>0x49</size>
         <input_file_ref idref="fl-2"/>
      </object_component>
      <object_component id="oc-199">
         <name>.debug_abbrev</name>
         <load_address>0x442</load_address>
         <run_address>0x442</run_address>
         <size>0x49</size>
         <input_file_ref idref="fl-2"/>
      </object_component>
      <object_component id="oc-19e">
         <name>.debug_abbrev</name>
         <load_address>0x48b</load_address>
         <run_address>0x48b</run_address>
         <size>0x4b</size>
         <input_file_ref idref="fl-2"/>
      </object_component>
      <object_component id="oc-1a3">
         <name>.debug_abbrev</name>
         <load_address>0x4d6</load_address>
         <run_address>0x4d6</run_address>
         <size>0x4b</size>
         <input_file_ref idref="fl-2"/>
      </object_component>
      <object_component id="oc-108">
         <name>.debug_abbrev</name>
         <load_address>0x521</load_address>
         <run_address>0x521</run_address>
         <size>0x4b</size>
         <input_file_ref idref="fl-2"/>
      </object_component>
      <object_component id="oc-1a8">
         <name>.debug_abbrev</name>
         <load_address>0x56c</load_address>
         <run_address>0x56c</run_address>
         <size>0x4b</size>
         <input_file_ref idref="fl-2"/>
      </object_component>
      <object_component id="oc-34">
         <name>.debug_abbrev</name>
         <load_address>0x5b7</load_address>
         <run_address>0x5b7</run_address>
         <size>0x1f</size>
         <input_file_ref idref="fl-2"/>
      </object_component>
      <object_component id="oc-169">
         <name>.debug_abbrev</name>
         <load_address>0x5d6</load_address>
         <run_address>0x5d6</run_address>
         <size>0x5c</size>
         <input_file_ref idref="fl-2"/>
      </object_component>
      <object_component id="oc-103">
         <name>.debug_abbrev</name>
         <load_address>0x632</load_address>
         <run_address>0x632</run_address>
         <size>0x24</size>
         <input_file_ref idref="fl-2"/>
      </object_component>
      <object_component id="oc-bd">
         <name>.debug_abbrev</name>
         <load_address>0x656</load_address>
         <run_address>0x656</run_address>
         <size>0x24</size>
         <input_file_ref idref="fl-2"/>
      </object_component>
      <object_component id="oc-1ad">
         <name>.debug_abbrev</name>
         <load_address>0x67a</load_address>
         <run_address>0x67a</run_address>
         <size>0x4b</size>
         <input_file_ref idref="fl-2"/>
      </object_component>
      <object_component id="oc-1b2">
         <name>.debug_abbrev</name>
         <load_address>0x6c5</load_address>
         <run_address>0x6c5</run_address>
         <size>0x4b</size>
         <input_file_ref idref="fl-2"/>
      </object_component>
      <object_component id="oc-10b">
         <name>.debug_abbrev</name>
         <load_address>0x710</load_address>
         <run_address>0x710</run_address>
         <size>0x7c</size>
         <input_file_ref idref="fl-3"/>
      </object_component>
      <object_component id="oc-79">
         <name>.debug_abbrev</name>
         <load_address>0x78c</load_address>
         <run_address>0x78c</run_address>
         <size>0x29</size>
         <input_file_ref idref="fl-3"/>
      </object_component>
      <object_component id="oc-b1">
         <name>.debug_abbrev</name>
         <load_address>0x7b5</load_address>
         <run_address>0x7b5</run_address>
         <size>0x89</size>
         <input_file_ref idref="fl-3"/>
      </object_component>
      <object_component id="oc-1da">
         <name>.debug_abbrev</name>
         <load_address>0x83e</load_address>
         <run_address>0x83e</run_address>
         <size>0x29</size>
         <input_file_ref idref="fl-4"/>
      </object_component>
      <object_component id="oc-163">
         <name>.debug_abbrev</name>
         <load_address>0x867</load_address>
         <run_address>0x867</run_address>
         <size>0x8b</size>
         <input_file_ref idref="fl-4"/>
      </object_component>
      <object_component id="oc-190">
         <name>.debug_abbrev</name>
         <load_address>0x8f2</load_address>
         <run_address>0x8f2</run_address>
         <size>0xb4</size>
         <input_file_ref idref="fl-5"/>
      </object_component>
      <object_component id="oc-16c">
         <name>.debug_abbrev</name>
         <load_address>0x9a6</load_address>
         <run_address>0x9a6</run_address>
         <size>0x27</size>
         <input_file_ref idref="fl-5"/>
      </object_component>
      <object_component id="oc-16e">
         <name>.debug_abbrev</name>
         <load_address>0x9cd</load_address>
         <run_address>0x9cd</run_address>
         <size>0x27</size>
         <input_file_ref idref="fl-5"/>
      </object_component>
      <object_component id="oc-172">
         <name>.debug_abbrev</name>
         <load_address>0x9f4</load_address>
         <run_address>0x9f4</run_address>
         <size>0x27</size>
         <input_file_ref idref="fl-5"/>
      </object_component>
      <object_component id="oc-170">
         <name>.debug_abbrev</name>
         <load_address>0xa1b</load_address>
         <run_address>0xa1b</run_address>
         <size>0x27</size>
         <input_file_ref idref="fl-5"/>
      </object_component>
      <object_component id="oc-176">
         <name>.debug_abbrev</name>
         <load_address>0xa42</load_address>
         <run_address>0xa42</run_address>
         <size>0x27</size>
         <input_file_ref idref="fl-5"/>
      </object_component>
      <object_component id="oc-178">
         <name>.debug_abbrev</name>
         <load_address>0xa69</load_address>
         <run_address>0xa69</run_address>
         <size>0x27</size>
         <input_file_ref idref="fl-5"/>
      </object_component>
      <object_component id="oc-17a">
         <name>.debug_abbrev</name>
         <load_address>0xa90</load_address>
         <run_address>0xa90</run_address>
         <size>0x27</size>
         <input_file_ref idref="fl-5"/>
      </object_component>
      <object_component id="oc-17c">
         <name>.debug_abbrev</name>
         <load_address>0xab7</load_address>
         <run_address>0xab7</run_address>
         <size>0x27</size>
         <input_file_ref idref="fl-5"/>
      </object_component>
      <object_component id="oc-17e">
         <name>.debug_abbrev</name>
         <load_address>0xade</load_address>
         <run_address>0xade</run_address>
         <size>0x27</size>
         <input_file_ref idref="fl-5"/>
      </object_component>
      <object_component id="oc-180">
         <name>.debug_abbrev</name>
         <load_address>0xb05</load_address>
         <run_address>0xb05</run_address>
         <size>0x27</size>
         <input_file_ref idref="fl-5"/>
      </object_component>
      <object_component id="oc-174">
         <name>.debug_abbrev</name>
         <load_address>0xb2c</load_address>
         <run_address>0xb2c</run_address>
         <size>0x29</size>
         <input_file_ref idref="fl-5"/>
      </object_component>
      <object_component id="oc-182">
         <name>.debug_abbrev</name>
         <load_address>0xb55</load_address>
         <run_address>0xb55</run_address>
         <size>0x27</size>
         <input_file_ref idref="fl-5"/>
      </object_component>
      <object_component id="oc-1b5">
         <name>.debug_abbrev</name>
         <load_address>0xb7c</load_address>
         <run_address>0xb7c</run_address>
         <size>0x29</size>
         <input_file_ref idref="fl-5"/>
      </object_component>
      <object_component id="oc-fb">
         <name>.debug_abbrev</name>
         <load_address>0xba5</load_address>
         <run_address>0xba5</run_address>
         <size>0x253</size>
         <input_file_ref idref="fl-5"/>
      </object_component>
      <object_component id="oc-fe">
         <name>.debug_abbrev</name>
         <load_address>0xdf8</load_address>
         <run_address>0xdf8</run_address>
         <size>0x1f</size>
         <input_file_ref idref="fl-5"/>
      </object_component>
      <object_component id="oc-1b8">
         <name>.debug_abbrev</name>
         <load_address>0xe17</load_address>
         <run_address>0xe17</run_address>
         <size>0x3c</size>
         <input_file_ref idref="fl-bf"/>
      </object_component>
      <object_component id="oc-1b7">
         <name>.debug_abbrev</name>
         <load_address>0xe53</load_address>
         <run_address>0xe53</run_address>
         <size>0x3c</size>
         <input_file_ref idref="fl-c0"/>
      </object_component>
      <object_component id="oc-1b9">
         <name>.debug_abbrev</name>
         <load_address>0xe8f</load_address>
         <run_address>0xe8f</run_address>
         <size>0x3e</size>
         <input_file_ref idref="fl-c1"/>
      </object_component>
      <object_component id="oc-164">
         <name>.debug_abbrev</name>
         <load_address>0xecd</load_address>
         <run_address>0xecd</run_address>
         <size>0x3c</size>
         <input_file_ref idref="fl-c2"/>
      </object_component>
      <object_component id="oc-11e">
         <name>.debug_abbrev</name>
         <load_address>0xf09</load_address>
         <run_address>0xf09</run_address>
         <size>0x5d</size>
         <input_file_ref idref="fl-c3"/>
      </object_component>
      <object_component id="oc-8c">
         <name>.debug_abbrev</name>
         <load_address>0xf66</load_address>
         <run_address>0xf66</run_address>
         <size>0x6f</size>
         <input_file_ref idref="fl-c3"/>
      </object_component>
      <object_component id="oc-8f">
         <name>.debug_abbrev</name>
         <load_address>0xfd5</load_address>
         <run_address>0xfd5</run_address>
         <size>0x24</size>
         <input_file_ref idref="fl-c3"/>
      </object_component>
      <object_component id="oc-11b">
         <name>.debug_abbrev</name>
         <load_address>0xff9</load_address>
         <run_address>0xff9</run_address>
         <size>0x24</size>
         <input_file_ref idref="fl-c3"/>
      </object_component>
      <object_component id="oc-8a">
         <name>.debug_abbrev</name>
         <load_address>0x101d</load_address>
         <run_address>0x101d</run_address>
         <size>0x37</size>
         <input_file_ref idref="fl-c4"/>
      </object_component>
      <object_component id="oc-3c">
         <name>.debug_abbrev</name>
         <load_address>0x1054</load_address>
         <run_address>0x1054</run_address>
         <size>0x74</size>
         <input_file_ref idref="fl-c4"/>
      </object_component>
      <object_component id="oc-3f">
         <name>.debug_abbrev</name>
         <load_address>0x10c8</load_address>
         <run_address>0x10c8</run_address>
         <size>0x24</size>
         <input_file_ref idref="fl-c4"/>
      </object_component>
      <object_component id="oc-87">
         <name>.debug_abbrev</name>
         <load_address>0x10ec</load_address>
         <run_address>0x10ec</run_address>
         <size>0x24</size>
         <input_file_ref idref="fl-c4"/>
      </object_component>
      <object_component id="oc-117">
         <name>.debug_abbrev</name>
         <load_address>0x1110</load_address>
         <run_address>0x1110</run_address>
         <size>0x37</size>
         <input_file_ref idref="fl-c5"/>
      </object_component>
      <object_component id="oc-2c">
         <name>.debug_abbrev</name>
         <load_address>0x1147</load_address>
         <run_address>0x1147</run_address>
         <size>0x6f</size>
         <input_file_ref idref="fl-c5"/>
      </object_component>
      <object_component id="oc-2f">
         <name>.debug_abbrev</name>
         <load_address>0x11b6</load_address>
         <run_address>0x11b6</run_address>
         <size>0x24</size>
         <input_file_ref idref="fl-c5"/>
      </object_component>
      <object_component id="oc-114">
         <name>.debug_abbrev</name>
         <load_address>0x11da</load_address>
         <run_address>0x11da</run_address>
         <size>0x35</size>
         <input_file_ref idref="fl-c5"/>
      </object_component>
      <object_component id="oc-80">
         <name>.debug_abbrev</name>
         <load_address>0x120f</load_address>
         <run_address>0x120f</run_address>
         <size>0x24</size>
         <input_file_ref idref="fl-c5"/>
      </object_component>
      <object_component id="oc-7c">
         <name>.debug_abbrev</name>
         <load_address>0x1233</load_address>
         <run_address>0x1233</run_address>
         <size>0x29</size>
         <input_file_ref idref="fl-c6"/>
      </object_component>
      <object_component id="oc-a2">
         <name>.debug_abbrev</name>
         <load_address>0x125c</load_address>
         <run_address>0x125c</run_address>
         <size>0x55</size>
         <input_file_ref idref="fl-c6"/>
      </object_component>
      <object_component id="oc-84">
         <name>.debug_abbrev</name>
         <load_address>0x12b1</load_address>
         <run_address>0x12b1</run_address>
         <size>0x3e</size>
         <input_file_ref idref="fl-c7"/>
      </object_component>
      <object_component id="oc-1ea">
         <name>.debug_abbrev</name>
         <load_address>0x12ef</load_address>
         <run_address>0x12ef</run_address>
         <size>0xc0</size>
         <input_file_ref idref="fl-c9"/>
      </object_component>
      <object_component id="oc-1c4">
         <name>.debug_abbrev</name>
         <load_address>0x13af</load_address>
         <run_address>0x13af</run_address>
         <size>0x7e</size>
         <input_file_ref idref="fl-c9"/>
      </object_component>
      <object_component id="oc-1ee">
         <name>.debug_abbrev</name>
         <load_address>0x142d</load_address>
         <run_address>0x142d</run_address>
         <size>0x24</size>
         <input_file_ref idref="fl-c9"/>
      </object_component>
      <object_component id="oc-202">
         <name>.debug_abbrev</name>
         <load_address>0x1451</load_address>
         <run_address>0x1451</run_address>
         <size>0x24</size>
         <input_file_ref idref="fl-c9"/>
      </object_component>
      <object_component id="oc-1f3">
         <name>.debug_abbrev</name>
         <load_address>0x1475</load_address>
         <run_address>0x1475</run_address>
         <size>0x24</size>
         <input_file_ref idref="fl-c9"/>
      </object_component>
      <object_component id="oc-1f8">
         <name>.debug_abbrev</name>
         <load_address>0x1499</load_address>
         <run_address>0x1499</run_address>
         <size>0x4b</size>
         <input_file_ref idref="fl-c9"/>
      </object_component>
      <object_component id="oc-121">
         <name>.debug_abbrev</name>
         <load_address>0x14e4</load_address>
         <run_address>0x14e4</run_address>
         <size>0x55</size>
         <input_file_ref idref="fl-ca"/>
      </object_component>
      <object_component id="oc-1ba">
         <name>.debug_abbrev</name>
         <load_address>0x1539</load_address>
         <run_address>0x1539</run_address>
         <size>0x45</size>
         <input_file_ref idref="fl-cc"/>
      </object_component>
      <object_component id="oc-243">
         <name>.debug_abbrev</name>
         <load_address>0x157e</load_address>
         <run_address>0x157e</run_address>
         <size>0xf</size>
      </object_component>
      <object_component id="oc-18a">
         <name>.debug_str</name>
         <load_address>0x0</load_address>
         <run_address>0x0</run_address>
         <size>0x15b8</size>
         <input_file_ref idref="fl-2"/>
      </object_component>
      <object_component id="oc-18f">
         <name>.debug_str</name>
         <load_address>0x15b8</load_address>
         <run_address>0x15b8</run_address>
         <size>0x474</size>
         <input_file_ref idref="fl-2"/>
      </object_component>
      <object_component id="oc-111">
         <name>.debug_str</name>
         <load_address>0x1a2c</load_address>
         <run_address>0x1a2c</run_address>
         <size>0x29f</size>
         <input_file_ref idref="fl-2"/>
      </object_component>
      <object_component id="oc-196">
         <name>.debug_str</name>
         <load_address>0x1ccb</load_address>
         <run_address>0x1ccb</run_address>
         <size>0x120</size>
         <input_file_ref idref="fl-2"/>
      </object_component>
      <object_component id="oc-19b">
         <name>.debug_str</name>
         <load_address>0x1deb</load_address>
         <run_address>0x1deb</run_address>
         <size>0x26c</size>
         <input_file_ref idref="fl-2"/>
      </object_component>
      <object_component id="oc-1a0">
         <name>.debug_str</name>
         <load_address>0x2057</load_address>
         <run_address>0x2057</run_address>
         <size>0x14c</size>
         <input_file_ref idref="fl-2"/>
      </object_component>
      <object_component id="oc-1a5">
         <name>.debug_str</name>
         <load_address>0x21a3</load_address>
         <run_address>0x21a3</run_address>
         <size>0x106</size>
         <input_file_ref idref="fl-2"/>
      </object_component>
      <object_component id="oc-10a">
         <name>.debug_str</name>
         <load_address>0x22a9</load_address>
         <run_address>0x22a9</run_address>
         <size>0x116</size>
         <input_file_ref idref="fl-2"/>
      </object_component>
      <object_component id="oc-1aa">
         <name>.debug_str</name>
         <load_address>0x23bf</load_address>
         <run_address>0x23bf</run_address>
         <size>0x324</size>
         <input_file_ref idref="fl-2"/>
      </object_component>
      <object_component id="oc-36">
         <name>.debug_str</name>
         <load_address>0x26e3</load_address>
         <run_address>0x26e3</run_address>
         <size>0xfd</size>
         <input_file_ref idref="fl-2"/>
      </object_component>
      <object_component id="oc-16b">
         <name>.debug_str</name>
         <load_address>0x27e0</load_address>
         <run_address>0x27e0</run_address>
         <size>0x335</size>
         <input_file_ref idref="fl-2"/>
      </object_component>
      <object_component id="oc-105">
         <name>.debug_str</name>
         <load_address>0x2b15</load_address>
         <run_address>0x2b15</run_address>
         <size>0x1aa</size>
         <input_file_ref idref="fl-2"/>
      </object_component>
      <object_component id="oc-bf">
         <name>.debug_str</name>
         <load_address>0x2cbf</load_address>
         <run_address>0x2cbf</run_address>
         <size>0x137</size>
         <input_file_ref idref="fl-2"/>
      </object_component>
      <object_component id="oc-1af">
         <name>.debug_str</name>
         <load_address>0x2df6</load_address>
         <run_address>0x2df6</run_address>
         <size>0x17c</size>
         <input_file_ref idref="fl-2"/>
      </object_component>
      <object_component id="oc-1b4">
         <name>.debug_str</name>
         <load_address>0x2f72</load_address>
         <run_address>0x2f72</run_address>
         <size>0x161</size>
         <input_file_ref idref="fl-2"/>
      </object_component>
      <object_component id="oc-100">
         <name>.debug_str</name>
         <load_address>0x30d3</load_address>
         <run_address>0x30d3</run_address>
         <size>0xfd</size>
         <input_file_ref idref="fl-5"/>
      </object_component>
      <object_component id="oc-91">
         <name>.debug_str</name>
         <load_address>0x31d0</load_address>
         <run_address>0x31d0</run_address>
         <size>0x105</size>
         <input_file_ref idref="fl-c3"/>
      </object_component>
      <object_component id="oc-11d">
         <name>.debug_str</name>
         <load_address>0x32d5</load_address>
         <run_address>0x32d5</run_address>
         <size>0x140</size>
         <input_file_ref idref="fl-c3"/>
      </object_component>
      <object_component id="oc-41">
         <name>.debug_str</name>
         <load_address>0x3415</load_address>
         <run_address>0x3415</run_address>
         <size>0x10b</size>
         <input_file_ref idref="fl-c4"/>
      </object_component>
      <object_component id="oc-89">
         <name>.debug_str</name>
         <load_address>0x3520</load_address>
         <run_address>0x3520</run_address>
         <size>0x140</size>
         <input_file_ref idref="fl-c4"/>
      </object_component>
      <object_component id="oc-31">
         <name>.debug_str</name>
         <load_address>0x3660</load_address>
         <run_address>0x3660</run_address>
         <size>0x118</size>
         <input_file_ref idref="fl-c5"/>
      </object_component>
      <object_component id="oc-116">
         <name>.debug_str</name>
         <load_address>0x3778</load_address>
         <run_address>0x3778</run_address>
         <size>0x16b</size>
         <input_file_ref idref="fl-c5"/>
      </object_component>
      <object_component id="oc-82">
         <name>.debug_str</name>
         <load_address>0x38e3</load_address>
         <run_address>0x38e3</run_address>
         <size>0x158</size>
         <input_file_ref idref="fl-c5"/>
      </object_component>
      <object_component id="oc-1f0">
         <name>.debug_str</name>
         <load_address>0x3a3b</load_address>
         <run_address>0x3a3b</run_address>
         <size>0xed</size>
         <input_file_ref idref="fl-c9"/>
      </object_component>
      <object_component id="oc-204">
         <name>.debug_str</name>
         <load_address>0x3b28</load_address>
         <run_address>0x3b28</run_address>
         <size>0x157</size>
         <input_file_ref idref="fl-c9"/>
      </object_component>
      <object_component id="oc-1f5">
         <name>.debug_str</name>
         <load_address>0x3c7f</load_address>
         <run_address>0x3c7f</run_address>
         <size>0x150</size>
         <input_file_ref idref="fl-c9"/>
      </object_component>
      <object_component id="oc-1fa">
         <name>.debug_str</name>
         <load_address>0x3dcf</load_address>
         <run_address>0x3dcf</run_address>
         <size>0x197</size>
         <input_file_ref idref="fl-c9"/>
      </object_component>
      <object_component id="oc-6f">
         <name>.debug_aranges</name>
         <load_address>0x0</load_address>
         <run_address>0x0</run_address>
         <size>0xd0</size>
         <input_file_ref idref="fl-2"/>
      </object_component>
      <object_component id="oc-69">
         <name>.debug_aranges</name>
         <load_address>0xd0</load_address>
         <run_address>0xd0</run_address>
         <size>0x28</size>
         <input_file_ref idref="fl-3"/>
      </object_component>
      <object_component id="oc-ac">
         <name>.debug_aranges</name>
         <load_address>0xf8</load_address>
         <run_address>0xf8</run_address>
         <size>0x28</size>
         <input_file_ref idref="fl-4"/>
      </object_component>
      <object_component id="oc-75">
         <name>.debug_aranges</name>
         <load_address>0x120</load_address>
         <run_address>0x120</run_address>
         <size>0x11c0</size>
         <input_file_ref idref="fl-5"/>
      </object_component>
      <object_component id="oc-f3">
         <name>.debug_aranges</name>
         <load_address>0x12e0</load_address>
         <run_address>0x12e0</run_address>
         <size>0x20</size>
         <input_file_ref idref="fl-bf"/>
      </object_component>
      <object_component id="oc-ef">
         <name>.debug_aranges</name>
         <load_address>0x1300</load_address>
         <run_address>0x1300</run_address>
         <size>0x20</size>
         <input_file_ref idref="fl-c0"/>
      </object_component>
      <object_component id="oc-f7">
         <name>.debug_aranges</name>
         <load_address>0x1320</load_address>
         <run_address>0x1320</run_address>
         <size>0x20</size>
         <input_file_ref idref="fl-c1"/>
      </object_component>
      <object_component id="oc-b3">
         <name>.debug_aranges</name>
         <load_address>0x1340</load_address>
         <run_address>0x1340</run_address>
         <size>0x20</size>
         <input_file_ref idref="fl-c2"/>
      </object_component>
      <object_component id="oc-45">
         <name>.debug_aranges</name>
         <load_address>0x1360</load_address>
         <run_address>0x1360</run_address>
         <size>0x20</size>
         <input_file_ref idref="fl-c3"/>
      </object_component>
      <object_component id="oc-1e">
         <name>.debug_aranges</name>
         <load_address>0x1380</load_address>
         <run_address>0x1380</run_address>
         <size>0x20</size>
         <input_file_ref idref="fl-c4"/>
      </object_component>
      <object_component id="oc-19">
         <name>.debug_aranges</name>
         <load_address>0x13a0</load_address>
         <run_address>0x13a0</run_address>
         <size>0x20</size>
         <input_file_ref idref="fl-c5"/>
      </object_component>
      <object_component id="oc-56">
         <name>.debug_aranges</name>
         <load_address>0x13c0</load_address>
         <run_address>0x13c0</run_address>
         <size>0x20</size>
         <input_file_ref idref="fl-c6"/>
      </object_component>
      <object_component id="oc-38">
         <name>.debug_aranges</name>
         <load_address>0x13e0</load_address>
         <run_address>0x13e0</run_address>
         <size>0x20</size>
         <input_file_ref idref="fl-c7"/>
      </object_component>
      <object_component id="oc-132">
         <name>.debug_aranges</name>
         <load_address>0x1400</load_address>
         <run_address>0x1400</run_address>
         <size>0x20</size>
         <input_file_ref idref="fl-c9"/>
      </object_component>
[...]
         <value>0x66c3</value>
         <object_component_ref idref="oc-73"/>
      </symbol>
      <symbol id="sm-d74">
         <name>Timer32_setCountInBackground</name>
         <value>0x6091</value>
         <object_component_ref idref="oc-73"/>
      </symbol>
      <symbol id="sm-d75">
         <name>ADC14_enableModule</name>
         <value>0x24d</value>
         <object_component_ref idref="oc-73"/>
      </symbol>
      <symbol id="sm-d76">
         <name>FlashCtl_disableReadBuffering</name>
         <value>0x21e1</value>
         <object_component_ref idref="oc-73"/>
      </symbol>
      <symbol id="sm-d77">
         <name>EUSCI_A_SPI_masterChangeClock</name>
         <value>0x5bc7</value>
         <object_component_ref idref="oc-73"/>
      </symbol>
      <symbol id="sm-d78">
         <name>RTC_C_disableInterrupt</name>
         <value>0x5309</value>
         <object_component_ref idref="oc-73"/>
      </symbol>
      <symbol id="sm-d79">
         <name>PCM_enableRudeMode</name>
         <value>0x4b53</value>
         <object_component_ref idref="oc-73"/>
      </symbol>
      <symbol id="sm-d7a">
         <name>AES256_reset</name>
         <value>0xcbb</value>
         <object_component_ref idref="oc-73"/>
      </symbol>
      <symbol id="sm-d7b">
         <name>I2C_enableInterrupt</name>
         <value>0x3d79</value>
         <object_component_ref idref="oc-73"/>
      </symbol>
      <symbol id="sm-d7c">
         <name>I2C_masterReceiveSingleByte</name>
         <value>0x3839</value>
         <object_component_ref idref="oc-73"/>
      </symbol>
      <symbol id="sm-d7d">
         <name>PCM_setPowerMode</name>
         <value>0x4703</value>
         <object_component_ref idref="oc-73"/>
      </symbol>
      <symbol id="sm-d7e">
         <name>GPIO_registerInterrupt</name>
         <value>0x36ff</value>
         <object_component_ref idref="oc-73"/>
      </symbol>
      <symbol id="sm-d7f">
         <name>ResetCtl_clearSoftResetSource</name>
         <value>0x4eb7</value>
         <object_component_ref idref="oc-73"/>
      </symbol>
      <symbol id="sm-d80">
         <name>GPIO_disableInterrupt</name>
         <value>0x35a5</value>
         <object_component_ref idref="oc-73"/>
      </symbol>
      <symbol id="sm-d81">
         <name>SysCtl_getTLVInfo</name>
         <value>0x5d75</value>
         <object_component_ref idref="oc-73"/>
      </symbol>
      <symbol id="sm-d82">
         <name>MPU_disableRegion</name>
         <value>0x42fd</value>
         <object_component_ref idref="oc-73"/>
      </symbol>
      <symbol id="sm-d83">
         <name>Timer_A_configureContinuousMode</name>
         <value>0x6325</value>
         <object_component_ref idref="oc-73"/>
      </symbol>
      <symbol id="sm-d84">
         <name>FlashCtl_eraseSector</name>
         <value>0x280d</value>
         <object_component_ref idref="oc-73"/>
      </symbol>
      <symbol id="sm-d85">
         <name>CS_getHSMCLK</name>
         <value>0x7969</value>
         <object_component_ref idref="oc-73"/>
      </symbol>
      <symbol id="sm-d86">
         <name>ResetCtl_getSoftResetSource</name>
         <value>0x4eb1</value>
         <object_component_ref idref="oc-73"/>
      </symbol>
      <symbol id="sm-d87">
         <name>RTC_C_enableInterrupt</name>
         <value>0x52b1</value>
         <object_component_ref idref="oc-73"/>
      </symbol>
      <symbol id="sm-d88">
         <name>FPU_enableModule</name>
         <value>0x31ed</value>
         <object_component_ref idref="oc-73"/>
      </symbol>
      <symbol id="sm-d89">
         <name>RTC_C_convertBinaryToBCD</name>
         <value>0x5295</value>
         <object_component_ref idref="oc-73"/>
      </symbol>
      <symbol id="sm-d8a">
         <name>I2C_disableModule</name>
         <value>0x37ed</value>
         <object_component_ref idref="oc-73"/>
      </symbol>
      <symbol id="sm-d8b">
         <name>CS_initClockSignal</name>
         <value>0x70ed</value>
         <object_component_ref idref="oc-73"/>
      </symbol>
      <symbol id="sm-d8c">
         <name>SysCtl_enableGlitchFilter</name>
         <value>0x5f5f</value>
         <object_component_ref idref="oc-73"/>
      </symbol>
      <symbol id="sm-d8d">
         <name>EUSCI_A_SPI_isBusy</name>
         <value>0x5d5d</value>
         <object_component_ref idref="oc-73"/>
      </symbol>
      <symbol id="sm-d8e">
         <name>Timer_A_getCaptureCompareEnabledInterruptStatus</name>
         <value>0x677d</value>
         <object_component_ref idref="oc-73"/>
      </symbol>
      <symbol id="sm-d8f">
         <name>FlashCtl_verifyMemory</name>
         <value>0x239d</value>
         <object_component_ref idref="oc-73"/>
      </symbol>
      <symbol id="sm-d90">
         <name>Ir_distance</name>
         <value>0x7e15</value>
         <object_component_ref idref="oc-73"/>
      </symbol>
      <symbol id="sm-d91">
         <name>AES256_clearErrorFlag</name>
         <value>0xecb</value>
         <object_component_ref idref="oc-73"/>
      </symbol>
      <symbol id="sm-d92">
         <name>Interrupt_getVectorTableAddress</name>
         <value>0x4299</value>
         <object_component_ref idref="oc-73"/>
      </symbol>
      <symbol id="sm-d93">
         <name>ADC14_enableComparatorWindow</name>
         <value>0x581</value>
         <object_component_ref idref="oc-73"/>
      </symbol>
      <symbol id="sm-d94">
         <name>Timer_A_getInterruptStatus</name>
         <value>0x66d7</value>
         <object_component_ref idref="oc-73"/>
      </symbol>
      <symbol id="sm-d95">
         <name>CS_disableFaultCounter</name>
         <value>0x7a21</value>
         <object_component_ref idref="oc-73"/>
      </symbol>
      <symbol id="sm-d96">
         <name>DMA_disableChannel</name>
         <value>0x14eb</value>
         <object_component_ref idref="oc-73"/>
      </symbol>
      <symbol id="sm-d97">
         <name>AES256_setCipherKey</name>
         <value>0x995</value>
         <object_component_ref idref="oc-73"/>
      </symbol>
      <symbol id="sm-d98">
         <name>SysTick_unregisterInterrupt</name>
         <value>0x5fb3</value>
         <object_component_ref idref="oc-73"/>
      </symbol>
      <symbol id="sm-d99">
         <name>SysCtl_enableSRAMBankRetention</name>
         <value>0x5ead</value>
         <object_component_ref idref="oc-73"/>
      </symbol>
      <symbol id="sm-d9a">
         <name>DMA_getControlAlternateBase</name>
         <value>0x1547</value>
         <object_component_ref idref="oc-73"/>
      </symbol>
      <symbol id="sm-d9b">
         <name>Timer_A_enableInterrupt</name>
         <value>0x66af</value>
         <object_component_ref idref="oc-73"/>
      </symbol>
      <symbol id="sm-d9c">
         <name>SPI_enableInterrupt</name>
         <value>0x57a9</value>
         <object_component_ref idref="oc-73"/>
      </symbol>
      <symbol id="sm-d9d">
         <name>CRC32_set32BitDataReversed</name>
         <value>0x143d</value>
         <object_component_ref idref="oc-73"/>
      </symbol>
      <symbol id="sm-d9e">
         <name>CRC32_getResult</name>
         <value>0x145d</value>
         <object_component_ref idref="oc-73"/>
      </symbol>
      <symbol id="sm-d9f">
         <name>MPU_enableInterrupt</name>
         <value>0x4391</value>
         <object_component_ref idref="oc-73"/>
      </symbol>
      <symbol id="sm-da0">
         <name>DMA_enableChannelAttribute</name>
         <value>0x1569</value>
         <object_component_ref idref="oc-73"/>
      </symbol>
      <symbol id="sm-da1">
         <name>Interrupt_isEnabled</name>
         <value>0x4121</value>
         <object_component_ref idref="oc-73"/>
      </symbol>
      <symbol id="sm-da2">
         <name>PCM_disableRudeMode</name>
         <value>0x4b65</value>
         <object_component_ref idref="oc-73"/>
      </symbol>
      <symbol id="sm-da3">
         <name>ResetCtl_initiateSoftResetWithSource</name>
         <value>0x4e97</value>
         <object_component_ref idref="oc-73"/>
      </symbol>
      <symbol id="sm-da4">
         <name>ADC14_getResult</name>
         <value>0x71f</value>
         <object_component_ref idref="oc-73"/>
      </symbol>
      <symbol id="sm-da5">
         <name>DMA_clearErrorStatus</name>
         <value>0x14cb</value>
         <object_component_ref idref="oc-73"/>
      </symbol>
      <symbol id="sm-da6">
         <name>SysTick_enableModule</name>
         <value>0x5f8d</value>
         <object_component_ref idref="oc-73"/>
      </symbol>
      <symbol id="sm-da7">
         <name>Timer32_clearInterruptFlag</name>
         <value>0x6151</value>
         <object_component_ref idref="oc-73"/>
      </symbol>
      <symbol id="sm-da8">
         <name>REF_A_isBandgapActive</name>
         <value>0x4e35</value>
         <object_component_ref idref="oc-73"/>
      </symbol>
      <symbol id="sm-da9">
         <name>buzzer</name>
         <value>0x7c31</value>
         <object_component_ref idref="oc-73"/>
      </symbol>
      <symbol id="sm-daa">
         <name>SPI_disableInterrupt</name>
         <value>0x57cf</value>
         <object_component_ref idref="oc-73"/>
      </symbol>
      <symbol id="sm-dab">
         <name>RTC_C_clearInterruptFlag</name>
         <value>0x542d</value>
         <object_component_ref idref="oc-73"/>
      </symbol>
      <symbol id="sm-dac">
         <name>CRC32_set8BitDataReversed</name>
         <value>0x13f1</value>
         <object_component_ref idref="oc-73"/>
      </symbol>
      <symbol id="sm-dad">
         <name>FlashCtl_programMemory</name>
         <value>0x29c9</value>
         <object_component_ref idref="oc-73"/>
      </symbol>
      <symbol id="sm-dae">
         <name>COMP_E_setReferenceVoltage</name>
         <value>0x1093</value>
         <object_component_ref idref="oc-73"/>
      </symbol>
      <symbol id="sm-daf">
         <name>distance_suspend</name>
         <value>0x81c5</value>
         <object_component_ref idref="oc-73"/>
      </symbol>
      <symbol id="sm-db0">
         <name>PSS_disableInterrupt</name>
         <value>0x4d93</value>
         <object_component_ref idref="oc-73"/>
      </symbol>
      <symbol id="sm-db1">
         <name>Interrupt_pendInterrupt</name>
         <value>0x41ad</value>
         <object_component_ref idref="oc-73"/>
      </symbol>
      <symbol id="sm-db2">
         <name>ADC14_registerInterrupt</name>
         <value>0x95d</value>
         <object_component_ref idref="oc-73"/>
      </symbol>
      <symbol id="sm-db3">
         <name>Timer_A_unregisterInterrupt</name>
         <value>0x688b</value>
         <object_component_ref idref="oc-73"/>
      </symbol>
      <symbol id="sm-db4">
         <name>I2C_getTransmitBufferAddressForDMA</name>
         <value>0x3ced</value>
         <object_component_ref idref="oc-73"/>
      </symbol>
      <symbol id="sm-db5">
         <name>COMP_E_setPowerMode</name>
         <value>0x1125</value>
         <object_component_ref idref="oc-73"/>
      </symbol>
      <symbol id="sm-dcc">
         <name>__aeabi_dsub</name>
         <value>0x93ed</value>
         <object_component_ref idref="oc-f1"/>
      </symbol>
      <symbol id="sm-dcd">
         <name>__aeabi_dadd</name>
         <value>0x93f7</value>
         <object_component_ref idref="oc-f1"/>
      </symbol>
      <symbol id="sm-dd8">
         <name>__aeabi_dmul</name>
         <value>0x95a3</value>
         <object_component_ref idref="oc-ec"/>
      </symbol>
      <symbol id="sm-de4">
         <name>__aeabi_d2f</name>
         <value>0x973b</value>
         <object_component_ref idref="oc-f6"/>
      </symbol>
      <symbol id="sm-def">
         <name>__aeabi_f2d</name>
         <value>0x9855</value>
         <object_component_ref idref="oc-b2"/>
      </symbol>
      <symbol id="sm-e08">
         <name>__TI_zero_init_nomemset</name>
         <value>0x98c1</value>
         <object_component_ref idref="oc-43"/>
      </symbol>
      <symbol id="sm-e1f">
         <name>__TI_decompress_none</name>
         <value>0x98dd</value>
         <object_component_ref idref="oc-1d"/>
      </symbol>
      <symbol id="sm-e42">
         <name>__TI_decompress_lzss</name>
         <value>0x97a9</value>
         <object_component_ref idref="oc-17"/>
      </symbol>
      <symbol id="sm-e55">
         <name>__stack</name>
         <value>0x2000fe00</value>
         <object_component_ref idref="oc-29"/>
      </symbol>
      <symbol id="sm-e56">
         <name>_c_int00_noargs</name>
         <value>0x988d</value>
         <object_component_ref idref="oc-55"/>
      </symbol>
      <symbol id="sm-e71">
         <name>memcpy</name>
         <value>0x969f</value>
         <object_component_ref idref="oc-37"/>
      </symbol>
      <symbol id="sm-e72">
         <name>__aeabi_memcpy</name>
         <value>0x969f</value>
         <object_component_ref idref="oc-37"/>
      </symbol>
      <symbol id="sm-e73">
         <name>__aeabi_memcpy8</name>
         <value>0x969f</value>
         <object_component_ref idref="oc-37"/>
      </symbol>
      <symbol id="sm-e74">
         <name>__aeabi_memcpy4</name>
         <value>0x969f</value>
         <object_component_ref idref="oc-37"/>
      </symbol>
      <symbol id="sm-e9d">
         <name>__TI_auto_init_nobinit_nopinit</name>
         <value>0x9811</value>
         <object_component_ref idref="oc-12e"/>
      </symbol>
      <symbol id="sm-ea7">
         <name>_system_pre_init</name>
         <value>0x98f9</value>
         <object_component_ref idref="oc-99"/>
      </symbol>
      <symbol id="sm-eb3">
         <name>C$$EXIT</name>
         <value>0x98fd</value>
         <object_component_ref idref="oc-122"/>
      </symbol>
      <symbol id="sm-eb4">
         <name>abort</name>
         <value>0x98fd</value>
         <object_component_ref idref="oc-122"/>
      </symbol>
      <symbol id="sm-eb7">
         <name>__TI_static_base__</name>
         <value>0x0</value>
      </symbol>
      <symbol id="sm-eba">
         <name>__mpu_init</name>
         <value>0x0</value>
      </symbol>
      <symbol id="sm-ebb">
         <name>_system_post_cinit</name>
         <value>0x0</value>
      </symbol>
      <symbol id="sm-ebc">
         <name>NMI_Handler</name>
         <value>0x98f7</value>
      </symbol>
      <symbol id="sm-ebd">
         <name>HardFault_Handler</name>
         <value>0x98f7</value>
      </symbol>
      <symbol id="sm-ebe">
         <name>MemManage_Handler</name>
         <value>0x98f7</value>
      </symbol>
      <symbol id="sm-ebf">
         <name>BusFault_Handler</name>
         <value>0x98f7</value>
      </symbol>
      <symbol id="sm-ec0">
         <name>UsageFault_Handler</name>
         <value>0x98f7</value>
      </symbol>
      <symbol id="sm-ec1">
         <name>SVC_Handler</name>
         <value>0x98f7</value>
      </symbol>
      <symbol id="sm-ec2">
         <name>DebugMon_Handler</name>
         <value>0x98f7</value>
      </symbol>
      <symbol id="sm-ec3">
         <name>PendSV_Handler</name>
         <value>0x98f7</value>
      </symbol>
      <symbol id="sm-ec4">
         <name>SysTick_Handler</name>
         <value>0x98f7</value>
      </symbol>
      <symbol id="sm-ec5">
         <name>PSS_IRQHandler</name>
         <value>0x98f7</value>
      </symbol>
      <symbol id="sm-ec6">
         <name>CS_IRQHandler</name>
         <value>0x98f7</value>
      </symbol>
      <symbol id="sm-ec7">
         <name>PCM_IRQHandler</name>
         <value>0x98f7</value>
      </symbol>
      <symbol id="sm-ec8">
         <name>WDT_A_IRQHandler</name>
         <value>0x98f7</value>
      </symbol>
      <symbol id="sm-ec9">
         <name>FPU_IRQHandler</name>
         <value>0x98f7</value>
      </symbol>
      <symbol id="sm-eca">
         <name>FLCTL_IRQHandler</name>
         <value>0x98f7</value>
      </symbol>
      <symbol id="sm-ecb">
         <name>COMP_E0_IRQHandler</name>
         <value>0x98f7</value>
      </symbol>
      <symbol id="sm-ecc">
         <name>COMP_E1_IRQHandler</name>
         <value>0x98f7</value>
      </symbol>
      <symbol id="sm-ecd">
         <name>TA0_0_IRQHandler</name>
         <value>0x98f7</value>
      </symbol>
      <symbol id="sm-ece">
         <name>TA0_N_IRQHandler</name>
         <value>0x98f7</value>
      </symbol>
      <symbol id="sm-ecf">
         <name>TA1_0_IRQHandler</name>
         <value>0x98f7</value>
      </symbol>
      <symbol id="sm-ed0">
         <name>TA1_N_IRQHandler</name>
         <value>0x98f7</value>
      </symbol>
      <symbol id="sm-ed1">
         <name>TA2_0_IRQHandler</name>
         <value>0x98f7</value>
      </symbol>
      <symbol id="sm-ed2">
         <name>TA2_N_IRQHandler</name>
         <value>0x98f7</value>
      </symbol>
      <symbol id="sm-ed3">
         <name>TA3_0_IRQHandler</name>
         <value>0x8a1d</value>
      </symbol>
      <symbol id="sm-ed4">
         <name>TA3_N_IRQHandler</name>
         <value>0x98f7</value>
      </symbol>
      <symbol id="sm-ed5">
         <name>EUSCIA0_IRQHandler</name>
         <value>0x98f7</value>
      </symbol>
      <symbol id="sm-ed6">
         <name>EUSCIA1_IRQHandler</name>
         <value>0x98f7</value>
      </symbol>
      <symbol id="sm-ed7">
         <name>EUSCIA2_IRQHandler</name>
         <value>0x8bd9</value>
      </symbol>
      <symbol id="sm-ed8">
         <name>EUSCIA3_IRQHandler</name>
         <value>0x98f7</value>
      </symbol>
      <symbol id="sm-ed9">
         <name>EUSCIB0_IRQHandler</name>
         <value>0x98f7</value>
      </symbol>
      <symbol id="sm-eda">
         <name>EUSCIB1_IRQHandler</name>
         <value>0x98f7</value>
      </symbol>
      <symbol id="sm-edb">
         <name>EUSCIB2_IRQHandler</name>
         <value>0x98f7</value>
      </symbol>
      <symbol id="sm-edc">
         <name>EUSCIB3_IRQHandler</name>
         <value>0x98f7</value>
      </symbol>
      <symbol id="sm-edd">
         <name>ADC14_IRQHandler</name>
         <value>0x7d31</value>
      </symbol>
      <symbol id="sm-ede">
         <name>T32_INT1_IRQHandler</name>
         <value>0x98f7</value>
      </symbol>
      <symbol id="sm-edf">
         <name>T32_INT2_IRQHandler</name>
         <value>0x98f7</value>
      </symbol>
      <symbol id="sm-ee0">
         <name>T32_INTC_IRQHandler</name>
         <value>0x98f7</value>
      </symbol>
      <symbol id="sm-ee1">
         <name>AES256_IRQHandler</name>
         <value>0x98f7</value>
      </symbol>
      <symbol id="sm-ee2">
         <name>RTC_C_IRQHandler</name>
         <value>0x98f7</value>
      </symbol>
      <symbol id="sm-ee3">
         <name>DMA_ERR_IRQHandler</name>
         <value>0x98f7</value>
      </symbol>
      <symbol id="sm-ee4">
         <name>DMA_INT3_IRQHandler</name>
         <value>0x98f7</value>
      </symbol>
      <symbol id="sm-ee5">
         <name>DMA_INT2_IRQHandler</name>
         <value>0x98f7</value>
      </symbol>
      <symbol id="sm-ee6">
         <name>DMA_INT1_IRQHandler</name>
         <value>0x98f7</value>
      </symbol>
      <symbol id="sm-ee7">
         <name>DMA_INT0_IRQHandler</name>
         <value>0x98f7</value>
      </symbol>
      <symbol id="sm-ee8">
         <name>PORT1_IRQHandler</name>
         <value>0x98f7</value>
      </symbol>
      <symbol id="sm-ee9">
         <name>PORT2_IRQHandler</name>
         <value>0x98f7</value>
      </symbol>
      <symbol id="sm-eea">
         <name>PORT3_IRQHandler</name>
         <value>0x98f7</value>
      </symbol>
      <symbol id="sm-eeb">
         <name>PORT4_IRQHandler</name>
         <value>0x8aa1</value>
      </symbol>
      <symbol id="sm-eec">
         <name>PORT5_IRQHandler</name>
         <value>0x98f7</value>
      </symbol>
      <symbol id="sm-eed">
         <name>PORT6_IRQHandler</name>
         <value>0x8ce9</value>
      </symbol>
   </symbol_table>
   <title>Link successful</title>
</link_info>
