******************************************************************************
                  TI ARM Linker PC v20.2.5                     
******************************************************************************
>> Linked Sun Aug  6 14:26:17 2023

OUTPUT FILE NAME:   <Exe01RAM.out>
ENTRY POINT SYMBOL: "_c_int00_noargs"  address: 00000695


MEMORY CONFIGURATION

         name            origin    length      used     unused   attr    fill
----------------------  --------  ---------  --------  --------  ----  --------
  MAIN                  00000000   00040000  0000075c  0003f8a4  R  X
  INFO                  00200000   00004000  00000000  00004000  R  X
  SRAM_CODE             01000000   00010000  0000020c  0000fdf4  RW X
  SRAM_DATA             20000000   00010000  0000020c  0000fdf4  RW  


SEGMENT ALLOCATION MAP

run origin  load origin   length   init length attrs members
----------  ----------- ---------- ----------- ----- -------
00000000    00000000    00000760   00000760    r-x
  00000000    00000000    000000e4   000000e4    r-- .intvecs
  000000e4    000000e4    00000636   00000636    r-x .text
  0000071c    0000071c    00000022   00000022    r-- .const
  00000740    00000740    00000020   00000020    r-- .cinit
20000000    20000000    0000000c   00000000    rw-
  20000000    20000000    0000000c   00000000    rw- .data
2000fe00    2000fe00    00000200   00000000    rw-
  2000fe00    2000fe00    00000200   00000000    rw- .stack


SECTION ALLOCATION MAP

 output                                  attributes/
section   page    origin      length       input sections
--------  ----  ----------  ----------   ----------------
.intvecs   0    00000000    000000e4     
                  00000000    000000e4     startup_msp432p401r_ccs.obj (.intvecs:retain)

.text      0    000000e4    00000636     
                  000000e4    00000334     system_msp432p401r.obj (.text)
                  00000418    00000134     main.obj (.text)
                  0000054c    0000009c     rtsv7M4_T_le_v4SPD16_eabi.lib : memcpy_t2.asm.obj (.text)
                  000005e8    00000068                                   : copy_decompress_lzss.c.obj (.text:decompress:lzss:__TI_decompress_lzss)
                  00000650    00000044                                   : autoinit.c.obj (.text:__TI_auto_init_nobinit_nopinit:__TI_auto_init_nobinit_nopinit)
                  00000694    00000034                                   : boot_cortex_m.c.obj (.text:_c_int00_noargs:_c_int00_noargs)
                  000006c8    0000002e     Exe01_test.obj (.text)
                  000006f6    0000000e     rtsv7M4_T_le_v4SPD16_eabi.lib : copy_decompress_none.c.obj (.text:decompress:none:__TI_decompress_none)
                  00000704    0000000e     startup_msp432p401r_ccs.obj (.text)
                  00000712    00000004     rtsv7M4_T_le_v4SPD16_eabi.lib : pre_init.c.obj (.text:_system_pre_init)
                  00000716    00000004                                   : exit.c.obj (.text:abort:abort)

.const     0    0000071c    00000022     
                  0000071c    00000022     main.obj (.const:.string)

.cinit     0    00000740    00000020     
                  00000740    00000010     (.cinit..data.load) [load image, compression = lzss]
                  00000750    00000008     (__TI_handler_table)
                  00000758    00000008     (__TI_cinit_table)

.init_array 
*          0    00000000    00000000     UNINITIALIZED

.binit     0    00000000    00000000     

.data      0    20000000    0000000c     UNINITIALIZED
                  20000000    00000008     main.obj (.data)
                  20000008    00000004     system_msp432p401r.obj (.data)

.stack     0    2000fe00    00000200     UNINITIALIZED
                  2000fe00    00000004     rtsv7M4_T_le_v4SPD16_eabi.lib : boot_cortex_m.c.obj (.stack)
                  2000fe04    000001fc     --HOLE--

__llvm_prf_cnts 
*          0    20000000    00000000     UNINITIALIZED

MODULE SUMMARY

       Module                        code   ro data   rw data
       ------                        ----   -------   -------
    .\
       system_msp432p401r.obj        820    0         8      
       main.obj                      308    34        16     
       startup_msp432p401r_ccs.obj   14     228       0      
       Exe01_test.obj                46     0         0      
    +--+-----------------------------+------+---------+---------+
       Total:                        1188   262       24     
                                                             
    C:\ti\ccs1110\ccs\tools\compiler\ti-cgt-arm_20.2.5.LTS\lib\rtsv7M4_T_le_v4SPD16_eabi.lib
       memcpy_t2.asm.obj             156    0         0      
       copy_decompress_lzss.c.obj    104    0         0      
       autoinit.c.obj                68     0         0      
       boot_cortex_m.c.obj           52     0         0      
       copy_decompress_none.c.obj    14     0         0      
       exit.c.obj                    4      0         0      
       pre_init.c.obj                4      0         0      
    +--+-----------------------------+------+---------+---------+
       Total:                        402    0         0      
                                                             
       Stack:                        0      0         1024   
       Linker Generated:             0      32        0      
    +--+-----------------------------+------+---------+---------+
       Grand Total:                  1590   294       1048   


LINKER GENERATED COPY TABLES

__TI_cinit_table @ 00000758 records: 1, size/record: 8, table size: 8
	.data: load addr=00000740, load size=00000010 bytes, run addr=20000000, run size=0000000c bytes, compression=lzss


LINKER GENERATED HANDLER TABLE

__TI_handler_table @ 00000750 records: 2, size/record: 4, table size: 8
	index: 0, handler: __TI_decompress_lzss
	index: 1, handler: __TI_decompress_none


GLOBAL SYMBOLS: SORTED ALPHABETICALLY BY Name 

address   name                          
-------   ----                          
00000711  ADC14_IRQHandler              
00000711  AES256_IRQHandler             
00000711  BusFault_Handler              
00000717  C$$EXIT                       
00000711  COMP_E0_IRQHandler            
00000711  COMP_E1_IRQHandler            
00000711  CS_IRQHandler                 
00000711  DMA_ERR_IRQHandler            
00000711  DMA_INT0_IRQHandler           
00000711  DMA_INT1_IRQHandler           
00000711  DMA_INT2_IRQHandler           
00000711  DMA_INT3_IRQHandler           
00000711  DebugMon_Handler              
00000711  Default_Handler               
00000711  EUSCIA0_IRQHandler            
00000711  EUSCIA1_IRQHandler            
00000711  EUSCIA2_IRQHandler            
00000711  EUSCIA3_IRQHandler            
00000711  EUSCIB0_IRQHandler            
00000711  EUSCIB1_IRQHandler            
00000711  EUSCIB2_IRQHandler            
00000711  EUSCIB3_IRQHandler            
00000711  FLCTL_IRQHandler              
00000711  FPU_IRQHandler                
00000711  HardFault_Handler             
00000711  MemManage_Handler             
00000711  NMI_Handler                   
00000711  PCM_IRQHandler                
00000711  PORT1_IRQHandler              
00000711  PORT2_IRQHandler              
00000711  PORT3_IRQHandler              
00000711  PORT4_IRQHandler              
00000711  PORT5_IRQHandler              
00000711  PORT6_IRQHandler              
00000711  PSS_IRQHandler                
00000711  PendSV_Handler                
00000711  RTC_C_IRQHandler              
00000705  Reset_Handler                 
00000711  SVC_Handler                   
00000711  SysTick_Handler               
20000008  SystemCoreClock               
000000e5  SystemCoreClockUpdate         
0000035d  SystemInit                    
00000711  T32_INT1_IRQHandler           
00000711  T32_INT2_IRQHandler           
00000711  T32_INTC_IRQHandler           
00000711  TA0_0_IRQHandler              
00000711  TA0_N_IRQHandler              
00000711  TA1_0_IRQHandler              
00000711  TA1_N_IRQHandler              
00000711  TA2_0_IRQHandler              
00000711  TA2_N_IRQHandler              
00000711  TA3_0_IRQHandler              
00000711  TA3_N_IRQHandler              
00000711  UsageFault_Handler            
4000480c  WDTCTL_SYM                    
00000711  WDT_A_IRQHandler              
20010000  __STACK_END                   
00000200  __STACK_SIZE                  
00000758  __TI_CINIT_Base               
00000760  __TI_CINIT_Limit              
00000750  __TI_Handler_Table_Base       
00000758  __TI_Handler_Table_Limit      
00000651  __TI_auto_init_nobinit_nopinit
000005e9  __TI_decompress_lzss          
000006f7  __TI_decompress_none          
ffffffff  __TI_pprof_out_hndl           
ffffffff  __TI_prof_data_size           
ffffffff  __TI_prof_data_start          
00000000  __TI_static_base__            
0000054d  __aeabi_memcpy                
0000054d  __aeabi_memcpy4               
0000054d  __aeabi_memcpy8               
ffffffff  __binit__                     
ffffffff  __c_args__                    
UNDEFED   __mpu_init                    
2000fe00  __stack                       
20000000  __start___llvm_prf_cnts       
20000000  __stop___llvm_prf_cnts        
00000695  _c_int00_noargs               
UNDEFED   _system_post_cinit            
00000713  _system_pre_init              
00000717  abort                         
ffffffff  binit                         
000006c9  delay_1ms_block               
20000000  global_time                   
00000000  interruptVectors              
00000419  main                          
0000054d  memcpy                        
20000004  string                        


GLOBAL SYMBOLS: SORTED BY Symbol Address 

address   name                          
-------   ----                          
00000000  __TI_static_base__            
00000000  interruptVectors              
000000e5  SystemCoreClockUpdate         
00000200  __STACK_SIZE                  
0000035d  SystemInit                    
00000419  main                          
0000054d  __aeabi_memcpy                
0000054d  __aeabi_memcpy4               
0000054d  __aeabi_memcpy8               
0000054d  memcpy                        
000005e9  __TI_decompress_lzss          
00000651  __TI_auto_init_nobinit_nopinit
00000695  _c_int00_noargs               
000006c9  delay_1ms_block               
000006f7  __TI_decompress_none          
00000705  Reset_Handler                 
00000711  ADC14_IRQHandler              
00000711  AES256_IRQHandler             
00000711  BusFault_Handler              
00000711  COMP_E0_IRQHandler            
00000711  COMP_E1_IRQHandler            
00000711  CS_IRQHandler                 
00000711  DMA_ERR_IRQHandler            
00000711  DMA_INT0_IRQHandler           
00000711  DMA_INT1_IRQHandler           
00000711  DMA_INT2_IRQHandler           
00000711  DMA_INT3_IRQHandler           
00000711  DebugMon_Handler              
00000711  Default_Handler               
00000711  EUSCIA0_IRQHandler            
00000711  EUSCIA1_IRQHandler            
00000711  EUSCIA2_IRQHandler            
00000711  EUSCIA3_IRQHandler            
00000711  EUSCIB0_IRQHandler            
00000711  EUSCIB1_IRQHandler            
00000711  EUSCIB2_IRQHandler            
00000711  EUSCIB3_IRQHandler            
00000711  FLCTL_IRQHandler              
00000711  FPU_IRQHandler                
00000711  HardFault_Handler             
00000711  MemManage_Handler             
00000711  NMI_Handler                   
00000711  PCM_IRQHandler                
00000711  PORT1_IRQHandler              
00000711  PORT2_IRQHandler              
00000711  PORT3_IRQHandler              
00000711  PORT4_IRQHandler              
00000711  PORT5_IRQHandler              
00000711  PORT6_IRQHandler              
00000711  PSS_IRQHandler                
00000711  PendSV_Handler                
00000711  RTC_C_IRQHandler              
00000711  SVC_Handler                   
00000711  SysTick_Handler               
00000711  T32_INT1_IRQHandler           
00000711  T32_INT2_IRQHandler           
00000711  T32_INTC_IRQHandler           
00000711  TA0_0_IRQHandler              
00000711  TA0_N_IRQHandler              
00000711  TA1_0_IRQHandler              
00000711  TA1_N_IRQHandler              
00000711  TA2_0_IRQHandler              
00000711  TA2_N_IRQHandler              
00000711  TA3_0_IRQHandler              
00000711  TA3_N_IRQHandler              
00000711  UsageFault_Handler            
00000711  WDT_A_IRQHandler              
00000713  _system_pre_init              
00000717  C$$EXIT                       
00000717  abort                         
00000750  __TI_Handler_Table_Base       
00000758  __TI_CINIT_Base               
00000758  __TI_Handler_Table_Limit      
00000760  __TI_CINIT_Limit              
20000000  __start___llvm_prf_cnts       
20000000  __stop___llvm_prf_cnts        
20000000  global_time                   
20000004  string                        
20000008  SystemCoreClock               
2000fe00  __stack                       
20010000  __STACK_END                   
4000480c  WDTCTL_SYM                    
ffffffff  __TI_pprof_out_hndl           
ffffffff  __TI_prof_data_size           
ffffffff  __TI_prof_data_start          
ffffffff  __binit__                     
ffffffff  __c_args__                    
ffffffff  binit                         
UNDEFED   __mpu_init                    
UNDEFED   _system_post_cinit            

[90 symbols]
