******************************************************************************
                  TI ARM Linker PC v20.2.7                     
******************************************************************************
>> Linked Mon Aug 14 13:01:31 2023

OUTPUT FILE NAME:   <Exe09UART.out>
ENTRY POINT SYMBOL: "_c_int00_noargs"  address: 00000715


MEMORY CONFIGURATION

         name            origin    length      used     unused   attr    fill
----------------------  --------  ---------  --------  --------  ----  --------
  MAIN                  00000000   00040000  00000800  0003f800  R  X
  INFO                  00200000   00004000  00000000  00004000  R  X
  SRAM_CODE             01000000   00010000  00000218  0000fde8  RW X
  SRAM_DATA             20000000   00010000  00000218  0000fde8  RW  


SEGMENT ALLOCATION MAP

run origin  load origin   length   init length attrs members
----------  ----------- ---------- ----------- ----- -------
00000000    00000000    00000800   00000800    r-x
  00000000    00000000    000000e4   000000e4    r-- .intvecs
  000000e4    000000e4    000006ec   000006ec    r-x .text
  000007d0    000007d0    00000030   00000030    r-- .cinit
20000000    20000000    00000018   00000000    rw-
  20000000    20000000    0000000c   00000000    rw- .bss
  2000000c    2000000c    0000000c   00000000    rw- .data
2000fe00    2000fe00    00000200   00000000    rw-
  2000fe00    2000fe00    00000200   00000000    rw- .stack


SECTION ALLOCATION MAP

 output                                  attributes/
section   page    origin      length       input sections
--------  ----  ----------  ----------   ----------------
.intvecs   0    00000000    000000e4     
                  00000000    000000e4     startup_msp432p401r_ccs.obj (.intvecs:retain)

.text      0    000000e4    000006ec     
                  000000e4    00000334     system_msp432p401r.obj (.text)
                  00000418    000000ac     main.obj (.text)
                  000004c4    0000009c     rtsv7M4_T_le_v4SPD16_eabi.lib : memcpy_t2.asm.obj (.text)
                  00000560    00000090     cs.obj (.text)
                  000005f0    00000078     uart.obj (.text)
                  00000668    00000068     rtsv7M4_T_le_v4SPD16_eabi.lib : copy_decompress_lzss.c.obj (.text:decompress:lzss:__TI_decompress_lzss)
                  000006d0    00000044                                   : autoinit.c.obj (.text:__TI_auto_init_nobinit_nopinit:__TI_auto_init_nobinit_nopinit)
                  00000714    00000034                                   : boot_cortex_m.c.obj (.text:_c_int00_noargs:_c_int00_noargs)
                  00000748    00000030     lpm.obj (.text)
                  00000778    0000001c     rtsv7M4_T_le_v4SPD16_eabi.lib : copy_zero_init.c.obj (.text:decompress:ZI:__TI_zero_init_nomemset:__TI_zero_init_nomemset)
                  00000794    00000018                                   : strcmp.c.obj (.text:strcmp)
                  000007ac    0000000e                                   : copy_decompress_none.c.obj (.text:decompress:none:__TI_decompress_none)
                  000007ba    0000000e     startup_msp432p401r_ccs.obj (.text)
                  000007c8    00000004     rtsv7M4_T_le_v4SPD16_eabi.lib : pre_init.c.obj (.text:_system_pre_init)
                  000007cc    00000004                                   : exit.c.obj (.text:abort:abort)

.cinit     0    000007d0    00000030     
                  000007d0    0000000c     (__TI_handler_table)
                  000007dc    0000000b     (.cinit..data.load) [load image, compression = lzss]
                  000007e7    00000001     --HOLE-- [fill = 0]
                  000007e8    00000008     (.cinit..bss.load) [load image, compression = zero_init]
                  000007f0    00000010     (__TI_cinit_table)

.init_array 
*          0    00000000    00000000     UNINITIALIZED

.binit     0    00000000    00000000     

.bss       0    20000000    0000000c     UNINITIALIZED
                  20000000    0000000c     (.common:code)

.data      0    2000000c    0000000c     UNINITIALIZED
                  2000000c    00000008     main.obj (.data)
                  20000014    00000004     system_msp432p401r.obj (.data)

.stack     0    2000fe00    00000200     UNINITIALIZED
                  2000fe00    00000004     rtsv7M4_T_le_v4SPD16_eabi.lib : boot_cortex_m.c.obj (.stack)
                  2000fe04    000001fc     --HOLE--

__llvm_prf_cnts 
*          0    20000000    00000000     UNINITIALIZED

MODULE SUMMARY

       Module                        code   ro data   rw data
       ------                        ----   -------   -------
    .\
       system_msp432p401r.obj        820    0         8      
       startup_msp432p401r_ccs.obj   14     228       0      
       main.obj                      172    0         40     
       cs.obj                        144    0         0      
       uart.obj                      120    0         0      
       lpm.obj                       48     0         0      
    +--+-----------------------------+------+---------+---------+
       Total:                        1318   228       48     
                                                             
    C:\ti\ccs1110\ccs\tools\compiler\ti-cgt-arm_20.2.7.LTS\lib\rtsv7M4_T_le_v4SPD16_eabi.lib
       memcpy_t2.asm.obj             156    0         0      
       copy_decompress_lzss.c.obj    104    0         0      
       autoinit.c.obj                68     0         0      
       boot_cortex_m.c.obj           52     0         0      
       copy_zero_init.c.obj          28     0         0      
       strcmp.c.obj                  24     0         0      
       copy_decompress_none.c.obj    14     0         0      
       exit.c.obj                    4      0         0      
       pre_init.c.obj                4      0         0      
    +--+-----------------------------+------+---------+---------+
       Total:                        454    0         0      
                                                             
       Stack:                        0      0         1024   
       Linker Generated:             0      47        0      
    +--+-----------------------------+------+---------+---------+
       Grand Total:                  1772   275       1072   


LINKER GENERATED COPY TABLES

__TI_cinit_table @ 000007f0 records: 2, size/record: 8, table size: 16
	.data: load addr=000007dc, load size=0000000b bytes, run addr=2000000c, run size=0000000c bytes, compression=lzss
	.bss: load addr=000007e8, load size=00000008 bytes, run addr=20000000, run size=0000000c bytes, compression=zero_init


LINKER GENERATED HANDLER TABLE

__TI_handler_table @ 000007d0 records: 3, size/record: 4, table size: 12
	index: 0, handler: __TI_decompress_lzss
	index: 1, handler: __TI_decompress_none
	index: 2, handler: __TI_zero_init


GLOBAL SYMBOLS: SORTED ALPHABETICALLY BY Name 

address   name                          
-------   ----                          
000007c7  ADC14_IRQHandler              
000007c7  AES256_IRQHandler             
000007c7  BusFault_Handler              
000007cd  C$$EXIT                       
000007c7  COMP_E0_IRQHandler            
000007c7  COMP_E1_IRQHandler            
000007c7  CS_IRQHandler                 
000007c7  DMA_ERR_IRQHandler            
000007c7  DMA_INT0_IRQHandler           
000007c7  DMA_INT1_IRQHandler           
000007c7  DMA_INT2_IRQHandler           
000007c7  DMA_INT3_IRQHandler           
000007c7  DebugMon_Handler              
000007c7  Default_Handler               
00000433  EUSCIA0_IRQHandler            
00000433  EUSCIA0_IRQHandler            
000007c7  EUSCIA1_IRQHandler            
000007c7  EUSCIA2_IRQHandler            
000007c7  EUSCIA3_IRQHandler            
000007c7  EUSCIB0_IRQHandler            
000007c7  EUSCIB1_IRQHandler            
000007c7  EUSCIB2_IRQHandler            
000007c7  EUSCIB3_IRQHandler            
000007c7  FLCTL_IRQHandler              
000007c7  FPU_IRQHandler                
000007c7  HardFault_Handler             
000007c7  MemManage_Handler             
000007c7  NMI_Handler                   
000007c7  PCM_IRQHandler                
000007c7  PORT1_IRQHandler              
000007c7  PORT2_IRQHandler              
000007c7  PORT3_IRQHandler              
000007c7  PORT4_IRQHandler              
000007c7  PORT5_IRQHandler              
000007c7  PORT6_IRQHandler              
000007c7  PSS_IRQHandler                
000007c7  PendSV_Handler                
000007c7  RTC_C_IRQHandler              
000007bb  Reset_Handler                 
000007c7  SVC_Handler                   
000007c7  SysTick_Handler               
20000014  SystemCoreClock               
000000e5  SystemCoreClockUpdate         
0000035d  SystemInit                    
000007c7  T32_INT1_IRQHandler           
000007c7  T32_INT2_IRQHandler           
000007c7  T32_INTC_IRQHandler           
000007c7  TA0_0_IRQHandler              
000007c7  TA0_N_IRQHandler              
000007c7  TA1_0_IRQHandler              
000007c7  TA1_N_IRQHandler              
000007c7  TA2_0_IRQHandler              
000007c7  TA2_N_IRQHandler              
000007c7  TA3_0_IRQHandler              
000007c7  TA3_N_IRQHandler              
000007c7  UsageFault_Handler            
4000480c  WDTCTL_SYM                    
000007c7  WDT_A_IRQHandler              
20010000  __STACK_END                   
00000200  __STACK_SIZE                  
000007f0  __TI_CINIT_Base               
00000800  __TI_CINIT_Limit              
000007d0  __TI_Handler_Table_Base       
000007dc  __TI_Handler_Table_Limit      
000006d1  __TI_auto_init_nobinit_nopinit
00000669  __TI_decompress_lzss          
000007ad  __TI_decompress_none          
ffffffff  __TI_pprof_out_hndl           
ffffffff  __TI_prof_data_size           
ffffffff  __TI_prof_data_start          
00000000  __TI_static_base__            
00000779  __TI_zero_init_nomemset       
000004c5  __aeabi_memcpy                
000004c5  __aeabi_memcpy4               
000004c5  __aeabi_memcpy8               
ffffffff  __binit__                     
ffffffff  __c_args__                    
UNDEFED   __mpu_init                    
2000fe00  __stack                       
20000000  __start___llvm_prf_cnts       
20000000  __stop___llvm_prf_cnts        
00000715  _c_int00_noargs               
UNDEFED   _system_post_cinit            
000007c9  _system_pre_init              
000007cd  abort                         
ffffffff  binit                         
20000000  code                          
00000561  cs_init                       
000005b9  cs_smclk_12m_init             
2000000c  i                             
00000000  interruptVectors              
20000010  j                             
00000749  lpm_goto_lpm4                 
00000419  main                          
000004c5  memcpy                        
00000795  strcmp                        
000005f1  uart_A0_init                  


GLOBAL SYMBOLS: SORTED BY Symbol Address 

address   name                          
-------   ----                          
00000000  __TI_static_base__            
00000000  interruptVectors              
000000e5  SystemCoreClockUpdate         
00000200  __STACK_SIZE                  
0000035d  SystemInit                    
00000419  main                          
00000433  EUSCIA0_IRQHandler            
00000433  EUSCIA0_IRQHandler            
000004c5  __aeabi_memcpy                
000004c5  __aeabi_memcpy4               
000004c5  __aeabi_memcpy8               
000004c5  memcpy                        
00000561  cs_init                       
000005b9  cs_smclk_12m_init             
000005f1  uart_A0_init                  
00000669  __TI_decompress_lzss          
000006d1  __TI_auto_init_nobinit_nopinit
00000715  _c_int00_noargs               
00000749  lpm_goto_lpm4                 
00000779  __TI_zero_init_nomemset       
00000795  strcmp                        
000007ad  __TI_decompress_none          
000007bb  Reset_Handler                 
000007c7  ADC14_IRQHandler              
000007c7  AES256_IRQHandler             
000007c7  BusFault_Handler              
000007c7  COMP_E0_IRQHandler            
000007c7  COMP_E1_IRQHandler            
000007c7  CS_IRQHandler                 
000007c7  DMA_ERR_IRQHandler            
000007c7  DMA_INT0_IRQHandler           
000007c7  DMA_INT1_IRQHandler           
000007c7  DMA_INT2_IRQHandler           
000007c7  DMA_INT3_IRQHandler           
000007c7  DebugMon_Handler              
000007c7  Default_Handler               
000007c7  EUSCIA1_IRQHandler            
000007c7  EUSCIA2_IRQHandler            
000007c7  EUSCIA3_IRQHandler            
000007c7  EUSCIB0_IRQHandler            
000007c7  EUSCIB1_IRQHandler            
000007c7  EUSCIB2_IRQHandler            
000007c7  EUSCIB3_IRQHandler            
000007c7  FLCTL_IRQHandler              
000007c7  FPU_IRQHandler                
000007c7  HardFault_Handler             
000007c7  MemManage_Handler             
000007c7  NMI_Handler                   
000007c7  PCM_IRQHandler                
000007c7  PORT1_IRQHandler              
000007c7  PORT2_IRQHandler              
000007c7  PORT3_IRQHandler              
000007c7  PORT4_IRQHandler              
000007c7  PORT5_IRQHandler              
000007c7  PORT6_IRQHandler              
000007c7  PSS_IRQHandler                
000007c7  PendSV_Handler                
000007c7  RTC_C_IRQHandler              
000007c7  SVC_Handler                   
000007c7  SysTick_Handler               
000007c7  T32_INT1_IRQHandler           
000007c7  T32_INT2_IRQHandler           
000007c7  T32_INTC_IRQHandler           
000007c7  TA0_0_IRQHandler              
000007c7  TA0_N_IRQHandler              
000007c7  TA1_0_IRQHandler              
000007c7  TA1_N_IRQHandler              
000007c7  TA2_0_IRQHandler              
000007c7  TA2_N_IRQHandler              
000007c7  TA3_0_IRQHandler              
000007c7  TA3_N_IRQHandler              
000007c7  UsageFault_Handler            
000007c7  WDT_A_IRQHandler              
000007c9  _system_pre_init              
000007cd  C$$EXIT                       
000007cd  abort                         
000007d0  __TI_Handler_Table_Base       
000007dc  __TI_Handler_Table_Limit      
000007f0  __TI_CINIT_Base               
00000800  __TI_CINIT_Limit              
20000000  __start___llvm_prf_cnts       
20000000  __stop___llvm_prf_cnts        
20000000  code                          
2000000c  i                             
20000010  j                             
20000014  SystemCoreClock               
2000fe00  __stack                       
20010000  __STACK_END                   
4000480c  WDTCTL_SYM                    
ffffffff  __TI_pprof_out_hndl           
ffffffff  __TI_prof_data_size           
ffffffff  __TI_prof_data_start          
ffffffff  __binit__                     
ffffffff  __c_args__                    
ffffffff  binit                         
UNDEFED   __mpu_init                    
UNDEFED   _system_post_cinit            

[97 symbols]
