******************************************************************************
                  TI ARM Linker PC v20.2.5                     
******************************************************************************
>> Linked Tue Aug 30 18:06:48 2022

OUTPUT FILE NAME:   <Proj02Ir_speed.out>
ENTRY POINT SYMBOL: "_c_int00_noargs"  address: 0000089d


MEMORY CONFIGURATION

         name            origin    length      used     unused   attr    fill
----------------------  --------  ---------  --------  --------  ----  --------
  MAIN                  00000000   00040000  00000946  0003f6ba  R  X
  INFO                  00200000   00004000  00000000  00004000  R  X
  SRAM_CODE             01000000   00010000  00000264  0000fd9c  RW X
  SRAM_DATA             20000000   00010000  00000264  0000fd9c  RW  


SEGMENT ALLOCATION MAP

run origin  load origin   length   init length attrs members
----------  ----------- ---------- ----------- ----- -------
00000000    00000000    0000094c   0000094c    r-x
  00000000    00000000    000000e4   000000e4    r-- .intvecs
  000000e4    000000e4    0000083e   0000083e    r-x .text
  00000928    00000928    00000024   00000024    r-- .cinit
20000000    20000000    00000064   00000000    rw-
  20000000    20000000    00000064   00000000    rw- .data
2000fe00    2000fe00    00000200   00000000    rw-
  2000fe00    2000fe00    00000200   00000000    rw- .stack


SECTION ALLOCATION MAP

 output                                  attributes/
section   page    origin      length       input sections
--------  ----  ----------  ----------   ----------------
.intvecs   0    00000000    000000e4     
                  00000000    000000e4     startup_msp432p401r_ccs.obj (.intvecs:retain)

.text      0    000000e4    0000083e     
                  000000e4    00000334     system_msp432p401r.obj (.text)
                  00000418    000002f4     main.obj (.text)
                  0000070c    0000009c     rtsv7M4_T_le_v4SPD16_eabi.lib : memcpy_t2.asm.obj (.text)
                  000007a8    00000068                                   : copy_decompress_lzss.c.obj (.text:decompress:lzss:__TI_decompress_lzss)
                  00000810    00000048                                   : fd_toi_t2.asm.obj (.text)
                  00000858    00000044                                   : autoinit.c.obj (.text:__TI_auto_init_nobinit_nopinit:__TI_auto_init_nobinit_nopinit)
                  0000089c    00000034                                   : boot_cortex_m.c.obj (.text:_c_int00_noargs:_c_int00_noargs)
                  000008d0    0000002e                                   : i_tofd_t2.asm.obj (.text)
                  000008fe    0000000e                                   : copy_decompress_none.c.obj (.text:decompress:none:__TI_decompress_none)
                  0000090c    0000000e     startup_msp432p401r_ccs.obj (.text)
                  0000091a    00000004     rtsv7M4_T_le_v4SPD16_eabi.lib : pre_init.c.obj (.text:_system_pre_init)
                  0000091e    00000004                                   : exit.c.obj (.text:abort:abort)

.cinit     0    00000928    00000024     
                  00000928    00000013     (.cinit..data.load) [load image, compression = lzss]
                  0000093b    00000001     --HOLE-- [fill = 0]
                  0000093c    00000008     (__TI_handler_table)
                  00000944    00000008     (__TI_cinit_table)

.init_array 
*          0    00000000    00000000     UNINITIALIZED

.binit     0    00000000    00000000     

.data      0    20000000    00000064     UNINITIALIZED
                  20000000    00000014     main.obj (.data)
                  20000014    00000014     main.obj (.data:timerAcaptureValues1)
                  20000028    00000014     main.obj (.data:timerAcaptureValues2)
                  2000003c    00000012     main.obj (.data:timerAcaptureCalcVal1)
                  2000004e    00000012     main.obj (.data:timerAcaptureCalcVal2)
                  20000060    00000004     system_msp432p401r.obj (.data)

.stack     0    2000fe00    00000200     UNINITIALIZED
                  2000fe00    00000004     rtsv7M4_T_le_v4SPD16_eabi.lib : boot_cortex_m.c.obj (.stack)
                  2000fe04    000001fc     --HOLE--

__llvm_prf_cnts 
*          0    20000000    00000000     UNINITIALIZED

MODULE SUMMARY

       Module                        code   ro data   rw data
       ------                        ----   -------   -------
    .\
       main.obj                      756    0         192    
       system_msp432p401r.obj        820    0         8      
       startup_msp432p401r_ccs.obj   14     228       0      
    +--+-----------------------------+------+---------+---------+
       Total:                        1590   228       200    
                                                             
    C:\ti\ccs1110\ccs\tools\compiler\ti-cgt-arm_20.2.5.LTS\lib\rtsv7M4_T_le_v4SPD16_eabi.lib
       memcpy_t2.asm.obj             156    0         0      
       copy_decompress_lzss.c.obj    104    0         0      
       fd_toi_t2.asm.obj             72     0         0      
       autoinit.c.obj                68     0         0      
       boot_cortex_m.c.obj           52     0         0      
       i_tofd_t2.asm.obj             46     0         0      
       copy_decompress_none.c.obj    14     0         0      
       exit.c.obj                    4      0         0      
       pre_init.c.obj                4      0         0      
    +--+-----------------------------+------+---------+---------+
       Total:                        520    0         0      
                                                             
       Stack:                        0      0         1024   
       Linker Generated:             0      35        0      
    +--+-----------------------------+------+---------+---------+
       Grand Total:                  2110   263       1224   


LINKER GENERATED COPY TABLES

__TI_cinit_table @ 00000944 records: 1, size/record: 8, table size: 8
	.data: load addr=00000928, load size=00000013 bytes, run addr=20000000, run size=00000064 bytes, compression=lzss


LINKER GENERATED HANDLER TABLE

__TI_handler_table @ 0000093c records: 2, size/record: 4, table size: 8
	index: 0, handler: __TI_decompress_lzss
	index: 1, handler: __TI_decompress_none


GLOBAL SYMBOLS: SORTED ALPHABETICALLY BY Name 

address   name                          
-------   ----                          
00000919  ADC14_IRQHandler              
00000919  AES256_IRQHandler             
00000919  BusFault_Handler              
0000091f  C$$EXIT                       
00000919  COMP_E0_IRQHandler            
00000919  COMP_E1_IRQHandler            
00000919  CS_IRQHandler                 
00000919  DMA_ERR_IRQHandler            
00000919  DMA_INT0_IRQHandler           
00000919  DMA_INT1_IRQHandler           
00000919  DMA_INT2_IRQHandler           
00000919  DMA_INT3_IRQHandler           
00000919  DebugMon_Handler              
00000919  Default_Handler               
00000919  EUSCIA0_IRQHandler            
00000919  EUSCIA1_IRQHandler            
00000919  EUSCIA2_IRQHandler            
00000919  EUSCIA3_IRQHandler            
00000919  EUSCIB0_IRQHandler            
00000919  EUSCIB1_IRQHandler            
00000919  EUSCIB2_IRQHandler            
00000919  EUSCIB3_IRQHandler            
00000919  FLCTL_IRQHandler              
00000919  FPU_IRQHandler                
00000919  HardFault_Handler             
00000919  MemManage_Handler             
00000919  NMI_Handler                   
00000919  PCM_IRQHandler                
00000919  PORT1_IRQHandler              
00000919  PORT2_IRQHandler              
00000919  PORT3_IRQHandler              
00000919  PORT4_IRQHandler              
00000919  PORT5_IRQHandler              
00000919  PORT6_IRQHandler              
00000919  PSS_IRQHandler                
00000919  PendSV_Handler                
00000919  RTC_C_IRQHandler              
0000090d  Reset_Handler                 
20000004  S                             
00000919  SVC_Handler                   
00000919  SysTick_Handler               
20000060  SystemCoreClock               
000000e5  SystemCoreClockUpdate         
0000035d  SystemInit                    
00000919  T32_INT1_IRQHandler           
00000919  T32_INT2_IRQHandler           
00000919  T32_INTC_IRQHandler           
00000919  TA0_0_IRQHandler              
00000919  TA0_N_IRQHandler              
00000919  TA1_0_IRQHandler              
00000919  TA1_N_IRQHandler              
00000919  TA2_0_IRQHandler              
000005c1  TA2_N_IRQHandler              
000005c1  TA2_N_IRQHandler              
00000919  TA3_0_IRQHandler              
00000919  TA3_N_IRQHandler              
00000919  UsageFault_Handler            
4000480c  WDTCTL_SYM                    
00000919  WDT_A_IRQHandler              
20010000  __STACK_END                   
00000200  __STACK_SIZE                  
00000944  __TI_CINIT_Base               
0000094c  __TI_CINIT_Limit              
0000093c  __TI_Handler_Table_Base       
00000944  __TI_Handler_Table_Limit      
00000859  __TI_auto_init_nobinit_nopinit
000007a9  __TI_decompress_lzss          
000008ff  __TI_decompress_none          
ffffffff  __TI_pprof_out_hndl           
ffffffff  __TI_prof_data_size           
ffffffff  __TI_prof_data_start          
00000000  __TI_static_base__            
00000811  __aeabi_d2iz                  
000008d1  __aeabi_i2d                   
0000070d  __aeabi_memcpy                
0000070d  __aeabi_memcpy4               
0000070d  __aeabi_memcpy8               
ffffffff  __binit__                     
ffffffff  __c_args__                    
UNDEFED   __mpu_init                    
2000fe00  __stack                       
20000000  __start___llvm_prf_cnts       
20000000  __stop___llvm_prf_cnts        
0000089d  _c_int00_noargs               
UNDEFED   _system_post_cinit            
0000091b  _system_pre_init              
0000091f  abort                         
ffffffff  binit                         
20000010  i                             
00000000  interruptVectors              
00000419  main                          
0000070d  memcpy                        
2000003c  timerAcaptureCalcVal1         
2000004e  timerAcaptureCalcVal2         
20000000  timerAcapturePointer1         
20000002  timerAcapturePointer2         
20000014  timerAcaptureValues1          
20000028  timerAcaptureValues2          
20000008  v1                            
2000000c  v2                            


GLOBAL SYMBOLS: SORTED BY Symbol Address 

address   name                          
-------   ----                          
00000000  __TI_static_base__            
00000000  interruptVectors              
000000e5  SystemCoreClockUpdate         
00000200  __STACK_SIZE                  
0000035d  SystemInit                    
00000419  main                          
000005c1  TA2_N_IRQHandler              
000005c1  TA2_N_IRQHandler              
0000070d  __aeabi_memcpy                
0000070d  __aeabi_memcpy4               
0000070d  __aeabi_memcpy8               
0000070d  memcpy                        
000007a9  __TI_decompress_lzss          
00000811  __aeabi_d2iz                  
00000859  __TI_auto_init_nobinit_nopinit
0000089d  _c_int00_noargs               
000008d1  __aeabi_i2d                   
000008ff  __TI_decompress_none          
0000090d  Reset_Handler                 
00000919  ADC14_IRQHandler              
00000919  AES256_IRQHandler             
00000919  BusFault_Handler              
00000919  COMP_E0_IRQHandler            
00000919  COMP_E1_IRQHandler            
00000919  CS_IRQHandler                 
00000919  DMA_ERR_IRQHandler            
00000919  DMA_INT0_IRQHandler           
00000919  DMA_INT1_IRQHandler           
00000919  DMA_INT2_IRQHandler           
00000919  DMA_INT3_IRQHandler           
00000919  DebugMon_Handler              
00000919  Default_Handler               
00000919  EUSCIA0_IRQHandler            
00000919  EUSCIA1_IRQHandler            
00000919  EUSCIA2_IRQHandler            
00000919  EUSCIA3_IRQHandler            
00000919  EUSCIB0_IRQHandler            
00000919  EUSCIB1_IRQHandler            
00000919  EUSCIB2_IRQHandler            
00000919  EUSCIB3_IRQHandler            
00000919  FLCTL_IRQHandler              
00000919  FPU_IRQHandler                
00000919  HardFault_Handler             
00000919  MemManage_Handler             
00000919  NMI_Handler                   
00000919  PCM_IRQHandler                
00000919  PORT1_IRQHandler              
00000919  PORT2_IRQHandler              
00000919  PORT3_IRQHandler              
00000919  PORT4_IRQHandler              
00000919  PORT5_IRQHandler              
00000919  PORT6_IRQHandler              
00000919  PSS_IRQHandler                
00000919  PendSV_Handler                
00000919  RTC_C_IRQHandler              
00000919  SVC_Handler                   
00000919  SysTick_Handler               
00000919  T32_INT1_IRQHandler           
00000919  T32_INT2_IRQHandler           
00000919  T32_INTC_IRQHandler           
00000919  TA0_0_IRQHandler              
00000919  TA0_N_IRQHandler              
00000919  TA1_0_IRQHandler              
00000919  TA1_N_IRQHandler              
00000919  TA2_0_IRQHandler              
00000919  TA3_0_IRQHandler              
00000919  TA3_N_IRQHandler              
00000919  UsageFault_Handler            
00000919  WDT_A_IRQHandler              
0000091b  _system_pre_init              
0000091f  C$$EXIT                       
0000091f  abort                         
0000093c  __TI_Handler_Table_Base       
00000944  __TI_CINIT_Base               
00000944  __TI_Handler_Table_Limit      
0000094c  __TI_CINIT_Limit              
20000000  __start___llvm_prf_cnts       
20000000  __stop___llvm_prf_cnts        
20000000  timerAcapturePointer1         
20000002  timerAcapturePointer2         
20000004  S                             
20000008  v1                            
2000000c  v2                            
20000010  i                             
20000014  timerAcaptureValues1          
20000028  timerAcaptureValues2          
2000003c  timerAcaptureCalcVal1         
2000004e  timerAcaptureCalcVal2         
20000060  SystemCoreClock               
2000fe00  __stack                       
20010000  __STACK_END                   
4000480c  WDTCTL_SYM                    
ffffffff  __TI_pprof_out_hndl           
ffffffff  __TI_prof_data_size           
ffffffff  __TI_prof_data_start          
ffffffff  __binit__                     
ffffffff  __c_args__                    
ffffffff  binit                         
UNDEFED   __mpu_init                    
UNDEFED   _system_post_cinit            

[100 symbols]
