******************************************************************************
                  TI ARM Linker PC v20.2.5                     
******************************************************************************
>> Linked Tue Aug 30 18:07:04 2022

OUTPUT FILE NAME:   <Proj12Lanya.out>
ENTRY POINT SYMBOL: "_c_int00_noargs"  address: 00000711


MEMORY CONFIGURATION

         name            origin    length      used     unused   attr    fill
----------------------  --------  ---------  --------  --------  ----  --------
  MAIN                  00000000   00040000  00000788  0003f878  R  X
  INFO                  00200000   00004000  00000000  00004000  R  X
  SRAM_CODE             01000000   00010000  00000210  0000fdf0  RW X
  SRAM_DATA             20000000   00010000  00000210  0000fdf0  RW  


SEGMENT ALLOCATION MAP

run origin  load origin   length   init length attrs members
----------  ----------- ---------- ----------- ----- -------
00000000    00000000    00000788   00000788    r-x
  00000000    00000000    000000e4   000000e4    r-- .intvecs
  000000e4    000000e4    00000684   00000684    r-x .text
  00000768    00000768    00000020   00000020    r-- .cinit
20000000    20000000    00000010   00000000    rw-
  20000000    20000000    00000010   00000000    rw- .data
2000fe00    2000fe00    00000200   00000000    rw-
  2000fe00    2000fe00    00000200   00000000    rw- .stack


SECTION ALLOCATION MAP

 output                                  attributes/
section   page    origin      length       input sections
--------  ----  ----------  ----------   ----------------
.intvecs   0    00000000    000000e4     
                  00000000    000000e4     startup_msp432p401r_ccs.obj (.intvecs:retain)

.text      0    000000e4    00000684     
                  000000e4    00000334     system_msp432p401r.obj (.text)
                  00000418    000001b0     main.obj (.text)
                  000005c8    0000009c     rtsv7M4_T_le_v4SPD16_eabi.lib : memcpy_t2.asm.obj (.text)
                  00000664    00000068                                   : copy_decompress_lzss.c.obj (.text:decompress:lzss:__TI_decompress_lzss)
                  000006cc    00000044                                   : autoinit.c.obj (.text:__TI_auto_init_nobinit_nopinit:__TI_auto_init_nobinit_nopinit)
                  00000710    00000034                                   : boot_cortex_m.c.obj (.text:_c_int00_noargs:_c_int00_noargs)
                  00000744    0000000e                                   : copy_decompress_none.c.obj (.text:decompress:none:__TI_decompress_none)
                  00000752    0000000e     startup_msp432p401r_ccs.obj (.text)
                  00000760    00000004     rtsv7M4_T_le_v4SPD16_eabi.lib : pre_init.c.obj (.text:_system_pre_init)
                  00000764    00000004                                   : exit.c.obj (.text:abort:abort)

.cinit     0    00000768    00000020     
                  00000768    00000010     (.cinit..data.load) [load image, compression = lzss]
                  00000778    00000008     (__TI_handler_table)
                  00000780    00000008     (__TI_cinit_table)

.init_array 
*          0    00000000    00000000     UNINITIALIZED

.binit     0    00000000    00000000     

.data      0    20000000    00000010     UNINITIALIZED
                  20000000    0000000c     main.obj (.data)
                  2000000c    00000004     system_msp432p401r.obj (.data)

.stack     0    2000fe00    00000200     UNINITIALIZED
                  2000fe00    00000004     rtsv7M4_T_le_v4SPD16_eabi.lib : boot_cortex_m.c.obj (.stack)
                  2000fe04    000001fc     --HOLE--

__llvm_prf_cnts 
*          0    20000000    00000000     UNINITIALIZED

MODULE SUMMARY

       Module                        code   ro data   rw data
       ------                        ----   -------   -------
    .\
       system_msp432p401r.obj        820    0         8      
       main.obj                      432    0         24     
       startup_msp432p401r_ccs.obj   14     228       0      
    +--+-----------------------------+------+---------+---------+
       Total:                        1266   228       32     
                                                             
    C:\ti\ccs1110\ccs\tools\compiler\ti-cgt-arm_20.2.5.LTS\lib\rtsv7M4_T_le_v4SPD16_eabi.lib
       memcpy_t2.asm.obj             156    0         0      
       copy_decompress_lzss.c.obj    104    0         0      
       autoinit.c.obj                68     0         0      
       boot_cortex_m.c.obj           52     0         0      
       copy_decompress_none.c.obj    14     0         0      
       exit.c.obj                    4      0         0      
       pre_init.c.obj                4      0         0      
    +--+-----------------------------+------+---------+---------+
       Total:                        402    0         0      
                                                             
       Stack:                        0      0         1024   
       Linker Generated:             0      32        0      
    +--+-----------------------------+------+---------+---------+
       Grand Total:                  1668   260       1056   


LINKER GENERATED COPY TABLES

__TI_cinit_table @ 00000780 records: 1, size/record: 8, table size: 8
	.data: load addr=00000768, load size=00000010 bytes, run addr=20000000, run size=00000010 bytes, compression=lzss


LINKER GENERATED HANDLER TABLE

__TI_handler_table @ 00000778 records: 2, size/record: 4, table size: 8
	index: 0, handler: __TI_decompress_lzss
	index: 1, handler: __TI_decompress_none


GLOBAL SYMBOLS: SORTED ALPHABETICALLY BY Name 

address   name                          
-------   ----                          
0000075f  ADC14_IRQHandler              
0000075f  AES256_IRQHandler             
0000075f  BusFault_Handler              
00000765  C$$EXIT                       
0000075f  COMP_E0_IRQHandler            
0000075f  COMP_E1_IRQHandler            
0000075f  CS_IRQHandler                 
0000075f  DMA_ERR_IRQHandler            
0000075f  DMA_INT0_IRQHandler           
0000075f  DMA_INT1_IRQHandler           
0000075f  DMA_INT2_IRQHandler           
0000075f  DMA_INT3_IRQHandler           
0000075f  DebugMon_Handler              
0000075f  Default_Handler               
0000075f  EUSCIA0_IRQHandler            
0000075f  EUSCIA1_IRQHandler            
0000075f  EUSCIA2_IRQHandler            
0000075f  EUSCIA3_IRQHandler            
0000075f  EUSCIB0_IRQHandler            
0000075f  EUSCIB1_IRQHandler            
0000075f  EUSCIB2_IRQHandler            
0000075f  EUSCIB3_IRQHandler            
0000075f  FLCTL_IRQHandler              
0000075f  FPU_IRQHandler                
0000075f  HardFault_Handler             
20000008  LANYA                         
0000075f  MemManage_Handler             
0000075f  NMI_Handler                   
20000000  PART                          
0000075f  PCM_IRQHandler                
0000075f  PORT1_IRQHandler              
0000075f  PORT2_IRQHandler              
0000075f  PORT3_IRQHandler              
0000075f  PORT4_IRQHandler              
0000075f  PORT5_IRQHandler              
0000075f  PORT6_IRQHandler              
0000075f  PSS_IRQHandler                
0000075f  PendSV_Handler                
0000075f  RTC_C_IRQHandler              
00000753  Reset_Handler                 
0000075f  SVC_Handler                   
0000075f  SysTick_Handler               
2000000c  SystemCoreClock               
000000e5  SystemCoreClockUpdate         
0000035d  SystemInit                    
0000075f  T32_INT1_IRQHandler           
0000075f  T32_INT2_IRQHandler           
0000075f  T32_INTC_IRQHandler           
0000075f  TA0_0_IRQHandler              
0000075f  TA0_N_IRQHandler              
0000075f  TA1_0_IRQHandler              
0000075f  TA1_N_IRQHandler              
0000075f  TA2_0_IRQHandler              
0000075f  TA2_N_IRQHandler              
0000075f  TA3_0_IRQHandler              
0000075f  TA3_N_IRQHandler              
0000075f  UsageFault_Handler            
4000480c  WDTCTL_SYM                    
0000075f  WDT_A_IRQHandler              
20010000  __STACK_END                   
00000200  __STACK_SIZE                  
00000780  __TI_CINIT_Base               
00000788  __TI_CINIT_Limit              
00000778  __TI_Handler_Table_Base       
00000780  __TI_Handler_Table_Limit      
000006cd  __TI_auto_init_nobinit_nopinit
00000665  __TI_decompress_lzss          
00000745  __TI_decompress_none          
ffffffff  __TI_pprof_out_hndl           
ffffffff  __TI_prof_data_size           
ffffffff  __TI_prof_data_start          
00000000  __TI_static_base__            
000005c9  __aeabi_memcpy                
000005c9  __aeabi_memcpy4               
000005c9  __aeabi_memcpy8               
ffffffff  __binit__                     
ffffffff  __c_args__                    
UNDEFED   __mpu_init                    
2000fe00  __stack                       
20000000  __start___llvm_prf_cnts       
20000000  __stop___llvm_prf_cnts        
00000711  _c_int00_noargs               
UNDEFED   _system_post_cinit            
00000761  _system_pre_init              
00000765  abort                         
ffffffff  binit                         
00000477  cong_bluetooth                
00000419  cong_bluetooth_init           
00000000  interruptVectors              
00000525  main                          
000005c9  memcpy                        
20000004  part                          


GLOBAL SYMBOLS: SORTED BY Symbol Address 

address   name                          
-------   ----                          
00000000  __TI_static_base__            
00000000  interruptVectors              
000000e5  SystemCoreClockUpdate         
00000200  __STACK_SIZE                  
0000035d  SystemInit                    
00000419  cong_bluetooth_init           
00000477  cong_bluetooth                
00000525  main                          
000005c9  __aeabi_memcpy                
000005c9  __aeabi_memcpy4               
000005c9  __aeabi_memcpy8               
000005c9  memcpy                        
00000665  __TI_decompress_lzss          
000006cd  __TI_auto_init_nobinit_nopinit
00000711  _c_int00_noargs               
00000745  __TI_decompress_none          
00000753  Reset_Handler                 
0000075f  ADC14_IRQHandler              
0000075f  AES256_IRQHandler             
0000075f  BusFault_Handler              
0000075f  COMP_E0_IRQHandler            
0000075f  COMP_E1_IRQHandler            
0000075f  CS_IRQHandler                 
0000075f  DMA_ERR_IRQHandler            
0000075f  DMA_INT0_IRQHandler           
0000075f  DMA_INT1_IRQHandler           
0000075f  DMA_INT2_IRQHandler           
0000075f  DMA_INT3_IRQHandler           
0000075f  DebugMon_Handler              
0000075f  Default_Handler               
0000075f  EUSCIA0_IRQHandler            
0000075f  EUSCIA1_IRQHandler            
0000075f  EUSCIA2_IRQHandler            
0000075f  EUSCIA3_IRQHandler            
0000075f  EUSCIB0_IRQHandler            
0000075f  EUSCIB1_IRQHandler            
0000075f  EUSCIB2_IRQHandler            
0000075f  EUSCIB3_IRQHandler            
0000075f  FLCTL_IRQHandler              
0000075f  FPU_IRQHandler                
0000075f  HardFault_Handler             
0000075f  MemManage_Handler             
0000075f  NMI_Handler                   
0000075f  PCM_IRQHandler                
0000075f  PORT1_IRQHandler              
0000075f  PORT2_IRQHandler              
0000075f  PORT3_IRQHandler              
0000075f  PORT4_IRQHandler              
0000075f  PORT5_IRQHandler              
0000075f  PORT6_IRQHandler              
0000075f  PSS_IRQHandler                
0000075f  PendSV_Handler                
0000075f  RTC_C_IRQHandler              
0000075f  SVC_Handler                   
0000075f  SysTick_Handler               
0000075f  T32_INT1_IRQHandler           
0000075f  T32_INT2_IRQHandler           
0000075f  T32_INTC_IRQHandler           
0000075f  TA0_0_IRQHandler              
0000075f  TA0_N_IRQHandler              
0000075f  TA1_0_IRQHandler              
0000075f  TA1_N_IRQHandler              
0000075f  TA2_0_IRQHandler              
0000075f  TA2_N_IRQHandler              
0000075f  TA3_0_IRQHandler              
0000075f  TA3_N_IRQHandler              
0000075f  UsageFault_Handler            
0000075f  WDT_A_IRQHandler              
00000761  _system_pre_init              
00000765  C$$EXIT                       
00000765  abort                         
00000778  __TI_Handler_Table_Base       
00000780  __TI_CINIT_Base               
00000780  __TI_Handler_Table_Limit      
00000788  __TI_CINIT_Limit              
20000000  PART                          
20000000  __start___llvm_prf_cnts       
20000000  __stop___llvm_prf_cnts        
20000004  part                          
20000008  LANYA                         
2000000c  SystemCoreClock               
2000fe00  __stack                       
20010000  __STACK_END                   
4000480c  WDTCTL_SYM                    
ffffffff  __TI_pprof_out_hndl           
ffffffff  __TI_prof_data_size           
ffffffff  __TI_prof_data_start          
ffffffff  __binit__                     
ffffffff  __c_args__                    
ffffffff  binit                         
UNDEFED   __mpu_init                    
UNDEFED   _system_post_cinit            

[92 symbols]
