******************************************************************************
                  TI ARM Linker PC v20.2.5                     
******************************************************************************
>> Linked Sat Sep 24 12:59:43 2022

OUTPUT FILE NAME:   <Pack16MG310.out>
ENTRY POINT SYMBOL: "_c_int00_noargs"  address: 00002d95


MEMORY CONFIGURATION

         name            origin    length      used     unused   attr    fill
----------------------  --------  ---------  --------  --------  ----  --------
  MAIN                  00000000   00040000  00003199  0003ce67  R  X
  INFO                  00200000   00004000  00000000  00004000  R  X
  SRAM_CODE             01000000   00010000  000009bc  0000f644  RW X
  SRAM_DATA             20000000   00010000  000009bc  0000f644  RW  


SEGMENT ALLOCATION MAP

run origin  load origin   length   init length attrs members
----------  ----------- ---------- ----------- ----- -------
00000000    00000000    000031a0   000031a0    r-x
  00000000    00000000    000000e4   000000e4    r-- .intvecs
  000000e4    000000e4    00002f1c   00002f1c    r-x .text
  00003000    00003000    00000101   00000101    r-- .const
  00003108    00003108    00000098   00000098    r-- .cinit
20000000    20000000    000007bc   00000000    rw-
  20000000    20000000    00000400   00000000    rw- .sysmem
  20000400    20000400    000001f0   00000000    rw- .data
  200005f0    200005f0    000001cc   00000000    rw- .bss
2000fe00    2000fe00    00000200   00000000    rw-
  2000fe00    2000fe00    00000200   00000000    rw- .stack


SECTION ALLOCATION MAP

 output                                  attributes/
section   page    origin      length       input sections
--------  ----  ----------  ----------   ----------------
.intvecs   0    00000000    000000e4     
                  00000000    000000e4     startup_msp432p401r_ccs.obj (.intvecs:retain)

.text      0    000000e4    00002f1c     
                  000000e4    00000a4e     rtsv7M4_T_le_v4SPD16_eabi.lib : _printfi.c.obj (.text:__TI_printfi)
                  00000b32    00000002                                   : _lock.c.obj (.text:_nop)
                  00000b34    00000334     system_msp432p401r.obj (.text)
                  00000e68    00000270     rtsv7M4_T_le_v4SPD16_eabi.lib : _printfi.c.obj (.text:_pconv_a)
                  000010d8    000001e8     Pack16.obj (.text)
                  000012c0    000001d0     rtsv7M4_T_le_v4SPD16_eabi.lib : _printfi.c.obj (.text:_pconv_g)
                  00001490    000001b6                                   : fd_add_t2.asm.obj (.text)
                  00001646    00000002                                   : div0.asm.obj (.text)
                  00001648    0000013c                                   : _printfi.c.obj (.text:_pconv_e)
                  00001784    00000136                                   : fd_div_t2.asm.obj (.text)
                  000018ba    00000002     --HOLE-- [fill = 0]
                  000018bc    00000124                                   : _printfi.c.obj (.text:fcvt)
                  000019e0    00000114                                   : fputs.c.obj (.text:fputs)
                  00001af4    00000110                                   : s_scalbn.c.obj (.text:scalbn)
                  00001c04    00000100                                   : memory.c.obj (.text:aligned_alloc)
                  00001d04    000000fc                                   : fd_mul_t2.asm.obj (.text)
                  00001e00    000000e4                                   : memory.c.obj (.text:free)
                  00001ee4    000000dc                                   : setvbuf.c.obj (.text:setvbuf)
                  00001fc0    000000b1                                   : _printfi.c.obj (.text:_ltostr)
                  00002071    00000001     --HOLE-- [fill = 0]
                  00002072    0000009c                                   : memcpy_t2.asm.obj (.text)
                  0000210e    00000096                                   : ull_div_t2.asm.obj (.text)
                  000021a4    0000008c                                   : fputc.c.obj (.text:fputc)
                  00002230    00000086                                   : fd_cmp_t2.asm.obj (.text:__aeabi_cdcmple)
                  000022b6    00000086                                   : fd_cmp_t2.asm.obj (.text:__aeabi_cdrcmple)
                  0000233c    0000007a                                   : memset_t2.asm.obj (.text)
                  000023b6    00000002     --HOLE-- [fill = 0]
                  000023b8    00000074                                   : fclose.c.obj (.text:__TI_closefile)
                  0000242c    00000070                                   : memory.c.obj (.text:split)
                  0000249c    0000006e                                   : _printfi.c.obj (.text:_mcpy)
                  0000250a    00000002     --HOLE-- [fill = 0]
                  0000250c    0000006c                                   : hostrename.c.obj (.text:HOSTrename)
                  00002578    00000068                                   : hostlseek.c.obj (.text:HOSTlseek)
                  000025e0    00000068                                   : copy_decompress_lzss.c.obj (.text:decompress:lzss:__TI_decompress_lzss)
                  00002648    00000068                                   : printf.c.obj (.text:printf)
                  000026b0    00000064                                   : s_frexp.c.obj (.text:frexp)
                  00002714    00000064                                   : fseek.c.obj (.text:fseek)
                  00002778    00000062                                   : _io_perm.c.obj (.text:__TI_wrt_ok)
                  000027da    00000002     --HOLE-- [fill = 0]
                  000027dc    00000060                                   : hostopen.c.obj (.text:HOSTopen)
                  0000283c    0000005c                                   : close.c.obj (.text:close)
                  00002898    00000058                                   : hostread.c.obj (.text:HOSTread)
                  000028f0    00000058                                   : hostwrite.c.obj (.text:HOSTwrite)
                  00002948    00000056                                   : _printfi.c.obj (.text:_pconv_f)
                  0000299e    00000054                                   : _ltoa.c.obj (.text:__TI_ltoa)
                  000029f2    00000052                                   : _printfi.c.obj (.text:_ecpy)
                  00002a44    0000004c                                   : fflush.c.obj (.text:__TI_doflush)
                  00002a90    0000004c                                   : atoi.c.obj (.text:atoi)
                  00002adc    00000048                                   : exit.c.obj (.text:exit)
                  00002b24    00000048                                   : fd_toi_t2.asm.obj (.text)
                  00002b6c    00000044                                   : hostclose.c.obj (.text:HOSTclose)
                  00002bb0    00000044                                   : hostunlink.c.obj (.text:HOSTunlink)
                  00002bf4    00000044                                   : autoinit.c.obj (.text:__TI_auto_init_nobinit_nopinit:__TI_auto_init_nobinit_nopinit)
                  00002c38    00000044                                   : getdevice.c.obj (.text:getdevice)
                  00002c7c    0000003e                                   : _printfi.c.obj (.text:_fcpy)
                  00002cba    00000002     --HOLE-- [fill = 0]
                  00002cbc    00000038                                   : trgmsg.c.obj (.text:__TI_writemsg)
                  00002cf4    00000036                                   : strncpy.c.obj (.text:strncpy)
                  00002d2a    00000002     --HOLE-- [fill = 0]
                  00002d2c    00000034                                   : fopen.c.obj (.text:__TI_cleanup)
                  00002d60    00000034                                   : trgmsg.c.obj (.text:__TI_readmsg)
                  00002d94    00000034                                   : boot_cortex_m.c.obj (.text:_c_int00_noargs:_c_int00_noargs)
                  00002dc8    00000030                                   : getdevice.c.obj (.text:finddevice)
                  00002df8    0000002e                                   : i_tofd_t2.asm.obj (.text)
                  00002e26    00000002     --HOLE-- [fill = 0]
                  00002e28    0000002c                                   : unlink.c.obj (.text:unlink)
                  00002e54    00000028                                   : memory.c.obj (.text:free_list_insert)
                  00002e7c    00000028                                   : lseek.c.obj (.text:lseek)
                  00002ea4    00000028                                   : write.c.obj (.text:write)
                  00002ecc    00000020                                   : memchr.c.obj (.text:memchr)
                  00002eec    0000001c                                   : copy_zero_init.c.obj (.text:decompress:ZI:__TI_zero_init_nomemset:__TI_zero_init_nomemset)
                  00002f08    0000001c                                   : memory.c.obj (.text:free_list_remove)
                  00002f24    0000001c                                   : memccpy.c.obj (.text:memccpy)
                  00002f40    0000001a                                   : s_copysign.c.obj (.text:copysign)
                  00002f5a    00000018                                   : strcmp.c.obj (.text:strcmp)
                  00002f72    00000016                                   : strchr.c.obj (.text:strchr)
                  00002f88    00000014                                   : strcpy.c.obj (.text:strcpy)
                  00002f9c    00000014                                   : strlen.c.obj (.text:strlen)
                  00002fb0    00000012                                   : wcslen.c.obj (.text:wcslen)
                  00002fc2    0000000e                                   : copy_decompress_none.c.obj (.text:decompress:none:__TI_decompress_none)
                  00002fd0    0000000e     startup_msp432p401r_ccs.obj (.text)
                  00002fde    00000002     --HOLE-- [fill = 0]
                  00002fe0    00000008     rtsv7M4_T_le_v4SPD16_eabi.lib : errno.c.obj (.text:__aeabi_errno_addr)
                  00002fe8    00000008                                   : memory.c.obj (.text:malloc)
                  00002ff0    00000004                                   : printf.c.obj (.text:_outc)
                  00002ff4    00000004                                   : printf.c.obj (.text:_outs)
                  00002ff8    00000004                                   : pre_init.c.obj (.text:_system_pre_init)
                  00002ffc    00000004                                   : exit.c.obj (.text:abort:abort)

.const     0    00003000    00000101     
                  00003000    00000101     rtsv7M4_T_le_v4SPD16_eabi.lib : ctype.c.obj (.const:.string:_ctypes_)

.cinit     0    00003108    00000098     
                  00003108    00000070     (.cinit..data.load) [load image, compression = lzss]
                  00003178    0000000c     (__TI_handler_table)
                  00003184    00000004     --HOLE-- [fill = 0]
                  00003188    00000008     (.cinit..bss.load) [load image, compression = zero_init]
                  00003190    00000010     (__TI_cinit_table)

.init_array 
*          0    00000000    00000000     UNINITIALIZED

.binit     0    00000000    00000000     

.sysmem    0    20000000    00000400     UNINITIALIZED
                  20000000    00000010     rtsv7M4_T_le_v4SPD16_eabi.lib : memory.c.obj (.sysmem)
                  20000010    000003f0     --HOLE--

.data      0    20000400    000001f0     UNINITIALIZED
                  20000400    000000f0     rtsv7M4_T_le_v4SPD16_eabi.lib : defs.c.obj (.data:_ftable)
                  200004f0    00000078                                   : host_device.c.obj (.data:_device)
                  20000568    00000050                                   : host_device.c.obj (.data:_stream)
                  200005b8    00000010                                   : defs.c.obj (.data)
                  200005c8    0000000c                                   : exit.c.obj (.data:$O1$$)
                  200005d4    00000008                                   : _lock.c.obj (.data:$O1$$)
                  200005dc    00000008                                   : memory.c.obj (.data:$O1$$)
                  200005e4    00000004     Pack16.obj (.data)
                  200005e8    00000004     rtsv7M4_T_le_v4SPD16_eabi.lib : errno.c.obj (.data)
                  200005ec    00000004     system_msp432p401r.obj (.data)

.bss       0    200005f0    000001cc     UNINITIALIZED
                  200005f0    00000120     rtsv7M4_T_le_v4SPD16_eabi.lib : trgmsg.c.obj (.bss:_CIOBUF_)
                  20000710    000000a0     (.common:__TI_tmpnams)
                  200007b0    00000008     (.common:parmbuf)
                  200007b8    00000004     (.common:v)

.stack     0    2000fe00    00000200     UNINITIALIZED
                  2000fe00    00000004     rtsv7M4_T_le_v4SPD16_eabi.lib : boot_cortex_m.c.obj (.stack)
                  2000fe04    000001fc     --HOLE--

__llvm_prf_cnts 
*          0    20000000    00000000     UNINITIALIZED

MODULE SUMMARY

       Module                        code    ro data   rw data
       ------                        ----    -------   -------
    .\
       system_msp432p401r.obj        820     0         8      
       Pack16.obj                    488     0         16     
       startup_msp432p401r_ccs.obj   14      228       0      
    +--+-----------------------------+-------+---------+---------+
       Total:                        1322    228       24     
                                                              
    C:\ti\ccs1110\ccs\tools\compiler\ti-cgt-arm_20.2.5.LTS\lib\rtsv7M4_T_le_v4SPD16_eabi.lib
       _printfi.c.obj                4851    0         0      
       defs.c.obj                    0       0         832    
       memory.c.obj                  672     0         16     
       trgmsg.c.obj                  108     0         576    
       fd_add_t2.asm.obj             438     0         0      
       host_device.c.obj             0       0         400    
       fd_div_t2.asm.obj             310     0         0      
       fputs.c.obj                   276     0         0      
       s_scalbn.c.obj                272     0         0      
       fd_cmp_t2.asm.obj             268     0         0      
       ctype.c.obj                   0       257       0      
       fd_mul_t2.asm.obj             252     0         0      
       setvbuf.c.obj                 220     0         0      
       memcpy_t2.asm.obj             156     0         0      
       ull_div_t2.asm.obj            150     0         0      
       fputc.c.obj                   140     0         0      
       memset_t2.asm.obj             122     0         0      
       fclose.c.obj                  116     0         0      
       getdevice.c.obj               116     0         0      
       hostopen.c.obj                96      0         16     
       printf.c.obj                  112     0         0      
       hostrename.c.obj              108     0         0      
       copy_decompress_lzss.c.obj    104     0         0      
       hostlseek.c.obj               104     0         0      
       exit.c.obj                    76      0         24     
       fseek.c.obj                   100     0         0      
       s_frexp.c.obj                 100     0         0      
       _io_perm.c.obj                98      0         0      
       close.c.obj                   92      0         0      
       hostread.c.obj                88      0         0      
       hostwrite.c.obj               88      0         0      
       _ltoa.c.obj                   84      0         0      
       atoi.c.obj                    76      0         0      
       fflush.c.obj                  76      0         0      
       fd_toi_t2.asm.obj             72      0         0      
       autoinit.c.obj                68      0         0      
       hostclose.c.obj               68      0         0      
       hostunlink.c.obj              68      0         0      
       strncpy.c.obj                 54      0         0      
       boot_cortex_m.c.obj           52      0         0      
       fopen.c.obj                   52      0         0      
       i_tofd_t2.asm.obj             46      0         0      
       unlink.c.obj                  44      0         0      
       lseek.c.obj                   40      0         0      
       write.c.obj                   40      0         0      
       memchr.c.obj                  32      0         0      
       copy_zero_init.c.obj          28      0         0      
       memccpy.c.obj                 28      0         0      
       s_copysign.c.obj              26      0         0      
       strcmp.c.obj                  24      0         0      
       strchr.c.obj                  22      0         0      
       strcpy.c.obj                  20      0         0      
       strlen.c.obj                  20      0         0      
       _lock.c.obj                   2       0         16     
       wcslen.c.obj                  18      0         0      
       errno.c.obj                   8       0         8      
       copy_decompress_none.c.obj    14      0         0      
       pre_init.c.obj                4       0         0      
       div0.asm.obj                  2       0         0      
    +--+-----------------------------+-------+---------+---------+
       Total:                        10721   257       1888   
                                                              
       Heap:                         0       0         2048   
       Stack:                        0       0         1024   
       Linker Generated:             0       148       0      
    +--+-----------------------------+-------+---------+---------+
       Grand Total:                  12043   633       4984   


LINKER GENERATED COPY TABLES

__TI_cinit_table @ 00003190 records: 2, size/record: 8, table size: 16
	.data: load addr=00003108, load size=00000070 bytes, run addr=20000400, run size=000001f0 bytes, compression=lzss
	.bss: load addr=00003188, load size=00000008 bytes, run addr=200005f0, run size=000001cc bytes, compression=zero_init


LINKER GENERATED HANDLER TABLE

__TI_handler_table @ 00003178 records: 3, size/record: 4, table size: 12
	index: 0, handler: __TI_decompress_lzss
	index: 1, handler: __TI_decompress_none
	index: 2, handler: __TI_zero_init


GLOBAL SYMBOLS: SORTED ALPHABETICALLY BY Name 

address   name                           
-------   ----                           
00002fdd  ADC14_IRQHandler               
00002fdd  AES256_IRQHandler              
00002fdd  BusFault_Handler               
00002ffd  C$$EXIT                        
00002ceb  C$$IO$$                        
00002fdd  COMP_E0_IRQHandler             
00002fdd  COMP_E1_IRQHandler             
00002fdd  CS_IRQHandler                  
00002fdd  DMA_ERR_IRQHandler             
00002fdd  DMA_INT0_IRQHandler            
00002fdd  DMA_INT1_IRQHandler            
00002fdd  DMA_INT2_IRQHandler            
00002fdd  DMA_INT3_IRQHandler            
00002fdd  DebugMon_Handler               
00002fdd  Default_Handler                
00002fdd  EUSCIA0_IRQHandler             
00002fdd  EUSCIA1_IRQHandler             
00002fdd  EUSCIA2_IRQHandler             
00002fdd  EUSCIA3_IRQHandler             
00002fdd  EUSCIB0_IRQHandler             
00002fdd  EUSCIB1_IRQHandler             
00002fdd  EUSCIB2_IRQHandler             
00002fdd  EUSCIB3_IRQHandler             
00002fdd  FLCTL_IRQHandler               
00002fdd  FPU_IRQHandler                 
00002b6d  HOSTclose                      
00002579  HOSTlseek                      
000027dd  HOSTopen                       
00002899  HOSTread                       
0000250d  HOSTrename                     
00002bb1  HOSTunlink                     
000028f1  HOSTwrite                      
00002fdd  HardFault_Handler              
000011e5  LeftMotor_Forward              
000010d9  MG310_init                     
00002fdd  MemManage_Handler              
00002fdd  NMI_Handler                    
00002fdd  PCM_IRQHandler                 
00002fdd  PORT1_IRQHandler               
00002fdd  PORT2_IRQHandler               
00002fdd  PORT3_IRQHandler               
00002fdd  PORT4_IRQHandler               
0000117b  PORT5_IRQHandler               
0000117b  PORT5_IRQHandler               
00002fdd  PORT6_IRQHandler               
00002fdd  PSS_IRQHandler                 
00002fdd  PendSV_Handler                 
00002fdd  RTC_C_IRQHandler               
00002fd1  Reset_Handler                  
200005e4  SPEEDINDEX                     
00002fdd  SVC_Handler                    
00002fdd  SysTick_Handler                
200005ec  SystemCoreClock                
00000b35  SystemCoreClockUpdate          
00000dad  SystemInit                     
00002fdd  T32_INT1_IRQHandler            
00002fdd  T32_INT2_IRQHandler            
00002fdd  T32_INTC_IRQHandler            
00002fdd  TA0_0_IRQHandler               
00002fdd  TA0_N_IRQHandler               
00002fdd  TA1_0_IRQHandler               
00002fdd  TA1_N_IRQHandler               
00002fdd  TA2_0_IRQHandler               
00002fdd  TA2_N_IRQHandler               
0000113b  TA3_0_IRQHandler               
0000113b  TA3_0_IRQHandler               
00002fdd  TA3_N_IRQHandler               
00002fdd  UsageFault_Handler             
4000480c  WDTCTL_SYM                     
00002fdd  WDT_A_IRQHandler               
200005f0  __CIOBUF_                      
20010000  __STACK_END                    
00000200  __STACK_SIZE                   
00000400  __SYSMEM_SIZE                  
00003190  __TI_CINIT_Base                
000031a0  __TI_CINIT_Limit               
00003178  __TI_Handler_Table_Base        
00003184  __TI_Handler_Table_Limit       
00002bf5  __TI_auto_init_nobinit_nopinit 
00002d2d  __TI_cleanup                   
200005c8  __TI_cleanup_ptr               
000023b9  __TI_closefile                 
000025e1  __TI_decompress_lzss           
00002fc3  __TI_decompress_none           
00002a45  __TI_doflush                   
200005cc  __TI_dtors_ptr                 
200005d0  __TI_enable_exit_profile_output
200005b8  __TI_ft_end                    
0000299f  __TI_ltoa                      
ffffffff  __TI_pprof_out_hndl            
000000e5  __TI_printfi                   
ffffffff  __TI_prof_data_size            
ffffffff  __TI_prof_data_start           
00002d61  __TI_readmsg                   
00000000  __TI_static_base__             
20000710  __TI_tmpnams                   
00002cbd  __TI_writemsg                  
00002779  __TI_wrt_ok                    
00002eed  __TI_zero_init_nomemset        
00002231  __aeabi_cdcmpeq                
00002231  __aeabi_cdcmple                
000022b7  __aeabi_cdrcmple               
00002b25  __aeabi_d2iz                   
0000149b  __aeabi_dadd                   
00001785  __aeabi_ddiv                   
00001d05  __aeabi_dmul                   
00001491  __aeabi_dsub                   
00002fe1  __aeabi_errno_addr             
00002df9  __aeabi_i2d                    
00001647  __aeabi_idiv0                  
00001647  __aeabi_ldiv0                  
0000233d  __aeabi_memclr                 
0000233d  __aeabi_memclr4                
0000233d  __aeabi_memclr8                
00002073  __aeabi_memcpy                 
00002073  __aeabi_memcpy4                
00002073  __aeabi_memcpy8                
0000233f  __aeabi_memset                 
0000233f  __aeabi_memset4                
0000233f  __aeabi_memset8                
200005c4  __aeabi_stderr                 
200005bc  __aeabi_stdin                  
200005c0  __aeabi_stdout                 
0000210f  __aeabi_uldivmod               
ffffffff  __binit__                      
ffffffff  __c_args__                     
UNDEFED   __mpu_init                     
2000fe00  __stack                        
20000000  __start___llvm_prf_cnts        
20000000  __stop___llvm_prf_cnts         
00002d95  _c_int00_noargs                
00003000  _ctypes_                       
200004f0  _device                        
20000400  _ftable                        
200005d4  _lock                          
00000b33  _nop                           
20000568  _stream                        
20000000  _sys_memory                    
UNDEFED   _system_post_cinit             
00002ff9  _system_pre_init               
200005d8  _unlock                        
00002ffd  abort                          
00001c05  aligned_alloc                  
00002a91  atoi                           
ffffffff  binit                          
0000283d  close                          
00002f41  copysign                       
00002f41  copysignl                      
200005e8  errno                          
00002add  exit                           
00002dc9  finddevice                     
000021a5  fputc                          
000019e1  fputs                          
00001e01  free                           
000026b1  frexp                          
000026b1  frexpl                         
00002715  fseek                          
00002c39  getdevice                      
00000000  interruptVectors               
00001af5  ldexp                          
00001af5  ldexpl                         
00002e7d  lseek                          
00001253  main                           
00002fe9  malloc                         
00001c05  memalign                       
00002f25  memccpy                        
00002ecd  memchr                         
00002073  memcpy                         
00002345  memset                         
200007b0  parmbuf                        
00002649  printf                         
000021a5  putc                           
00002e29  remove                         
00001af5  scalbn                         
00001af5  scalbnl                        
00001ee5  setvbuf                        
00002f73  strchr                         
00002f5b  strcmp                         
00002f89  strcpy                         
00002f9d  strlen                         
00002cf5  strncpy                        
00002e29  unlink                         
200007b8  v                              
00002fb1  wcslen                         
00002ea5  write                          


GLOBAL SYMBOLS: SORTED BY Symbol Address 

address   name                           
-------   ----                           
00000000  __TI_static_base__             
00000000  interruptVectors               
000000e5  __TI_printfi                   
00000200  __STACK_SIZE                   
00000400  __SYSMEM_SIZE                  
00000b33  _nop                           
00000b35  SystemCoreClockUpdate          
00000dad  SystemInit                     
000010d9  MG310_init                     
0000113b  TA3_0_IRQHandler               
0000113b  TA3_0_IRQHandler               
0000117b  PORT5_IRQHandler               
0000117b  PORT5_IRQHandler               
000011e5  LeftMotor_Forward              
00001253  main                           
00001491  __aeabi_dsub                   
0000149b  __aeabi_dadd                   
00001647  __aeabi_idiv0                  
00001647  __aeabi_ldiv0                  
00001785  __aeabi_ddiv                   
000019e1  fputs                          
00001af5  ldexp                          
00001af5  ldexpl                         
00001af5  scalbn                         
00001af5  scalbnl                        
00001c05  aligned_alloc                  
00001c05  memalign                       
00001d05  __aeabi_dmul                   
00001e01  free                           
00001ee5  setvbuf                        
00002073  __aeabi_memcpy                 
00002073  __aeabi_memcpy4                
00002073  __aeabi_memcpy8                
00002073  memcpy                         
0000210f  __aeabi_uldivmod               
000021a5  fputc                          
000021a5  putc                           
00002231  __aeabi_cdcmpeq                
00002231  __aeabi_cdcmple                
000022b7  __aeabi_cdrcmple               
0000233d  __aeabi_memclr                 
0000233d  __aeabi_memclr4                
0000233d  __aeabi_memclr8                
0000233f  __aeabi_memset                 
0000233f  __aeabi_memset4                
0000233f  __aeabi_memset8                
00002345  memset                         
000023b9  __TI_closefile                 
0000250d  HOSTrename                     
00002579  HOSTlseek                      
000025e1  __TI_decompress_lzss           
00002649  printf                         
000026b1  frexp                          
000026b1  frexpl                         
00002715  fseek                          
00002779  __TI_wrt_ok                    
000027dd  HOSTopen                       
0000283d  close                          
00002899  HOSTread                       
000028f1  HOSTwrite                      
0000299f  __TI_ltoa                      
00002a45  __TI_doflush                   
00002a91  atoi                           
00002add  exit                           
00002b25  __aeabi_d2iz                   
00002b6d  HOSTclose                      
00002bb1  HOSTunlink                     
00002bf5  __TI_auto_init_nobinit_nopinit 
00002c39  getdevice                      
00002cbd  __TI_writemsg                  
00002ceb  C$$IO$$                        
00002cf5  strncpy                        
00002d2d  __TI_cleanup                   
00002d61  __TI_readmsg                   
00002d95  _c_int00_noargs                
00002dc9  finddevice                     
00002df9  __aeabi_i2d                    
00002e29  remove                         
00002e29  unlink                         
00002e7d  lseek                          
00002ea5  write                          
00002ecd  memchr                         
00002eed  __TI_zero_init_nomemset        
00002f25  memccpy                        
00002f41  copysign                       
00002f41  copysignl                      
00002f5b  strcmp                         
00002f73  strchr                         
00002f89  strcpy                         
00002f9d  strlen                         
00002fb1  wcslen                         
00002fc3  __TI_decompress_none           
00002fd1  Reset_Handler                  
00002fdd  ADC14_IRQHandler               
00002fdd  AES256_IRQHandler              
00002fdd  BusFault_Handler               
00002fdd  COMP_E0_IRQHandler             
00002fdd  COMP_E1_IRQHandler             
00002fdd  CS_IRQHandler                  
00002fdd  DMA_ERR_IRQHandler             
00002fdd  DMA_INT0_IRQHandler            
00002fdd  DMA_INT1_IRQHandler            
00002fdd  DMA_INT2_IRQHandler            
00002fdd  DMA_INT3_IRQHandler            
00002fdd  DebugMon_Handler               
00002fdd  Default_Handler                
00002fdd  EUSCIA0_IRQHandler             
00002fdd  EUSCIA1_IRQHandler             
00002fdd  EUSCIA2_IRQHandler             
00002fdd  EUSCIA3_IRQHandler             
00002fdd  EUSCIB0_IRQHandler             
00002fdd  EUSCIB1_IRQHandler             
00002fdd  EUSCIB2_IRQHandler             
00002fdd  EUSCIB3_IRQHandler             
00002fdd  FLCTL_IRQHandler               
00002fdd  FPU_IRQHandler                 
00002fdd  HardFault_Handler              
00002fdd  MemManage_Handler              
00002fdd  NMI_Handler                    
00002fdd  PCM_IRQHandler                 
00002fdd  PORT1_IRQHandler               
00002fdd  PORT2_IRQHandler               
00002fdd  PORT3_IRQHandler               
00002fdd  PORT4_IRQHandler               
00002fdd  PORT6_IRQHandler               
00002fdd  PSS_IRQHandler                 
00002fdd  PendSV_Handler                 
00002fdd  RTC_C_IRQHandler               
00002fdd  SVC_Handler                    
00002fdd  SysTick_Handler                
00002fdd  T32_INT1_IRQHandler            
00002fdd  T32_INT2_IRQHandler            
00002fdd  T32_INTC_IRQHandler            
00002fdd  TA0_0_IRQHandler               
00002fdd  TA0_N_IRQHandler               
00002fdd  TA1_0_IRQHandler               
00002fdd  TA1_N_IRQHandler               
00002fdd  TA2_0_IRQHandler               
00002fdd  TA2_N_IRQHandler               
00002fdd  TA3_N_IRQHandler               
00002fdd  UsageFault_Handler             
00002fdd  WDT_A_IRQHandler               
00002fe1  __aeabi_errno_addr             
00002fe9  malloc                         
00002ff9  _system_pre_init               
00002ffd  C$$EXIT                        
00002ffd  abort                          
00003000  _ctypes_                       
00003178  __TI_Handler_Table_Base        
00003184  __TI_Handler_Table_Limit       
00003190  __TI_CINIT_Base                
000031a0  __TI_CINIT_Limit               
20000000  __start___llvm_prf_cnts        
20000000  __stop___llvm_prf_cnts         
20000000  _sys_memory                    
20000400  _ftable                        
200004f0  _device                        
20000568  _stream                        
200005b8  __TI_ft_end                    
200005bc  __aeabi_stdin                  
200005c0  __aeabi_stdout                 
200005c4  __aeabi_stderr                 
200005c8  __TI_cleanup_ptr               
200005cc  __TI_dtors_ptr                 
200005d0  __TI_enable_exit_profile_output
200005d4  _lock                          
200005d8  _unlock                        
200005e4  SPEEDINDEX                     
200005e8  errno                          
200005ec  SystemCoreClock                
200005f0  __CIOBUF_                      
20000710  __TI_tmpnams                   
200007b0  parmbuf                        
200007b8  v                              
2000fe00  __stack                        
20010000  __STACK_END                    
4000480c  WDTCTL_SYM                     
ffffffff  __TI_pprof_out_hndl            
ffffffff  __TI_prof_data_size            
ffffffff  __TI_prof_data_start           
ffffffff  __binit__                      
ffffffff  __c_args__                     
ffffffff  binit                          
UNDEFED   __mpu_init                     
UNDEFED   _system_post_cinit             

[185 symbols]
