******************************************************************************
                  TI ARM Linker PC v20.2.5                     
******************************************************************************
>> Linked Thu Dec 22 20:41:01 2022

OUTPUT FILE NAME:   <Pack999Zaki.out>
ENTRY POINT SYMBOL: "_c_int00_noargs"  address: 00008ee5


MEMORY CONFIGURATION

         name            origin    length      used     unused   attr    fill
----------------------  --------  ---------  --------  --------  ----  --------
  MAIN                  00000000   00040000  00009148  00036eb8  R  X
  INFO                  00200000   00004000  00000000  00004000  R  X
  SRAM_CODE             01000000   00010000  00000364  0000fc9c  RW X
  SRAM_DATA             20000000   00010000  00000364  0000fc9c  RW  


SEGMENT ALLOCATION MAP

run origin  load origin   length   init length attrs members
----------  ----------- ---------- ----------- ----- -------
00000000    00000000    00009148   00009148    r-x
  00000000    00000000    000000e4   000000e4    r-- .intvecs
  000000e4    000000e4    00008e74   00008e74    r-x .text
  00008f58    00008f58    00000150   00000150    r-- .const
  000090a8    000090a8    000000a0   000000a0    r-- .cinit
20000000    20000000    00000164   00000000    rw-
  20000000    20000000    000000e4   00000000    rw- .vtable
  200000e4    200000e4    00000074   00000000    rw- .data
  20000158    20000158    0000000c   00000000    rw- .bss
2000fe00    2000fe00    00000200   00000000    rw-
  2000fe00    2000fe00    00000200   00000000    rw- .stack


SECTION ALLOCATION MAP

 output                                  attributes/
section   page    origin      length       input sections
--------  ----  ----------  ----------   ----------------
.intvecs   0    00000000    000000e4     
                  00000000    000000e4     startup_msp432p401r_ccs.obj (.intvecs:retain)

.text      0    000000e4    00008e74     
                  000000e4    000085d8     zyt20221218.obj (.text)
                  000086bc    00000334     system_msp432p401r.obj (.text)
                  000089f0    000001b6     rtsv7M4_T_le_v4SPD16_eabi.lib : fd_add_t2.asm.obj (.text)
                  00008ba6    000000fc                                   : fd_mul_t2.asm.obj (.text)
                  00008ca2    0000009c                                   : memcpy_t2.asm.obj (.text)
                  00008d3e    0000006e                                   : fd_tos_t2.asm.obj (.text)
                  00008dac    00000068                                   : copy_decompress_lzss.c.obj (.text:decompress:lzss:__TI_decompress_lzss)
                  00008e14    00000054     Pack999.obj (.text)
                  00008e68    00000044     rtsv7M4_T_le_v4SPD16_eabi.lib : autoinit.c.obj (.text:__TI_auto_init_nobinit_nopinit:__TI_auto_init_nobinit_nopinit)
                  00008eac    00000038                                   : fs_tod_t2.asm.obj (.text)
                  00008ee4    00000034                                   : boot_cortex_m.c.obj (.text:_c_int00_noargs:_c_int00_noargs)
                  00008f18    0000001c                                   : copy_zero_init.c.obj (.text:decompress:ZI:__TI_zero_init_nomemset:__TI_zero_init_nomemset)
                  00008f34    0000000e                                   : copy_decompress_none.c.obj (.text:decompress:none:__TI_decompress_none)
                  00008f42    0000000e     startup_msp432p401r_ccs.obj (.text)
                  00008f50    00000004     rtsv7M4_T_le_v4SPD16_eabi.lib : pre_init.c.obj (.text:_system_pre_init)
                  00008f54    00000004                                   : exit.c.obj (.text:abort:abort)

.const     0    00008f58    00000150     
                  00008f58    00000080     zyt20221218.obj (.const:_ctlRegs)
                  00008fd8    00000050     zyt20221218.obj (.const:g_pulRegs)
                  00009028    00000024     zyt20221218.obj (.const:uartConfig2)
                  0000904c    00000020     zyt20221218.obj (.const:g_pulPriority)
                  0000906c    0000001c     zyt20221218.obj (.const:GPIO_PORT_TO_INT)
                  00009088    00000008     zyt20221218.obj (.const:g_pulDisRegs)
                  00009090    00000008     zyt20221218.obj (.const:g_pulEnRegs)
                  00009098    00000008     zyt20221218.obj (.const:g_pulPendRegs)
                  000090a0    00000008     zyt20221218.obj (.const:g_pulUnpendRegs)

.cinit     0    000090a8    000000a0     
                  000090a8    00000065     (.cinit..data.load) [load image, compression = lzss]
                  0000910d    00000003     --HOLE-- [fill = 0]
                  00009110    0000000c     (__TI_handler_table)
                  0000911c    00000004     --HOLE-- [fill = 0]
                  00009120    00000008     (.cinit..bss.load) [load image, compression = zero_init]
                  00009128    00000008     (.cinit..vtable.load) [load image, compression = zero_init]
                  00009130    00000018     (__TI_cinit_table)

.init_array 
*          0    00000000    00000000     UNINITIALIZED

.binit     0    00000000    00000000     

.vtable    0    20000000    000000e4     UNINITIALIZED
                  20000000    000000e4     zyt20221218.obj (.vtable)

.data      0    200000e4    00000074     UNINITIALIZED
                  200000e4    00000040     zyt20221218.obj (.data:__getBurstProgramRegs)
                  20000124    00000030     zyt20221218.obj (.data:GPIO_PORT_TO_BASE)
                  20000154    00000004     system_msp432p401r.obj (.data)

.bss       0    20000158    0000000c     UNINITIALIZED
                  20000158    00000008     zyt20221218.obj (.bss)
                  20000160    00000004     (.common:LIGHTVAL)

.stack     0    2000fe00    00000200     UNINITIALIZED
                  2000fe00    00000004     rtsv7M4_T_le_v4SPD16_eabi.lib : boot_cortex_m.c.obj (.stack)
                  2000fe04    000001fc     --HOLE--

__llvm_prf_cnts 
*          0    20000000    00000000     UNINITIALIZED

MODULE SUMMARY

       Module                        code    ro data   rw data
       ------                        ----    -------   -------
    .\
       zyt20221218.obj               34264   336       696    
       system_msp432p401r.obj        820     0         8      
       startup_msp432p401r_ccs.obj   14      228       0      
       Pack999.obj                   84      0         8      
    +--+-----------------------------+-------+---------+---------+
       Total:                        35182   564       712    
                                                              
    C:\ti\ccs1110\ccs\tools\compiler\ti-cgt-arm_20.2.5.LTS\lib\rtsv7M4_T_le_v4SPD16_eabi.lib
       fd_add_t2.asm.obj             438     0         0      
       fd_mul_t2.asm.obj             252     0         0      
       memcpy_t2.asm.obj             156     0         0      
       fd_tos_t2.asm.obj             110     0         0      
       copy_decompress_lzss.c.obj    104     0         0      
       autoinit.c.obj                68      0         0      
       fs_tod_t2.asm.obj             56      0         0      
       boot_cortex_m.c.obj           52      0         0      
       copy_zero_init.c.obj          28      0         0      
       copy_decompress_none.c.obj    14      0         0      
       exit.c.obj                    4       0         0      
       pre_init.c.obj                4       0         0      
    +--+-----------------------------+-------+---------+---------+
       Total:                        1286    0         0      
                                                              
       Stack:                        0       0         1024   
       Linker Generated:             0       153       0      
    +--+-----------------------------+-------+---------+---------+
       Grand Total:                  36468   717       1736   


LINKER GENERATED COPY TABLES

__TI_cinit_table @ 00009130 records: 3, size/record: 8, table size: 24
	.data: load addr=000090a8, load size=00000065 bytes, run addr=200000e4, run size=00000074 bytes, compression=lzss
	.bss: load addr=00009120, load size=00000008 bytes, run addr=20000158, run size=0000000c bytes, compression=zero_init
	.vtable: load addr=00009128, load size=00000008 bytes, run addr=20000000, run size=000000e4 bytes, compression=zero_init


LINKER GENERATED HANDLER TABLE

__TI_handler_table @ 00009110 records: 3, size/record: 4, table size: 12
	index: 0, handler: __TI_zero_init
	index: 1, handler: __TI_decompress_lzss
	index: 2, handler: __TI_decompress_none


GLOBAL SYMBOLS: SORTED ALPHABETICALLY BY Name 

address   name                                           
-------   ----                                           
00007d4d  ADC14_IRQHandler                               
00007d4d  ADC14_IRQHandler                               
00000931  ADC14_clearInterruptFlag                       
000004d9  ADC14_configureConversionMemory                
00000381  ADC14_configureMultiSequenceMode               
00000417  ADC14_configureSingleSampleMode                
00000611  ADC14_disableComparatorWindow                  
000004af  ADC14_disableConversion                        
000008af  ADC14_disableInterrupt                         
00000255  ADC14_disableModule                            
0000082f  ADC14_disableReferenceBurst                    
00000295  ADC14_disableSampleTimer                       
00000581  ADC14_enableComparatorWindow                   
0000046d  ADC14_enableConversion                         
00000887  ADC14_enableInterrupt                          
0000024d  ADC14_enableModule                             
00000819  ADC14_enableReferenceBurst                     
0000026b  ADC14_enableSampleTimer                        
000008fb  ADC14_getEnabledInterruptStatus                
000008d7  ADC14_getInterruptStatus                       
00000739  ADC14_getMultiSequenceResult                   
0000030b  ADC14_getResolution                            
0000071f  ADC14_getResult                                
000007a5  ADC14_getResultArray                           
000002ab  ADC14_initModule                               
000004bb  ADC14_isBusy                                   
0000095d  ADC14_registerInterrupt                        
0000066f  ADC14_setComparatorWindowValue                 
00000845  ADC14_setPowerMode                             
000002f1  ADC14_setResolution                            
000006f5  ADC14_setResultFormat                          
00000357  ADC14_setSampleHoldTime                        
00000315  ADC14_setSampleHoldTrigger                     
0000048d  ADC14_toggleConversionTrigger                  
00000971  ADC14_unregisterInterrupt                      
00008f4f  AES256_IRQHandler                              
00000ecb  AES256_clearErrorFlag                          
00000c6d  AES256_clearInterruptFlag                      
00000af5  AES256_decryptData                             
00000ca7  AES256_disableInterrupt                        
00000c93  AES256_enableInterrupt                         
00000a3d  AES256_encryptData                             
00000e4d  AES256_getDataOut                              
00000edf  AES256_getErrorFlagStatus                      
00000c81  AES256_getInterruptFlagStatus                  
00000f19  AES256_getInterruptStatus                      
00000eb3  AES256_isBusy                                  
00000ef1  AES256_registerInterrupt                       
00000cbb  AES256_reset                                   
00000995  AES256_setCipherKey                            
00000bb1  AES256_setDecipherKey                          
00000d49  AES256_startDecryptData                        
00000cd5  AES256_startEncryptData                        
00000dab  AES256_startSetDecipherKey                     
00000f07  AES256_unregisterInterrupt                     
00008f4f  BusFault_Handler                               
00008f55  C$$EXIT                                        
00008f4f  COMP_E0_IRQHandler                             
00008f4f  COMP_E1_IRQHandler                             
00001227  COMP_E_clearInterruptFlag                      
00001195  COMP_E_disableInputBuffer                      
00001211  COMP_E_disableInterrupt                        
00001155  COMP_E_disableModule                           
000011ab  COMP_E_enableInputBuffer                       
000011e7  COMP_E_enableInterrupt                         
00001141  COMP_E_enableModule                            
000011fd  COMP_E_getEnabledInterruptStatus               
0000123d  COMP_E_getInterruptStatus                      
00000fe9  COMP_E_initModule                              
000011d5  COMP_E_outputValue                             
0000128f  COMP_E_registerInterrupt                       
0000124f  COMP_E_setInterruptEdgeDirection               
00001125  COMP_E_setPowerMode                            
000010f9  COMP_E_setReferenceAccuracy                    
00001093  COMP_E_setReferenceVoltage                     
00001169  COMP_E_shortInputs                             
000011c1  COMP_E_swapIO                                  
0000127b  COMP_E_toggleInterruptEdgeDirection            
000012c9  COMP_E_unregisterInterrupt                     
0000117d  COMP_E_unshortInputs                           
00001335  CPU_basepriGet                                 
00001327  CPU_basepriSet                                 
00001301  CPU_cpsid                                      
00001317  CPU_cpsie                                      
0000130d  CPU_primask                                    
00001323  CPU_wfi                                        
0000145d  CRC32_getResult                                
00001489  CRC32_getResultReversed                        
000013a1  CRC32_set16BitData                             
00001419  CRC32_set16BitDataReversed                     
000013c7  CRC32_set32BitData                             
0000143d  CRC32_set32BitDataReversed                     
00001375  CRC32_set8BitData                              
000013f1  CRC32_set8BitDataReversed                      
00001345  CRC32_setSeed                                  
00008f4f  CS_IRQHandler                                  
00007b4d  CS_clearInterruptFlag                          
000073f5  CS_disableClockRequest                         
000074db  CS_disableDCOExternalResistor                  
00007a21  CS_disableFaultCounter                         
00007b0b  CS_disableInterrupt                            
000073cd  CS_enableClockRequest                          
0000743d  CS_enableDCOExternalResistor                   
000079f5  CS_enableFaultCounter                          
00007ae9  CS_enableInterrupt                             
0000798d  CS_getACLK                                     
0000794d  CS_getBCLK                                     
000075d5  CS_getDCOFrequency                             
00007b33  CS_getEnabledInterruptStatus                   
00007969  CS_getHSMCLK                                   
00007b2d  CS_getInterruptStatus                          
000079d3  CS_getMCLK                                     
000079b1  CS_getSMCLK                                    
000070ed  CS_initClockSignal                             
00007b6f  CS_registerInterrupt                           
00007a4d  CS_resetFaultCounter                           
000074f9  CS_setDCOCenteredFrequency                     
00007465  CS_setDCOExternalResistorCalibration           
00007775  CS_setDCOFrequency                             
000070af  CS_setExternalClockSourceFrequency             
00007417  CS_setReferenceOscillatorFrequency             
00007a99  CS_startFaultCounter                           
000071f1  CS_startHFXT                                   
00007215  CS_startHFXTWithTimeout                        
000072d9  CS_startLFXT                                   
000072fd  CS_startLFXTWithTimeout                        
00007531  CS_tuneDCOFrequency                            
00007b83  CS_unregisterInterrupt                         
00008f4f  DMA_ERR_IRQHandler                             
00008f4f  DMA_INT0_IRQHandler                            
00008f4f  DMA_INT1_IRQHandler                            
00008f4f  DMA_INT2_IRQHandler                            
00008f4f  DMA_INT3_IRQHandler                            
00001901  DMA_assignChannel                              
00001af5  DMA_assignInterrupt                            
000014cb  DMA_clearErrorStatus                           
00001b6d  DMA_clearInterruptFlag                         
000014eb  DMA_disableChannel                             
000015bd  DMA_disableChannelAttribute                    
00001bc3  DMA_disableInterrupt                           
000014bd  DMA_disableModule                              
000014d3  DMA_enableChannel                              
00001569  DMA_enableChannelAttribute                     
00001b85  DMA_enableInterrupt                            
000014b5  DMA_enableModule                               
00001621  DMA_getChannelAttribute                        
000018b1  DMA_getChannelMode                             
0000186d  DMA_getChannelSize                             
00001547  DMA_getControlAlternateBase                    
00001541  DMA_getControlBase                             
000014c5  DMA_getErrorStatus                             
00001b61  DMA_getInterruptStatus                         
00001509  DMA_isChannelEnabled                           
00001c01  DMA_registerInterrupt                          
0000154d  DMA_requestChannel                             
00001b49  DMA_requestSoftwareTransfer                    
00001691  DMA_setChannelControl                          
000017e5  DMA_setChannelScatterGather                    
000016e9  DMA_setChannelTransfer                         
00001531  DMA_setControlBase                             
00001c17  DMA_unregisterInterrupt                        
00008f4f  DebugMon_Handler                               
00008f4f  Default_Handler                                
00008f4f  EUSCIA0_IRQHandler                             
00008f4f  EUSCIA1_IRQHandler                             
00008e2d  EUSCIA2_IRQHandler                             
00008e2d  EUSCIA2_IRQHandler                             
00008f4f  EUSCIA3_IRQHandler                             
00008f4f  EUSCIB0_IRQHandler                             
00008f4f  EUSCIB1_IRQHandler                             
00008f4f  EUSCIB2_IRQHandler                             
00008f4f  EUSCIB3_IRQHandler                             
00005c47  EUSCI_A_SPI_changeClockPhasePolarity           
00005cfb  EUSCI_A_SPI_clearInterruptFlag                 
00005d2b  EUSCI_A_SPI_disable                            
00005cc9  EUSCI_A_SPI_disableInterrupt                   
00005d15  EUSCI_A_SPI_enable                             
00005caf  EUSCI_A_SPI_enableInterrupt                    
00005ce3  EUSCI_A_SPI_getInterruptStatus                 
00005d41  EUSCI_A_SPI_getReceiveBufferAddressForDMA      
00005d4f  EUSCI_A_SPI_getTransmitBufferAddressForDMA     
00005d5d  EUSCI_A_SPI_isBusy                             
00005bc7  EUSCI_A_SPI_masterChangeClock                  
00005c9f  EUSCI_A_SPI_receiveData                        
00005ba7  EUSCI_A_SPI_select4PinFunctionality            
00005bfd  EUSCI_A_SPI_slaveInit                          
00005c89  EUSCI_A_SPI_transmitData                       
00005a79  EUSCI_B_SPI_changeClockPhasePolarity           
00005b2d  EUSCI_B_SPI_clearInterruptFlag                 
00005b5d  EUSCI_B_SPI_disable                            
00005afb  EUSCI_B_SPI_disableInterrupt                   
00005b47  EUSCI_B_SPI_enable                             
00005ae1  EUSCI_B_SPI_enableInterrupt                    
00005b15  EUSCI_B_SPI_getInterruptStatus                 
00005b73  EUSCI_B_SPI_getReceiveBufferAddressForDMA      
00005b81  EUSCI_B_SPI_getTransmitBufferAddressForDMA     
00005b8f  EUSCI_B_SPI_isBusy                             
000059fd  EUSCI_B_SPI_masterChangeClock                  
00005ad1  EUSCI_B_SPI_receiveData                        
000059dd  EUSCI_B_SPI_select4PinFunctionality            
00005a2f  EUSCI_B_SPI_slaveInit                          
00005abb  EUSCI_B_SPI_transmitData                       
00008f4f  FLCTL_IRQHandler                               
00008f4f  FPU_IRQHandler                                 
000031ff  FPU_disableModule                              
0000322b  FPU_disableStacking                            
0000321f  FPU_enableLazyStacking                         
000031ed  FPU_enableModule                               
0000320d  FPU_enableStacking                             
0000326b  FPU_setFlushToZeroMode                         
00003237  FPU_setHalfPrecisionMode                       
00003251  FPU_setNaNMode                                 
00003285  FPU_setRoundingMode                            
00002cab  FlashCtl_clearInterruptFlag                    
00002b6f  FlashCtl_clearProgramVerification              
00002c81  FlashCtl_disableInterrupt                      
000021e1  FlashCtl_disableReadBuffering                  
00002bd9  FlashCtl_disableWordProgramming                
00002c6d  FlashCtl_enableInterrupt                       
0000218d  FlashCtl_enableReadBuffering                   
00002ba9  FlashCtl_enableWordProgramming                 
0000280d  FlashCtl_eraseSector                           
00002c9b  FlashCtl_getEnabledInterruptStatus             
00002c95  FlashCtl_getInterruptStatus                    
00001e05  FlashCtl_getMemoryInfo                         
00002671  FlashCtl_getReadMode                           
00002c3f  FlashCtl_getWaitState                          
0000269b  FlashCtl_initiateMassErase                     
00002931  FlashCtl_initiateSectorErase                   
00002311  FlashCtl_isSectorProtected                     
00002be1  FlashCtl_isWordProgrammingEnabled              
000026c1  FlashCtl_performMassErase                      
000029c9  FlashCtl_programMemory                         
000022b1  FlashCtl_protectSector                         
00002cbf  FlashCtl_registerInterrupt                     
00002b35  FlashCtl_setProgramVerification                
00002605  FlashCtl_setReadMode                           
00002c01  FlashCtl_setWaitState                          
00002241  FlashCtl_unprotectSector                       
00002cd3  FlashCtl_unregisterInterrupt                   
0000239d  FlashCtl_verifyMemory                          
000035e5  GPIO_clearInterruptFlag                        
000035a5  GPIO_disableInterrupt                          
00003583  GPIO_enableInterrupt                           
0000363d  GPIO_getEnabledInterruptStatus                 
00003553  GPIO_getInputPinValue                          
000035c7  GPIO_getInterruptStatus                        
00003607  GPIO_interruptEdgeSelect                       
000036ff  GPIO_registerInterrupt                         
000032e7  GPIO_setAsInputPin                             
000034a9  GPIO_setAsInputPinWithPullDownResistor         
00003501  GPIO_setAsInputPinWithPullUpResistor           
000032ad  GPIO_setAsOutputPin                            
000033b5  GPIO_setAsPeripheralModuleFunctionInputPin     
00003331  GPIO_setAsPeripheralModuleFunctionOutputPin    
000036bb  GPIO_setDriveStrengthHigh                      
000036dd  GPIO_setDriveStrengthLow                       
00003439  GPIO_setOutputHighOnPin                        
0000345b  GPIO_setOutputLowOnPin                         
0000347d  GPIO_toggleOutputOnPin                         
0000371f  GPIO_unregisterInterrupt                       
00008307  HCSR04_Init_interrupt                          
000081f5  HCSR04_Init_suspend                            
00008f4f  HardFault_Handler                              
00003da5  I2C_clearInterruptFlag                         
00003d8f  I2C_disableInterrupt                           
000037ed  I2C_disableModule                              
00003d59  I2C_disableMultiMasterMode                     
00003d79  I2C_enableInterrupt                            
000037d7  I2C_enableModule                               
00003d39  I2C_enableMultiMasterMode                      
00003dd3  I2C_getEnabledInterruptStatus                  
00003dbb  I2C_getInterruptStatus                         
00003de3  I2C_getMode                                    
00003cdf  I2C_getReceiveBufferAddressForDMA              
00003ced  I2C_getTransmitBufferAddressForDMA             
0000373b  I2C_initMaster                                 
0000379d  I2C_initSlave                                  
00003897  I2C_isBusBusy                                  
00003d0d  I2C_masterIsStartSent                          
00003cfb  I2C_masterIsStopSent                           
00003c05  I2C_masterReceiveMultiByteFinish               
00003c43  I2C_masterReceiveMultiByteFinishWithTimeout    
00003bed  I2C_masterReceiveMultiByteNext                 
00003ca1  I2C_masterReceiveMultiByteStop                 
00003cb5  I2C_masterReceiveSingle                        
00003839  I2C_masterReceiveSingleByte                    
00003bd3  I2C_masterReceiveStart                         
00003ab3  I2C_masterSendMultiByteFinish                  
00003b01  I2C_masterSendMultiByteFinishWithTimeout       
00003a49  I2C_masterSendMultiByteNext                    
00003a75  I2C_masterSendMultiByteNextWithTimeout         
0000399b  I2C_masterSendMultiByteStart                   
000039ed  I2C_masterSendMultiByteStartWithTimeout        
00003b6d  I2C_masterSendMultiByteStop                    
00003b97  I2C_masterSendMultiByteStopWithTimeout         
000038a9  I2C_masterSendSingleByte                       
0000390f  I2C_masterSendSingleByteWithTimeout            
00003d25  I2C_masterSendStart                            
00003df9  I2C_registerInterrupt                          
00003817  I2C_setMode                                    
00003803  I2C_setSlaveAddress                            
00003883  I2C_slaveGetData                               
0000386d  I2C_slavePutData                               
00003ebb  I2C_slaveSendNAK                               
00003e5f  I2C_unregisterInterrupt                        
000040a9  Interrupt_disableInterrupt                     
00003ee9  Interrupt_disableMaster                        
000042ab  Interrupt_disableSleepOnIsrExit                
00004033  Interrupt_enableInterrupt                      
00003ed1  Interrupt_enableMaster                         
0000429f  Interrupt_enableSleepOnIsrExit                 
0000400d  Interrupt_getPriority                          
00003f7d  Interrupt_getPriorityGrouping                  
0000427b  Interrupt_getPriorityMask                      
00004299  Interrupt_getVectorTableAddress                
00004121  Interrupt_isEnabled                            
000041ad  Interrupt_pendInterrupt                        
00003ef9  Interrupt_registerInterrupt                    
00003fb9  Interrupt_setPriority                          
00003f5f  Interrupt_setPriorityGrouping                  
0000426b  Interrupt_setPriorityMask                      
00004285  Interrupt_setVectorTableAddress                
0000421d  Interrupt_unpendInterrupt                      
00003f4b  Interrupt_unregisterInterrupt                  
00007e2d  Ir_distance                                    
00007e01  Ir_distance_init                               
00007f51  Key                                            
00007e9d  KeyArray_init                                  
20000160  LIGHTVAL                                       
0000439b  MPU_disableInterrupt                           
000042cb  MPU_disableModule                              
000042fd  MPU_disableRegion                              
00004391  MPU_enableInterrupt                            
000042b7  MPU_enableModule                               
000042e3  MPU_enableRegion                               
0000434d  MPU_getRegion                                  
000042d7  MPU_getRegionCount                             
00004379  MPU_registerInterrupt                          
0000431d  MPU_setRegion                                  
00004387  MPU_unregisterInterrupt                        
00008f4f  MemManage_Handler                              
00008f4f  NMI_Handler                                    
00008f4f  PCM_IRQHandler                                 
00004bb7  PCM_clearInterruptFlag                         
00004b8d  PCM_disableInterrupt                           
00004b65  PCM_disableRudeMode                            
00004b79  PCM_enableInterrupt                            
00004b53  PCM_enableRudeMode                             
00004549  PCM_getCoreVoltageLevel                        
00004ba7  PCM_getEnabledInterruptStatus                  
00004ba1  PCM_getInterruptStatus                         
000044dd  PCM_getPowerMode                               
00004b47  PCM_getPowerState                              
00004a79  PCM_gotoLPM0                                   
00004a97  PCM_gotoLPM0InterruptSafe                      
00004ab3  PCM_gotoLPM3                                   
00004b2b  PCM_gotoLPM3InterruptSafe                      
00004a4d  PCM_gotoLPM4                                   
00004a5d  PCM_gotoLPM4InterruptSafe                      
00004bcb  PCM_registerInterrupt                          
000044a5  PCM_setCoreVoltageLevel                        
000044c7  PCM_setCoreVoltageLevelNonBlocking             
000044b5  PCM_setCoreVoltageLevelWithTimeout             
00004703  PCM_setPowerMode                               
00004713  PCM_setPowerModeNonBlocking                    
00004729  PCM_setPowerModeWithTimeout                    
000049d7  PCM_setPowerState                              
000049f9  PCM_setPowerStateNonBlocking                   
000049e7  PCM_setPowerStateWithTimeout                   
00004a09  PCM_shutdownDevice                             
00004bdf  PCM_unregisterInterrupt                        
00004bef  PMAP_configurePorts                            
00008f4f  PORT1_IRQHandler                               
00008f4f  PORT2_IRQHandler                               
00008f4f  PORT3_IRQHandler                               
00008f4f  PORT4_IRQHandler                               
00008f4f  PORT5_IRQHandler                               
00008f4f  PORT6_IRQHandler                               
00008f4f  PSS_IRQHandler                                 
00004dab  PSS_clearInterruptFlag                         
00004c71  PSS_disableForcedDCDCOperation                 
00004cd5  PSS_disableHighSide                            
00004d29  PSS_disableHighSideMonitor                     
00004cb1  PSS_disableHighSidePinToggle                   
00004d93  PSS_disableInterrupt                           
00004c5f  PSS_enableForcedDCDCOperation                  
00004cc3  PSS_enableHighSide                             
00004d17  PSS_enableHighSideMonitor                      
00004c83  PSS_enableHighSidePinToggle                    
00004d81  PSS_enableInterrupt                            
00004d09  PSS_getHighSidePerformanceMode                 
00004d75  PSS_getHighSideVoltageTrigger                  
00004da5  PSS_getInterruptStatus                         
00004dbd  PSS_registerInterrupt                          
00004ce7  PSS_setHighSidePerformanceMode                 
00004d4d  PSS_setHighSideVoltageTrigger                  
00004dd1  PSS_unregisterInterrupt                        
00008f4f  PendSV_Handler                                 
00007ced  Photoresistance_init_interrupt                 
00007c95  Photoresistance_init_suspend                   
00004e23  REF_A_disableReferenceVoltage                  
00004e13  REF_A_disableReferenceVoltageOutput            
00004dfb  REF_A_disableTempSensor                        
00004e1b  REF_A_enableReferenceVoltage                   
00004e0b  REF_A_enableReferenceVoltageOutput             
00004e03  REF_A_enableTempSensor                         
00004e2b  REF_A_getBandgapMode                           
00004e59  REF_A_getBufferedBandgapVoltageStatus          
00004e65  REF_A_getVariableReferenceVoltageStatus        
00004e35  REF_A_isBandgapActive                          
00004e4d  REF_A_isRefGenActive                           
00004e41  REF_A_isRefGenBusy                             
00004e79  REF_A_setBufferedBandgapVoltageOneTimeTrigger  
00004de1  REF_A_setReferenceVoltage                      
00004e71  REF_A_setReferenceVoltageOneTimeTrigger        
00008f4f  RTC_C_IRQHandler                               
0000542d  RTC_C_clearInterruptFlag                       
0000527d  RTC_C_convertBCDToBinary                       
00005295  RTC_C_convertBinaryToBCD                       
00005199  RTC_C_definePrescaleEvent                      
00005309  RTC_C_disableInterrupt                         
000052b1  RTC_C_enableInterrupt                          
000050a5  RTC_C_getCalendarTime                          
000053c5  RTC_C_getEnabledInterruptStatus                
0000536d  RTC_C_getInterruptStatus                       
000051d5  RTC_C_getPrescaleValue                         
00004f5f  RTC_C_holdClock                                
00005025  RTC_C_initCalendar                             
00005473  RTC_C_registerInterrupt                        
00005119  RTC_C_setCalendarAlarm                         
0000515d  RTC_C_setCalendarEvent                         
00004fb5  RTC_C_setCalibrationData                       
00004f81  RTC_C_setCalibrationFrequency                  
00005221  RTC_C_setPrescaleValue                         
00004ff1  RTC_C_setTemperatureCompensation               
00004f41  RTC_C_startClock                               
00005487  RTC_C_unregisterInterrupt                      
00004eff  ResetCtl_clearHardResetSource                  
00004f2b  ResetCtl_clearPCMFlags                         
00004f19  ResetCtl_clearPSSFlags                         
00004eb7  ResetCtl_clearSoftResetSource                  
00004ef9  ResetCtl_getHardResetSource                    
00004f25  ResetCtl_getPCMSource                          
00004f13  ResetCtl_getPSSSource                          
00004eb1  ResetCtl_getSoftResetSource                    
00004ed1  ResetCtl_initiateHardReset                     
00004edf  ResetCtl_initiateHardResetWithSource           
00004e89  ResetCtl_initiateSoftReset                     
00004e97  ResetCtl_initiateSoftResetWithSource           
00008f43  Reset_Handler                                  
00005695  SPI_changeClockPhasePolarity                   
000055d9  SPI_changeMasterClock                          
0000584d  SPI_clearInterruptFlag                         
000057cf  SPI_disableInterrupt                           
00005727  SPI_disableModule                              
000057a9  SPI_enableInterrupt                            
0000570b  SPI_enableModule                               
0000581d  SPI_getEnabledInterruptStatus                  
000057f5  SPI_getInterruptStatus                         
00005749  SPI_getReceiveBufferAddressForDMA              
00005771  SPI_getTransmitBufferAddressForDMA             
000054d9  SPI_initMaster                                 
00005609  SPI_initSlave                                  
0000578d  SPI_isBusy                                     
000056ef  SPI_receiveData                                
00005873  SPI_registerInterrupt                          
000055ad  SPI_selectFourPinFunctionality                 
000056c9  SPI_transmitData                               
00005931  SPI_unregisterInterrupt                        
00008f4f  SVC_Handler                                    
00005f6b  SysCtl_disableGlitchFilter                     
00005df7  SysCtl_disableNMISource                        
00005f03  SysCtl_disablePeripheralAtCPUHalt              
00005e45  SysCtl_disableSRAMBank                         
00005ec9  SysCtl_disableSRAMBankRetention                
00005f5f  SysCtl_enableGlitchFilter                      
00005e0b  SysCtl_enableNMISource                         
00005eef  SysCtl_enablePeripheralAtCPUHalt               
00005e25  SysCtl_enableSRAMBank                          
00005ead  SysCtl_enableSRAMBankRetention                 
00005df1  SysCtl_getFlashSize                            
00005e1f  SysCtl_getNMISourceStatus                      
00005deb  SysCtl_getSRAMSize                             
00005d75  SysCtl_getTLVInfo                              
00005f77  SysCtl_getTempCalibrationConstant              
00005ee5  SysCtl_rebootDevice                            
00005f3b  SysCtl_setWDTPasswordViolationResetType        
00005f17  SysCtl_setWDTTimeoutResetType                  
00008f4f  SysTick_Handler                                
00005fc9  SysTick_disableInterrupt                       
00005f99  SysTick_disableModule                          
00005fbd  SysTick_enableInterrupt                        
00005f8d  SysTick_enableModule                           
00005fe7  SysTick_getPeriod                              
00005fef  SysTick_getValue                               
00005fa5  SysTick_registerInterrupt                      
00005fd5  SysTick_setPeriod                              
00005fb3  SysTick_unregisterInterrupt                    
20000154  SystemCoreClock                                
000086bd  SystemCoreClockUpdate                          
00008935  SystemInit                                     
00008f4f  T32_INT1_IRQHandler                            
00008f4f  T32_INT2_IRQHandler                            
00008f4f  T32_INTC_IRQHandler                            
00008f4f  TA0_0_IRQHandler                               
00008f4f  TA0_N_IRQHandler                               
00008f4f  TA1_0_IRQHandler                               
00008f4f  TA1_N_IRQHandler                               
00008f4f  TA2_0_IRQHandler                               
00008f4f  TA2_N_IRQHandler                               
00008f4f  TA3_0_IRQHandler                               
00008f4f  TA3_N_IRQHandler                               
000083c5  TB6612_init                                    
00006151  Timer32_clearInterruptFlag                     
0000613d  Timer32_disableInterrupt                       
00006129  Timer32_enableInterrupt                        
00006165  Timer32_getInterruptStatus                     
000060c1  Timer32_getValue                               
00006115  Timer32_haltTimer                              
00005ff9  Timer32_initModule                             
00006173  Timer32_registerInterrupt                      
0000605d  Timer32_setCount                               
00006091  Timer32_setCountInBackground                   
000060e1  Timer32_startTimer                             
00006189  Timer32_unregisterInterrupt                    
00006687  Timer_A_clearCaptureCompareInterrupt           
00006671  Timer_A_clearInterruptFlag                     
00006503  Timer_A_clearTimer                             
00006325  Timer_A_configureContinuousMode                
000063b9  Timer_A_configureUpDownMode                    
00006355  Timer_A_configureUpMode                        
00006711  Timer_A_disableCaptureCompareInterrupt         
000066c3  Timer_A_disableInterrupt                       
000066e9  Timer_A_enableCaptureCompareInterrupt          
000066af  Timer_A_enableInterrupt                        
000065cf  Timer_A_generatePWM                            
00006575  Timer_A_getCaptureCompareCount                 
0000677d  Timer_A_getCaptureCompareEnabledInterruptStatus
0000673d  Timer_A_getCaptureCompareInterruptStatus       
000064b7  Timer_A_getCounterValue                        
00006765  Timer_A_getEnabledInterruptStatus              
000066d7  Timer_A_getInterruptStatus                     
00006547  Timer_A_getOutputForOutputModeOutBitValue      
00006517  Timer_A_getSynchronizedCaptureCompareInput     
00006417  Timer_A_initCapture                            
00006469  Timer_A_initCompare                            
000067b9  Timer_A_registerInterrupt                      
00006643  Timer_A_setCompareValue                        
00006597  Timer_A_setOutputForOutputModeOutBitValue      
00006309  Timer_A_startCounter                           
0000688b  Timer_A_unregisterInterrupt                    
00006c69  UART_clearInterruptFlag                        
00006bc1  UART_disableInterrupt                          
00006aa3  UART_disableModule                             
00006b91  UART_enableInterrupt                           
00006a8d  UART_enableModule                              
00006c0d  UART_getEnabledInterruptStatus                 
00006bf1  UART_getInterruptStatus                        
00006b59  UART_getReceiveBufferAddressForDMA             
00006b67  UART_getTransmitBufferAddressForDMA            
00006955  UART_initModule                                
00006ab9  UART_queryStatusFlags                          
00006a67  UART_receiveData                               
00006c89  UART_registerInterrupt                         
00006ae1  UART_resetDormant                              
00006b75  UART_selectDeglitchTime                        
00006acd  UART_setDormant                                
00006af5  UART_transmitAddress                           
00006b13  UART_transmitBreak                             
00006a3d  UART_transmitData                              
00006d05  UART_unregisterInterrupt                       
00008f4f  UsageFault_Handler                             
4000480c  WDTCTL_SYM                                     
00008f4f  WDT_A_IRQHandler                               
00006da1  WDT_A_clearTimer                               
00006d61  WDT_A_holdTimer                                
00006de5  WDT_A_initIntervalTimer                        
00006dc5  WDT_A_initWatchdogTimer                        
00006e1d  WDT_A_registerInterrupt                        
00006e05  WDT_A_setPasswordViolationReset                
00006e11  WDT_A_setTimeoutReset                          
00006d81  WDT_A_startTimer                               
00006e31  WDT_A_unregisterInterrupt                      
000030d7  __FlashCtl_remaskBurstDataPost                 
00002fbd  __FlashCtl_remaskBurstDataPre                  
00002e01  __FlashCtl_remaskData32Post                    
00002ee5  __FlashCtl_remaskData32Pre                     
00002ce3  __FlashCtl_remaskData8Post                     
00002d63  __FlashCtl_remaskData8Pre                      
20010000  __STACK_END                                    
00000200  __STACK_SIZE                                   
00009130  __TI_CINIT_Base                                
00009148  __TI_CINIT_Limit                               
00009110  __TI_Handler_Table_Base                        
0000911c  __TI_Handler_Table_Limit                       
00008e69  __TI_auto_init_nobinit_nopinit                 
00008dad  __TI_decompress_lzss                           
00008f35  __TI_decompress_none                           
ffffffff  __TI_pprof_out_hndl                            
ffffffff  __TI_prof_data_size                            
ffffffff  __TI_prof_data_start                           
00000000  __TI_static_base__                             
00008f19  __TI_zero_init_nomemset                        
00008d3f  __aeabi_d2f                                    
000089fb  __aeabi_dadd                                   
00008ba7  __aeabi_dmul                                   
000089f1  __aeabi_dsub                                   
00008ead  __aeabi_f2d                                    
00008ca3  __aeabi_memcpy                                 
00008ca3  __aeabi_memcpy4                                
00008ca3  __aeabi_memcpy8                                
ffffffff  __binit__                                      
ffffffff  __c_args__                                     
UNDEFED   __mpu_init                                     
2000fe00  __stack                                        
20000000  __start___llvm_prf_cnts                        
20000000  __stop___llvm_prf_cnts                         
00008ee5  _c_int00_noargs                                
UNDEFED   _system_post_cinit                             
00008f51  _system_pre_init                               
00008f55  abort                                          
ffffffff  binit                                          
00007db1  bluetooth_init                                 
00007c4d  buzzer                                         
00007bf5  delay_us                                       
0000823d  distance_suspend                               
20000000  g_pfnRAMVectors                                
00007bd9  go_LPM                                         
00000000  interruptVectors                               
00007b93  key_init                                       
00007ba9  led_init                                       
00007d3d  light_value_start                              
00007cc1  light_value_suspend                            
00008e15  main                                           
00008ca3  memcpy                                         
000084b5  motor_control                                  
00007e61  openmv_init                                    
00008161  servo1_angle                                   
00008181  servo2_angle                                   
000081a1  servo3_angle                                   
000081c9  servo4_angle                                   
00008139  servo_init                                     
00007d6d  soundIntensit_init_interrupt                   
00007c2b  time_count_start                               
00008379  trig                                           
00009028  uartConfig2                                    


GLOBAL SYMBOLS: SORTED BY Symbol Address 

address   name                                           
-------   ----                                           
00000000  __TI_static_base__                             
00000000  interruptVectors                               
00000200  __STACK_SIZE                                   
0000024d  ADC14_enableModule                             
00000255  ADC14_disableModule                            
0000026b  ADC14_enableSampleTimer                        
00000295  ADC14_disableSampleTimer                       
000002ab  ADC14_initModule                               
000002f1  ADC14_setResolution                            
0000030b  ADC14_getResolution                            
00000315  ADC14_setSampleHoldTrigger                     
00000357  ADC14_setSampleHoldTime                        
00000381  ADC14_configureMultiSequenceMode               
00000417  ADC14_configureSingleSampleMode                
0000046d  ADC14_enableConversion                         
0000048d  ADC14_toggleConversionTrigger                  
000004af  ADC14_disableConversion                        
000004bb  ADC14_isBusy                                   
000004d9  ADC14_configureConversionMemory                
00000581  ADC14_enableComparatorWindow                   
00000611  ADC14_disableComparatorWindow                  
0000066f  ADC14_setComparatorWindowValue                 
000006f5  ADC14_setResultFormat                          
0000071f  ADC14_getResult                                
00000739  ADC14_getMultiSequenceResult                   
000007a5  ADC14_getResultArray                           
00000819  ADC14_enableReferenceBurst                     
0000082f  ADC14_disableReferenceBurst                    
00000845  ADC14_setPowerMode                             
00000887  ADC14_enableInterrupt                          
000008af  ADC14_disableInterrupt                         
000008d7  ADC14_getInterruptStatus                       
000008fb  ADC14_getEnabledInterruptStatus                
00000931  ADC14_clearInterruptFlag                       
0000095d  ADC14_registerInterrupt                        
00000971  ADC14_unregisterInterrupt                      
00000995  AES256_setCipherKey                            
00000a3d  AES256_encryptData                             
00000af5  AES256_decryptData                             
00000bb1  AES256_setDecipherKey                          
00000c6d  AES256_clearInterruptFlag                      
00000c81  AES256_getInterruptFlagStatus                  
00000c93  AES256_enableInterrupt                         
00000ca7  AES256_disableInterrupt                        
00000cbb  AES256_reset                                   
00000cd5  AES256_startEncryptData                        
00000d49  AES256_startDecryptData                        
00000dab  AES256_startSetDecipherKey                     
00000e4d  AES256_getDataOut                              
00000eb3  AES256_isBusy                                  
00000ecb  AES256_clearErrorFlag                          
00000edf  AES256_getErrorFlagStatus                      
00000ef1  AES256_registerInterrupt                       
00000f07  AES256_unregisterInterrupt                     
00000f19  AES256_getInterruptStatus                      
00000fe9  COMP_E_initModule                              
00001093  COMP_E_setReferenceVoltage                     
000010f9  COMP_E_setReferenceAccuracy                    
00001125  COMP_E_setPowerMode                            
00001141  COMP_E_enableModule                            
00001155  COMP_E_disableModule                           
00001169  COMP_E_shortInputs                             
0000117d  COMP_E_unshortInputs                           
00001195  COMP_E_disableInputBuffer                      
000011ab  COMP_E_enableInputBuffer                       
000011c1  COMP_E_swapIO                                  
000011d5  COMP_E_outputValue                             
000011e7  COMP_E_enableInterrupt                         
000011fd  COMP_E_getEnabledInterruptStatus               
00001211  COMP_E_disableInterrupt                        
00001227  COMP_E_clearInterruptFlag                      
0000123d  COMP_E_getInterruptStatus                      
0000124f  COMP_E_setInterruptEdgeDirection               
0000127b  COMP_E_toggleInterruptEdgeDirection            
0000128f  COMP_E_registerInterrupt                       
000012c9  COMP_E_unregisterInterrupt                     
00001301  CPU_cpsid                                      
0000130d  CPU_primask                                    
00001317  CPU_cpsie                                      
00001323  CPU_wfi                                        
00001327  CPU_basepriSet                                 
00001335  CPU_basepriGet                                 
00001345  CRC32_setSeed                                  
00001375  CRC32_set8BitData                              
000013a1  CRC32_set16BitData                             
000013c7  CRC32_set32BitData                             
000013f1  CRC32_set8BitDataReversed                      
00001419  CRC32_set16BitDataReversed                     
0000143d  CRC32_set32BitDataReversed                     
0000145d  CRC32_getResult                                
00001489  CRC32_getResultReversed                        
000014b5  DMA_enableModule                               
000014bd  DMA_disableModule                              
000014c5  DMA_getErrorStatus                             
000014cb  DMA_clearErrorStatus                           
000014d3  DMA_enableChannel                              
000014eb  DMA_disableChannel                             
00001509  DMA_isChannelEnabled                           
00001531  DMA_setControlBase                             
00001541  DMA_getControlBase                             
00001547  DMA_getControlAlternateBase                    
0000154d  DMA_requestChannel                             
00001569  DMA_enableChannelAttribute                     
000015bd  DMA_disableChannelAttribute                    
00001621  DMA_getChannelAttribute                        
00001691  DMA_setChannelControl                          
000016e9  DMA_setChannelTransfer                         
000017e5  DMA_setChannelScatterGather                    
0000186d  DMA_getChannelSize                             
000018b1  DMA_getChannelMode                             
00001901  DMA_assignChannel                              
00001af5  DMA_assignInterrupt                            
00001b49  DMA_requestSoftwareTransfer                    
00001b61  DMA_getInterruptStatus                         
00001b6d  DMA_clearInterruptFlag                         
00001b85  DMA_enableInterrupt                            
00001bc3  DMA_disableInterrupt                           
00001c01  DMA_registerInterrupt                          
00001c17  DMA_unregisterInterrupt                        
00001e05  FlashCtl_getMemoryInfo                         
0000218d  FlashCtl_enableReadBuffering                   
000021e1  FlashCtl_disableReadBuffering                  
00002241  FlashCtl_unprotectSector                       
000022b1  FlashCtl_protectSector                         
00002311  FlashCtl_isSectorProtected                     
0000239d  FlashCtl_verifyMemory                          
00002605  FlashCtl_setReadMode                           
00002671  FlashCtl_getReadMode                           
0000269b  FlashCtl_initiateMassErase                     
000026c1  FlashCtl_performMassErase                      
0000280d  FlashCtl_eraseSector                           
00002931  FlashCtl_initiateSectorErase                   
000029c9  FlashCtl_programMemory                         
00002b35  FlashCtl_setProgramVerification                
00002b6f  FlashCtl_clearProgramVerification              
00002ba9  FlashCtl_enableWordProgramming                 
00002bd9  FlashCtl_disableWordProgramming                
00002be1  FlashCtl_isWordProgrammingEnabled              
00002c01  FlashCtl_setWaitState                          
00002c3f  FlashCtl_getWaitState                          
00002c6d  FlashCtl_enableInterrupt                       
00002c81  FlashCtl_disableInterrupt                      
00002c95  FlashCtl_getInterruptStatus                    
00002c9b  FlashCtl_getEnabledInterruptStatus             
00002cab  FlashCtl_clearInterruptFlag                    
00002cbf  FlashCtl_registerInterrupt                     
00002cd3  FlashCtl_unregisterInterrupt                   
00002ce3  __FlashCtl_remaskData8Post                     
00002d63  __FlashCtl_remaskData8Pre                      
00002e01  __FlashCtl_remaskData32Post                    
00002ee5  __FlashCtl_remaskData32Pre                     
00002fbd  __FlashCtl_remaskBurstDataPre                  
000030d7  __FlashCtl_remaskBurstDataPost                 
000031ed  FPU_enableModule                               
000031ff  FPU_disableModule                              
0000320d  FPU_enableStacking                             
0000321f  FPU_enableLazyStacking                         
0000322b  FPU_disableStacking                            
00003237  FPU_setHalfPrecisionMode                       
00003251  FPU_setNaNMode                                 
0000326b  FPU_setFlushToZeroMode                         
00003285  FPU_setRoundingMode                            
000032ad  GPIO_setAsOutputPin                            
000032e7  GPIO_setAsInputPin                             
00003331  GPIO_setAsPeripheralModuleFunctionOutputPin    
000033b5  GPIO_setAsPeripheralModuleFunctionInputPin     
00003439  GPIO_setOutputHighOnPin                        
0000345b  GPIO_setOutputLowOnPin                         
0000347d  GPIO_toggleOutputOnPin                         
000034a9  GPIO_setAsInputPinWithPullDownResistor         
00003501  GPIO_setAsInputPinWithPullUpResistor           
00003553  GPIO_getInputPinValue                          
00003583  GPIO_enableInterrupt                           
000035a5  GPIO_disableInterrupt                          
000035c7  GPIO_getInterruptStatus                        
000035e5  GPIO_clearInterruptFlag                        
00003607  GPIO_interruptEdgeSelect                       
0000363d  GPIO_getEnabledInterruptStatus                 
000036bb  GPIO_setDriveStrengthHigh                      
000036dd  GPIO_setDriveStrengthLow                       
000036ff  GPIO_registerInterrupt                         
0000371f  GPIO_unregisterInterrupt                       
0000373b  I2C_initMaster                                 
0000379d  I2C_initSlave                                  
000037d7  I2C_enableModule                               
000037ed  I2C_disableModule                              
00003803  I2C_setSlaveAddress                            
00003817  I2C_setMode                                    
00003839  I2C_masterReceiveSingleByte                    
0000386d  I2C_slavePutData                               
00003883  I2C_slaveGetData                               
00003897  I2C_isBusBusy                                  
000038a9  I2C_masterSendSingleByte                       
0000390f  I2C_masterSendSingleByteWithTimeout            
0000399b  I2C_masterSendMultiByteStart                   
000039ed  I2C_masterSendMultiByteStartWithTimeout        
00003a49  I2C_masterSendMultiByteNext                    
00003a75  I2C_masterSendMultiByteNextWithTimeout         
00003ab3  I2C_masterSendMultiByteFinish                  
00003b01  I2C_masterSendMultiByteFinishWithTimeout       
00003b6d  I2C_masterSendMultiByteStop                    
00003b97  I2C_masterSendMultiByteStopWithTimeout         
00003bd3  I2C_masterReceiveStart                         
00003bed  I2C_masterReceiveMultiByteNext                 
00003c05  I2C_masterReceiveMultiByteFinish               
00003c43  I2C_masterReceiveMultiByteFinishWithTimeout    
00003ca1  I2C_masterReceiveMultiByteStop                 
00003cb5  I2C_masterReceiveSingle                        
00003cdf  I2C_getReceiveBufferAddressForDMA              
00003ced  I2C_getTransmitBufferAddressForDMA             
00003cfb  I2C_masterIsStopSent                           
00003d0d  I2C_masterIsStartSent                          
00003d25  I2C_masterSendStart                            
00003d39  I2C_enableMultiMasterMode                      
00003d59  I2C_disableMultiMasterMode                     
00003d79  I2C_enableInterrupt                            
00003d8f  I2C_disableInterrupt                           
00003da5  I2C_clearInterruptFlag                         
00003dbb  I2C_getInterruptStatus                         
00003dd3  I2C_getEnabledInterruptStatus                  
00003de3  I2C_getMode                                    
00003df9  I2C_registerInterrupt                          
00003e5f  I2C_unregisterInterrupt                        
00003ebb  I2C_slaveSendNAK                               
00003ed1  Interrupt_enableMaster                         
00003ee9  Interrupt_disableMaster                        
00003ef9  Interrupt_registerInterrupt                    
00003f4b  Interrupt_unregisterInterrupt                  
00003f5f  Interrupt_setPriorityGrouping                  
00003f7d  Interrupt_getPriorityGrouping                  
00003fb9  Interrupt_setPriority                          
0000400d  Interrupt_getPriority                          
00004033  Interrupt_enableInterrupt                      
000040a9  Interrupt_disableInterrupt                     
00004121  Interrupt_isEnabled                            
000041ad  Interrupt_pendInterrupt                        
0000421d  Interrupt_unpendInterrupt                      
0000426b  Interrupt_setPriorityMask                      
0000427b  Interrupt_getPriorityMask                      
00004285  Interrupt_setVectorTableAddress                
00004299  Interrupt_getVectorTableAddress                
0000429f  Interrupt_enableSleepOnIsrExit                 
000042ab  Interrupt_disableSleepOnIsrExit                
000042b7  MPU_enableModule                               
000042cb  MPU_disableModule                              
000042d7  MPU_getRegionCount                             
000042e3  MPU_enableRegion                               
000042fd  MPU_disableRegion                              
0000431d  MPU_setRegion                                  
0000434d  MPU_getRegion                                  
00004379  MPU_registerInterrupt                          
00004387  MPU_unregisterInterrupt                        
00004391  MPU_enableInterrupt                            
0000439b  MPU_disableInterrupt                           
000044a5  PCM_setCoreVoltageLevel                        
000044b5  PCM_setCoreVoltageLevelWithTimeout             
000044c7  PCM_setCoreVoltageLevelNonBlocking             
000044dd  PCM_getPowerMode                               
00004549  PCM_getCoreVoltageLevel                        
00004703  PCM_setPowerMode                               
00004713  PCM_setPowerModeNonBlocking                    
00004729  PCM_setPowerModeWithTimeout                    
000049d7  PCM_setPowerState                              
000049e7  PCM_setPowerStateWithTimeout                   
000049f9  PCM_setPowerStateNonBlocking                   
00004a09  PCM_shutdownDevice                             
00004a4d  PCM_gotoLPM4                                   
00004a5d  PCM_gotoLPM4InterruptSafe                      
00004a79  PCM_gotoLPM0                                   
00004a97  PCM_gotoLPM0InterruptSafe                      
00004ab3  PCM_gotoLPM3                                   
00004b2b  PCM_gotoLPM3InterruptSafe                      
00004b47  PCM_getPowerState                              
00004b53  PCM_enableRudeMode                             
00004b65  PCM_disableRudeMode                            
00004b79  PCM_enableInterrupt                            
00004b8d  PCM_disableInterrupt                           
00004ba1  PCM_getInterruptStatus                         
00004ba7  PCM_getEnabledInterruptStatus                  
00004bb7  PCM_clearInterruptFlag                         
00004bcb  PCM_registerInterrupt                          
00004bdf  PCM_unregisterInterrupt                        
00004bef  PMAP_configurePorts                            
00004c5f  PSS_enableForcedDCDCOperation                  
00004c71  PSS_disableForcedDCDCOperation                 
00004c83  PSS_enableHighSidePinToggle                    
00004cb1  PSS_disableHighSidePinToggle                   
00004cc3  PSS_enableHighSide                             
00004cd5  PSS_disableHighSide                            
00004ce7  PSS_setHighSidePerformanceMode                 
00004d09  PSS_getHighSidePerformanceMode                 
00004d17  PSS_enableHighSideMonitor                      
00004d29  PSS_disableHighSideMonitor                     
00004d4d  PSS_setHighSideVoltageTrigger                  
00004d75  PSS_getHighSideVoltageTrigger                  
00004d81  PSS_enableInterrupt                            
00004d93  PSS_disableInterrupt                           
00004da5  PSS_getInterruptStatus                         
00004dab  PSS_clearInterruptFlag                         
00004dbd  PSS_registerInterrupt                          
00004dd1  PSS_unregisterInterrupt                        
00004de1  REF_A_setReferenceVoltage                      
00004dfb  REF_A_disableTempSensor                        
00004e03  REF_A_enableTempSensor                         
00004e0b  REF_A_enableReferenceVoltageOutput             
00004e13  REF_A_disableReferenceVoltageOutput            
00004e1b  REF_A_enableReferenceVoltage                   
00004e23  REF_A_disableReferenceVoltage                  
00004e2b  REF_A_getBandgapMode                           
00004e35  REF_A_isBandgapActive                          
00004e41  REF_A_isRefGenBusy                             
00004e4d  REF_A_isRefGenActive                           
00004e59  REF_A_getBufferedBandgapVoltageStatus          
00004e65  REF_A_getVariableReferenceVoltageStatus        
00004e71  REF_A_setReferenceVoltageOneTimeTrigger        
00004e79  REF_A_setBufferedBandgapVoltageOneTimeTrigger  
00004e89  ResetCtl_initiateSoftReset                     
00004e97  ResetCtl_initiateSoftResetWithSource           
00004eb1  ResetCtl_getSoftResetSource                    
00004eb7  ResetCtl_clearSoftResetSource                  
00004ed1  ResetCtl_initiateHardReset                     
00004edf  ResetCtl_initiateHardResetWithSource           
00004ef9  ResetCtl_getHardResetSource                    
00004eff  ResetCtl_clearHardResetSource                  
00004f13  ResetCtl_getPSSSource                          
00004f19  ResetCtl_clearPSSFlags                         
00004f25  ResetCtl_getPCMSource                          
00004f2b  ResetCtl_clearPCMFlags                         
00004f41  RTC_C_startClock                               
00004f5f  RTC_C_holdClock                                
00004f81  RTC_C_setCalibrationFrequency                  
00004fb5  RTC_C_setCalibrationData                       
00004ff1  RTC_C_setTemperatureCompensation               
00005025  RTC_C_initCalendar                             
000050a5  RTC_C_getCalendarTime                          
00005119  RTC_C_setCalendarAlarm                         
0000515d  RTC_C_setCalendarEvent                         
00005199  RTC_C_definePrescaleEvent                      
000051d5  RTC_C_getPrescaleValue                         
00005221  RTC_C_setPrescaleValue                         
0000527d  RTC_C_convertBCDToBinary                       
00005295  RTC_C_convertBinaryToBCD                       
000052b1  RTC_C_enableInterrupt                          
00005309  RTC_C_disableInterrupt                         
0000536d  RTC_C_getInterruptStatus                       
000053c5  RTC_C_getEnabledInterruptStatus                
0000542d  RTC_C_clearInterruptFlag                       
00005473  RTC_C_registerInterrupt                        
00005487  RTC_C_unregisterInterrupt                      
000054d9  SPI_initMaster                                 
000055ad  SPI_selectFourPinFunctionality                 
000055d9  SPI_changeMasterClock                          
00005609  SPI_initSlave                                  
00005695  SPI_changeClockPhasePolarity                   
000056c9  SPI_transmitData                               
000056ef  SPI_receiveData                                
0000570b  SPI_enableModule                               
00005727  SPI_disableModule                              
00005749  SPI_getReceiveBufferAddressForDMA              
00005771  SPI_getTransmitBufferAddressForDMA             
0000578d  SPI_isBusy                                     
000057a9  SPI_enableInterrupt                            
000057cf  SPI_disableInterrupt                           
000057f5  SPI_getInterruptStatus                         
0000581d  SPI_getEnabledInterruptStatus                  
0000584d  SPI_clearInterruptFlag                         
00005873  SPI_registerInterrupt                          
00005931  SPI_unregisterInterrupt                        
000059dd  EUSCI_B_SPI_select4PinFunctionality            
000059fd  EUSCI_B_SPI_masterChangeClock                  
00005a2f  EUSCI_B_SPI_slaveInit                          
00005a79  EUSCI_B_SPI_changeClockPhasePolarity           
00005abb  EUSCI_B_SPI_transmitData                       
00005ad1  EUSCI_B_SPI_receiveData                        
00005ae1  EUSCI_B_SPI_enableInterrupt                    
00005afb  EUSCI_B_SPI_disableInterrupt                   
00005b15  EUSCI_B_SPI_getInterruptStatus                 
00005b2d  EUSCI_B_SPI_clearInterruptFlag                 
00005b47  EUSCI_B_SPI_enable                             
00005b5d  EUSCI_B_SPI_disable                            
00005b73  EUSCI_B_SPI_getReceiveBufferAddressForDMA      
00005b81  EUSCI_B_SPI_getTransmitBufferAddressForDMA     
00005b8f  EUSCI_B_SPI_isBusy                             
00005ba7  EUSCI_A_SPI_select4PinFunctionality            
00005bc7  EUSCI_A_SPI_masterChangeClock                  
00005bfd  EUSCI_A_SPI_slaveInit                          
00005c47  EUSCI_A_SPI_changeClockPhasePolarity           
00005c89  EUSCI_A_SPI_transmitData                       
00005c9f  EUSCI_A_SPI_receiveData                        
00005caf  EUSCI_A_SPI_enableInterrupt                    
00005cc9  EUSCI_A_SPI_disableInterrupt                   
00005ce3  EUSCI_A_SPI_getInterruptStatus                 
00005cfb  EUSCI_A_SPI_clearInterruptFlag                 
00005d15  EUSCI_A_SPI_enable                             
00005d2b  EUSCI_A_SPI_disable                            
00005d41  EUSCI_A_SPI_getReceiveBufferAddressForDMA      
00005d4f  EUSCI_A_SPI_getTransmitBufferAddressForDMA     
00005d5d  EUSCI_A_SPI_isBusy                             
00005d75  SysCtl_getTLVInfo                              
00005deb  SysCtl_getSRAMSize                             
00005df1  SysCtl_getFlashSize                            
00005df7  SysCtl_disableNMISource                        
00005e0b  SysCtl_enableNMISource                         
00005e1f  SysCtl_getNMISourceStatus                      
00005e25  SysCtl_enableSRAMBank                          
00005e45  SysCtl_disableSRAMBank                         
00005ead  SysCtl_enableSRAMBankRetention                 
00005ec9  SysCtl_disableSRAMBankRetention                
00005ee5  SysCtl_rebootDevice                            
00005eef  SysCtl_enablePeripheralAtCPUHalt               
00005f03  SysCtl_disablePeripheralAtCPUHalt              
00005f17  SysCtl_setWDTTimeoutResetType                  
00005f3b  SysCtl_setWDTPasswordViolationResetType        
00005f5f  SysCtl_enableGlitchFilter                      
00005f6b  SysCtl_disableGlitchFilter                     
00005f77  SysCtl_getTempCalibrationConstant              
00005f8d  SysTick_enableModule                           
00005f99  SysTick_disableModule                          
00005fa5  SysTick_registerInterrupt                      
00005fb3  SysTick_unregisterInterrupt                    
00005fbd  SysTick_enableInterrupt                        
00005fc9  SysTick_disableInterrupt                       
00005fd5  SysTick_setPeriod                              
00005fe7  SysTick_getPeriod                              
00005fef  SysTick_getValue                               
00005ff9  Timer32_initModule                             
0000605d  Timer32_setCount                               
00006091  Timer32_setCountInBackground                   
000060c1  Timer32_getValue                               
000060e1  Timer32_startTimer                             
00006115  Timer32_haltTimer                              
00006129  Timer32_enableInterrupt                        
0000613d  Timer32_disableInterrupt                       
00006151  Timer32_clearInterruptFlag                     
00006165  Timer32_getInterruptStatus                     
00006173  Timer32_registerInterrupt                      
00006189  Timer32_unregisterInterrupt                    
00006309  Timer_A_startCounter                           
00006325  Timer_A_configureContinuousMode                
00006355  Timer_A_configureUpMode                        
000063b9  Timer_A_configureUpDownMode                    
00006417  Timer_A_initCapture                            
00006469  Timer_A_initCompare                            
000064b7  Timer_A_getCounterValue                        
00006503  Timer_A_clearTimer                             
00006517  Timer_A_getSynchronizedCaptureCompareInput     
00006547  Timer_A_getOutputForOutputModeOutBitValue      
00006575  Timer_A_getCaptureCompareCount                 
00006597  Timer_A_setOutputForOutputModeOutBitValue      
000065cf  Timer_A_generatePWM                            
00006643  Timer_A_setCompareValue                        
00006671  Timer_A_clearInterruptFlag                     
00006687  Timer_A_clearCaptureCompareInterrupt           
000066af  Timer_A_enableInterrupt                        
000066c3  Timer_A_disableInterrupt                       
000066d7  Timer_A_getInterruptStatus                     
000066e9  Timer_A_enableCaptureCompareInterrupt          
00006711  Timer_A_disableCaptureCompareInterrupt         
0000673d  Timer_A_getCaptureCompareInterruptStatus       
00006765  Timer_A_getEnabledInterruptStatus              
0000677d  Timer_A_getCaptureCompareEnabledInterruptStatus
000067b9  Timer_A_registerInterrupt                      
0000688b  Timer_A_unregisterInterrupt                    
00006955  UART_initModule                                
00006a3d  UART_transmitData                              
00006a67  UART_receiveData                               
00006a8d  UART_enableModule                              
00006aa3  UART_disableModule                             
00006ab9  UART_queryStatusFlags                          
00006acd  UART_setDormant                                
00006ae1  UART_resetDormant                              
00006af5  UART_transmitAddress                           
00006b13  UART_transmitBreak                             
00006b59  UART_getReceiveBufferAddressForDMA             
00006b67  UART_getTransmitBufferAddressForDMA            
00006b75  UART_selectDeglitchTime                        
00006b91  UART_enableInterrupt                           
00006bc1  UART_disableInterrupt                          
00006bf1  UART_getInterruptStatus                        
00006c0d  UART_getEnabledInterruptStatus                 
00006c69  UART_clearInterruptFlag                        
00006c89  UART_registerInterrupt                         
00006d05  UART_unregisterInterrupt                       
00006d61  WDT_A_holdTimer                                
00006d81  WDT_A_startTimer                               
00006da1  WDT_A_clearTimer                               
00006dc5  WDT_A_initWatchdogTimer                        
00006de5  WDT_A_initIntervalTimer                        
00006e05  WDT_A_setPasswordViolationReset                
00006e11  WDT_A_setTimeoutReset                          
00006e1d  WDT_A_registerInterrupt                        
00006e31  WDT_A_unregisterInterrupt                      
000070af  CS_setExternalClockSourceFrequency             
000070ed  CS_initClockSignal                             
000071f1  CS_startHFXT                                   
00007215  CS_startHFXTWithTimeout                        
000072d9  CS_startLFXT                                   
000072fd  CS_startLFXTWithTimeout                        
000073cd  CS_enableClockRequest                          
000073f5  CS_disableClockRequest                         
00007417  CS_setReferenceOscillatorFrequency             
0000743d  CS_enableDCOExternalResistor                   
00007465  CS_setDCOExternalResistorCalibration           
000074db  CS_disableDCOExternalResistor                  
000074f9  CS_setDCOCenteredFrequency                     
00007531  CS_tuneDCOFrequency                            
000075d5  CS_getDCOFrequency                             
00007775  CS_setDCOFrequency                             
0000794d  CS_getBCLK                                     
00007969  CS_getHSMCLK                                   
0000798d  CS_getACLK                                     
000079b1  CS_getSMCLK                                    
000079d3  CS_getMCLK                                     
000079f5  CS_enableFaultCounter                          
00007a21  CS_disableFaultCounter                         
00007a4d  CS_resetFaultCounter                           
00007a99  CS_startFaultCounter                           
00007ae9  CS_enableInterrupt                             
00007b0b  CS_disableInterrupt                            
00007b2d  CS_getInterruptStatus                          
00007b33  CS_getEnabledInterruptStatus                   
00007b4d  CS_clearInterruptFlag                          
00007b6f  CS_registerInterrupt                           
00007b83  CS_unregisterInterrupt                         
00007b93  key_init                                       
00007ba9  led_init                                       
00007bd9  go_LPM                                         
00007bf5  delay_us                                       
00007c2b  time_count_start                               
00007c4d  buzzer                                         
00007c95  Photoresistance_init_suspend                   
00007cc1  light_value_suspend                            
00007ced  Photoresistance_init_interrupt                 
00007d3d  light_value_start                              
00007d4d  ADC14_IRQHandler                               
00007d4d  ADC14_IRQHandler                               
00007d6d  soundIntensit_init_interrupt                   
00007db1  bluetooth_init                                 
00007e01  Ir_distance_init                               
00007e2d  Ir_distance                                    
00007e61  openmv_init                                    
00007e9d  KeyArray_init                                  
00007f51  Key                                            
00008139  servo_init                                     
00008161  servo1_angle                                   
00008181  servo2_angle                                   
000081a1  servo3_angle                                   
000081c9  servo4_angle                                   
000081f5  HCSR04_Init_suspend                            
0000823d  distance_suspend                               
00008307  HCSR04_Init_interrupt                          
00008379  trig                                           
000083c5  TB6612_init                                    
000084b5  motor_control                                  
000086bd  SystemCoreClockUpdate                          
00008935  SystemInit                                     
000089f1  __aeabi_dsub                                   
000089fb  __aeabi_dadd                                   
00008ba7  __aeabi_dmul                                   
00008ca3  __aeabi_memcpy                                 
00008ca3  __aeabi_memcpy4                                
00008ca3  __aeabi_memcpy8                                
00008ca3  memcpy                                         
00008d3f  __aeabi_d2f                                    
00008dad  __TI_decompress_lzss                           
00008e15  main                                           
00008e2d  EUSCIA2_IRQHandler                             
00008e2d  EUSCIA2_IRQHandler                             
00008e69  __TI_auto_init_nobinit_nopinit                 
00008ead  __aeabi_f2d                                    
00008ee5  _c_int00_noargs                                
00008f19  __TI_zero_init_nomemset                        
00008f35  __TI_decompress_none                           
00008f43  Reset_Handler                                  
00008f4f  AES256_IRQHandler                              
00008f4f  BusFault_Handler                               
00008f4f  COMP_E0_IRQHandler                             
00008f4f  COMP_E1_IRQHandler                             
00008f4f  CS_IRQHandler                                  
00008f4f  DMA_ERR_IRQHandler                             
00008f4f  DMA_INT0_IRQHandler                            
00008f4f  DMA_INT1_IRQHandler                            
00008f4f  DMA_INT2_IRQHandler                            
00008f4f  DMA_INT3_IRQHandler                            
00008f4f  DebugMon_Handler                               
00008f4f  Default_Handler                                
00008f4f  EUSCIA0_IRQHandler                             
00008f4f  EUSCIA1_IRQHandler                             
00008f4f  EUSCIA3_IRQHandler                             
00008f4f  EUSCIB0_IRQHandler                             
00008f4f  EUSCIB1_IRQHandler                             
00008f4f  EUSCIB2_IRQHandler                             
00008f4f  EUSCIB3_IRQHandler                             
00008f4f  FLCTL_IRQHandler                               
00008f4f  FPU_IRQHandler                                 
00008f4f  HardFault_Handler                              
00008f4f  MemManage_Handler                              
00008f4f  NMI_Handler                                    
00008f4f  PCM_IRQHandler                                 
00008f4f  PORT1_IRQHandler                               
00008f4f  PORT2_IRQHandler                               
00008f4f  PORT3_IRQHandler                               
00008f4f  PORT4_IRQHandler                               
00008f4f  PORT5_IRQHandler                               
00008f4f  PORT6_IRQHandler                               
00008f4f  PSS_IRQHandler                                 
00008f4f  PendSV_Handler                                 
00008f4f  RTC_C_IRQHandler                               
00008f4f  SVC_Handler                                    
00008f4f  SysTick_Handler                                
00008f4f  T32_INT1_IRQHandler                            
00008f4f  T32_INT2_IRQHandler                            
00008f4f  T32_INTC_IRQHandler                            
00008f4f  TA0_0_IRQHandler                               
00008f4f  TA0_N_IRQHandler                               
00008f4f  TA1_0_IRQHandler                               
00008f4f  TA1_N_IRQHandler                               
00008f4f  TA2_0_IRQHandler                               
00008f4f  TA2_N_IRQHandler                               
00008f4f  TA3_0_IRQHandler                               
00008f4f  TA3_N_IRQHandler                               
00008f4f  UsageFault_Handler                             
00008f4f  WDT_A_IRQHandler                               
00008f51  _system_pre_init                               
00008f55  C$$EXIT                                        
00008f55  abort                                          
00009028  uartConfig2                                    
00009110  __TI_Handler_Table_Base                        
0000911c  __TI_Handler_Table_Limit                       
00009130  __TI_CINIT_Base                                
00009148  __TI_CINIT_Limit                               
20000000  __start___llvm_prf_cnts                        
20000000  __stop___llvm_prf_cnts                         
20000000  g_pfnRAMVectors                                
20000154  SystemCoreClock                                
20000160  LIGHTVAL                                       
2000fe00  __stack                                        
20010000  __STACK_END                                    
4000480c  WDTCTL_SYM                                     
ffffffff  __TI_pprof_out_hndl                            
ffffffff  __TI_prof_data_size                            
ffffffff  __TI_prof_data_start                           
ffffffff  __binit__                                      
ffffffff  __c_args__                                     
ffffffff  binit                                          
UNDEFED   __mpu_init                                     
UNDEFED   _system_post_cinit                             

[647 symbols]
