******************************************************************************
                  TI ARM Linker PC v20.2.5                     
******************************************************************************
>> Linked Fri Jul  8 20:46:50 2022

OUTPUT FILE NAME:   <Exe07.out>
ENTRY POINT SYMBOL: "_c_int00_noargs"  address: 00000b3d


MEMORY CONFIGURATION

         name            origin    length      used     unused   attr    fill
----------------------  --------  ---------  --------  --------  ----  --------
  MAIN                  00000000   00040000  00000be0  0003f420  R  X
  INFO                  00200000   00004000  00000000  00004000  R  X
  SRAM_CODE             01000000   00010000  00000215  0000fdeb  RW X
  SRAM_DATA             20000000   00010000  00000215  0000fdeb  RW  


SEGMENT ALLOCATION MAP

run origin  load origin   length   init length attrs members
----------  ----------- ---------- ----------- ----- -------
00000000    00000000    00000be0   00000be0    r-x
  00000000    00000000    000000e4   000000e4    r-- .intvecs
  000000e4    000000e4    00000acc   00000acc    r-x .text
  00000bb0    00000bb0    00000030   00000030    r-- .cinit
20000000    20000000    00000018   00000000    rw-
  20000000    20000000    00000011   00000000    rw- .bss
  20000014    20000014    00000004   00000000    rw- .data
2000fe00    2000fe00    00000200   00000000    rw-
  2000fe00    2000fe00    00000200   00000000    rw- .stack


SECTION ALLOCATION MAP

 output                                  attributes/
section   page    origin      length       input sections
--------  ----  ----------  ----------   ----------------
.intvecs   0    00000000    000000e4     
                  00000000    000000e4     startup_msp432p401r_ccs.obj (.intvecs:retain)

.text      0    000000e4    00000acc     
                  000000e4    000005dc     main.obj (.text)
                  000006c0    00000334     system_msp432p401r.obj (.text)
                  000009f4    0000009c     rtsv7M4_T_le_v4SPD16_eabi.lib : memcpy_t2.asm.obj (.text)
                  00000a90    00000068                                   : copy_decompress_lzss.c.obj (.text:decompress:lzss:__TI_decompress_lzss)
                  00000af8    00000044                                   : autoinit.c.obj (.text:__TI_auto_init_nobinit_nopinit:__TI_auto_init_nobinit_nopinit)
                  00000b3c    00000034                                   : boot_cortex_m.c.obj (.text:_c_int00_noargs:_c_int00_noargs)
                  00000b70    0000001c                                   : copy_zero_init.c.obj (.text:decompress:ZI:__TI_zero_init_nomemset:__TI_zero_init_nomemset)
                  00000b8c    0000000e                                   : copy_decompress_none.c.obj (.text:decompress:none:__TI_decompress_none)
                  00000b9a    0000000e     startup_msp432p401r_ccs.obj (.text)
                  00000ba8    00000004     rtsv7M4_T_le_v4SPD16_eabi.lib : pre_init.c.obj (.text:_system_pre_init)
                  00000bac    00000004                                   : exit.c.obj (.text:abort:abort)

.cinit     0    00000bb0    00000030     
                  00000bb0    0000000c     (__TI_handler_table)
                  00000bbc    00000004     --HOLE-- [fill = 0]
                  00000bc0    00000008     (.cinit..bss.load) [load image, compression = zero_init]
                  00000bc8    00000008     (.cinit..data.load) [load image, compression = lzss]
                  00000bd0    00000010     (__TI_cinit_table)

.init_array 
*          0    00000000    00000000     UNINITIALIZED

.binit     0    00000000    00000000     

.bss       0    20000000    00000011     UNINITIALIZED
                  20000000    00000011     (.common:sensor)

.data      0    20000014    00000004     UNINITIALIZED
                  20000014    00000004     system_msp432p401r.obj (.data)

.stack     0    2000fe00    00000200     UNINITIALIZED
                  2000fe00    00000004     rtsv7M4_T_le_v4SPD16_eabi.lib : boot_cortex_m.c.obj (.stack)
                  2000fe04    000001fc     --HOLE--

__llvm_prf_cnts 
*          0    20000000    00000000     UNINITIALIZED

MODULE SUMMARY

       Module                        code   ro data   rw data
       ------                        ----   -------   -------
    .\
       main.obj                      1500   0         34     
       system_msp432p401r.obj        820    0         8      
       startup_msp432p401r_ccs.obj   14     228       0      
    +--+-----------------------------+------+---------+---------+
       Total:                        2334   228       42     
                                                             
    C:\ti\ccs1110\ccs\tools\compiler\ti-cgt-arm_20.2.5.LTS\lib\rtsv7M4_T_le_v4SPD16_eabi.lib
       memcpy_t2.asm.obj             156    0         0      
       copy_decompress_lzss.c.obj    104    0         0      
       autoinit.c.obj                68     0         0      
       boot_cortex_m.c.obj           52     0         0      
       copy_zero_init.c.obj          28     0         0      
       copy_decompress_none.c.obj    14     0         0      
       exit.c.obj                    4      0         0      
       pre_init.c.obj                4      0         0      
    +--+-----------------------------+------+---------+---------+
       Total:                        430    0         0      
                                                             
       Stack:                        0      0         1024   
       Linker Generated:             0      44        0      
    +--+-----------------------------+------+---------+---------+
       Grand Total:                  2764   272       1066   


LINKER GENERATED COPY TABLES

__TI_cinit_table @ 00000bd0 records: 2, size/record: 8, table size: 16
	.bss: load addr=00000bc0, load size=00000008 bytes, run addr=20000000, run size=00000011 bytes, compression=zero_init
	.data: load addr=00000bc8, load size=00000008 bytes, run addr=20000014, run size=00000004 bytes, compression=lzss


LINKER GENERATED HANDLER TABLE

__TI_handler_table @ 00000bb0 records: 3, size/record: 4, table size: 12
	index: 0, handler: __TI_decompress_lzss
	index: 1, handler: __TI_decompress_none
	index: 2, handler: __TI_zero_init


GLOBAL SYMBOLS: SORTED ALPHABETICALLY BY Name 

address   name                          
-------   ----                          
00000ba7  ADC14_IRQHandler              
00000ba7  AES256_IRQHandler             
00000ba7  BusFault_Handler              
00000bad  C$$EXIT                       
00000ba7  COMP_E0_IRQHandler            
00000ba7  COMP_E1_IRQHandler            
00000ba7  CS_IRQHandler                 
00000ba7  DMA_ERR_IRQHandler            
00000ba7  DMA_INT0_IRQHandler           
00000ba7  DMA_INT1_IRQHandler           
00000ba7  DMA_INT2_IRQHandler           
00000ba7  DMA_INT3_IRQHandler           
00000ba7  DebugMon_Handler              
00000ba7  Default_Handler               
00000ba7  EUSCIA0_IRQHandler            
00000ba7  EUSCIA1_IRQHandler            
00000ba7  EUSCIA2_IRQHandler            
00000ba7  EUSCIA3_IRQHandler            
00000ba7  EUSCIB0_IRQHandler            
00000ba7  EUSCIB1_IRQHandler            
00000ba7  EUSCIB2_IRQHandler            
00000ba7  EUSCIB3_IRQHandler            
00000ba7  FLCTL_IRQHandler              
00000ba7  FPU_IRQHandler                
00000ba7  HardFault_Handler             
00000ba7  MemManage_Handler             
00000ba7  NMI_Handler                   
00000ba7  PCM_IRQHandler                
00000649  PORT1_IRQHandler              
00000649  PORT1_IRQHandler              
00000ba7  PORT2_IRQHandler              
00000ba7  PORT3_IRQHandler              
00000ba7  PORT4_IRQHandler              
00000ba7  PORT5_IRQHandler              
00000ba7  PORT6_IRQHandler              
00000ba7  PSS_IRQHandler                
00000ba7  PendSV_Handler                
00000ba7  RTC_C_IRQHandler              
00000b9b  Reset_Handler                 
00000ba7  SVC_Handler                   
00000ba7  SysTick_Handler               
20000014  SystemCoreClock               
000006c1  SystemCoreClockUpdate         
00000939  SystemInit                    
00000ba7  T32_INT1_IRQHandler           
00000ba7  T32_INT2_IRQHandler           
00000ba7  T32_INTC_IRQHandler           
00000ba7  TA0_0_IRQHandler              
00000ba7  TA0_N_IRQHandler              
00000ba7  TA1_0_IRQHandler              
00000ba7  TA1_N_IRQHandler              
00000ba7  TA2_0_IRQHandler              
00000ba7  TA2_N_IRQHandler              
00000ba7  TA3_0_IRQHandler              
00000ba7  TA3_N_IRQHandler              
00000ba7  UsageFault_Handler            
4000480c  WDTCTL_SYM                    
00000ba7  WDT_A_IRQHandler              
20010000  __STACK_END                   
00000200  __STACK_SIZE                  
00000bd0  __TI_CINIT_Base               
00000be0  __TI_CINIT_Limit              
00000bb0  __TI_Handler_Table_Base       
00000bbc  __TI_Handler_Table_Limit      
00000af9  __TI_auto_init_nobinit_nopinit
00000a91  __TI_decompress_lzss          
00000b8d  __TI_decompress_none          
ffffffff  __TI_pprof_out_hndl           
ffffffff  __TI_prof_data_size           
ffffffff  __TI_prof_data_start          
00000000  __TI_static_base__            
00000b71  __TI_zero_init_nomemset       
000009f5  __aeabi_memcpy                
000009f5  __aeabi_memcpy4               
000009f5  __aeabi_memcpy8               
ffffffff  __binit__                     
ffffffff  __c_args__                    
UNDEFED   __mpu_init                    
2000fe00  __stack                       
20000000  __start___llvm_prf_cnts       
20000000  __stop___llvm_prf_cnts        
00000b3d  _c_int00_noargs               
UNDEFED   _system_post_cinit            
00000ba9  _system_pre_init              
00000bad  abort                         
ffffffff  binit                         
000000e5  comm_init                     
00000575  delay                         
00000000  interruptVectors              
00000441  ir_check                      
0000036d  key_check                     
000005b9  main                          
000009f5  memcpy                        
00000119  reload_shift_reg              
20000000  sensor                        
000003bd  switcher_check                


GLOBAL SYMBOLS: SORTED BY Symbol Address 

address   name                          
-------   ----                          
00000000  __TI_static_base__            
00000000  interruptVectors              
000000e5  comm_init                     
00000119  reload_shift_reg              
00000200  __STACK_SIZE                  
0000036d  key_check                     
000003bd  switcher_check                
00000441  ir_check                      
00000575  delay                         
000005b9  main                          
00000649  PORT1_IRQHandler              
00000649  PORT1_IRQHandler              
000006c1  SystemCoreClockUpdate         
00000939  SystemInit                    
000009f5  __aeabi_memcpy                
000009f5  __aeabi_memcpy4               
000009f5  __aeabi_memcpy8               
000009f5  memcpy                        
00000a91  __TI_decompress_lzss          
00000af9  __TI_auto_init_nobinit_nopinit
00000b3d  _c_int00_noargs               
00000b71  __TI_zero_init_nomemset       
00000b8d  __TI_decompress_none          
00000b9b  Reset_Handler                 
00000ba7  ADC14_IRQHandler              
00000ba7  AES256_IRQHandler             
00000ba7  BusFault_Handler              
00000ba7  COMP_E0_IRQHandler            
00000ba7  COMP_E1_IRQHandler            
00000ba7  CS_IRQHandler                 
00000ba7  DMA_ERR_IRQHandler            
00000ba7  DMA_INT0_IRQHandler           
00000ba7  DMA_INT1_IRQHandler           
00000ba7  DMA_INT2_IRQHandler           
00000ba7  DMA_INT3_IRQHandler           
00000ba7  DebugMon_Handler              
00000ba7  Default_Handler               
00000ba7  EUSCIA0_IRQHandler            
00000ba7  EUSCIA1_IRQHandler            
00000ba7  EUSCIA2_IRQHandler            
00000ba7  EUSCIA3_IRQHandler            
00000ba7  EUSCIB0_IRQHandler            
00000ba7  EUSCIB1_IRQHandler            
00000ba7  EUSCIB2_IRQHandler            
00000ba7  EUSCIB3_IRQHandler            
00000ba7  FLCTL_IRQHandler              
00000ba7  FPU_IRQHandler                
00000ba7  HardFault_Handler             
00000ba7  MemManage_Handler             
00000ba7  NMI_Handler                   
00000ba7  PCM_IRQHandler                
00000ba7  PORT2_IRQHandler              
00000ba7  PORT3_IRQHandler              
00000ba7  PORT4_IRQHandler              
00000ba7  PORT5_IRQHandler              
00000ba7  PORT6_IRQHandler              
00000ba7  PSS_IRQHandler                
00000ba7  PendSV_Handler                
00000ba7  RTC_C_IRQHandler              
00000ba7  SVC_Handler                   
00000ba7  SysTick_Handler               
00000ba7  T32_INT1_IRQHandler           
00000ba7  T32_INT2_IRQHandler           
00000ba7  T32_INTC_IRQHandler           
00000ba7  TA0_0_IRQHandler              
00000ba7  TA0_N_IRQHandler              
00000ba7  TA1_0_IRQHandler              
00000ba7  TA1_N_IRQHandler              
00000ba7  TA2_0_IRQHandler              
00000ba7  TA2_N_IRQHandler              
00000ba7  TA3_0_IRQHandler              
00000ba7  TA3_N_IRQHandler              
00000ba7  UsageFault_Handler            
00000ba7  WDT_A_IRQHandler              
00000ba9  _system_pre_init              
00000bad  C$$EXIT                       
00000bad  abort                         
00000bb0  __TI_Handler_Table_Base       
00000bbc  __TI_Handler_Table_Limit      
00000bd0  __TI_CINIT_Base               
00000be0  __TI_CINIT_Limit              
20000000  __start___llvm_prf_cnts       
20000000  __stop___llvm_prf_cnts        
20000000  sensor                        
20000014  SystemCoreClock               
2000fe00  __stack                       
20010000  __STACK_END                   
4000480c  WDTCTL_SYM                    
ffffffff  __TI_pprof_out_hndl           
ffffffff  __TI_prof_data_size           
ffffffff  __TI_prof_data_start          
ffffffff  __binit__                     
ffffffff  __c_args__                    
ffffffff  binit                         
UNDEFED   __mpu_init                    
UNDEFED   _system_post_cinit            

[96 symbols]
