******************************************************************************
                  TI ARM Linker PC v20.2.7                     
******************************************************************************
>> Linked Wed Aug  9 09:07:10 2023

OUTPUT FILE NAME:   <Proj14dispatch_systick.out>
ENTRY POINT SYMBOL: "_c_int00_noargs"  address: 000007f9


MEMORY CONFIGURATION

         name            origin    length      used     unused   attr    fill
----------------------  --------  ---------  --------  --------  ----  --------
  MAIN                  00000000   00040000  000008d0  0003f730  R  X
  INFO                  00200000   00004000  00000000  00004000  R  X
  SRAM_CODE             01000000   00010000  0000020c  0000fdf4  RW X
  SRAM_DATA             20000000   00010000  0000020c  0000fdf4  RW  


SEGMENT ALLOCATION MAP

run origin  load origin   length   init length attrs members
----------  ----------- ---------- ----------- ----- -------
00000000    00000000    000008d4   000008d4    r-x
  00000000    00000000    000000e4   000000e4    r-- .intvecs
  000000e4    000000e4    000007d0   000007d0    r-x .text
  000008b8    000008b8    0000001c   0000001c    r-- .cinit
20000000    20000000    0000000c   00000000    rw-
  20000000    20000000    0000000c   00000000    rw- .data
2000fe00    2000fe00    00000200   00000000    rw-
  2000fe00    2000fe00    00000200   00000000    rw- .stack


SECTION ALLOCATION MAP

 output                                  attributes/
section   page    origin      length       input sections
--------  ----  ----------  ----------   ----------------
.intvecs   0    00000000    000000e4     
                  00000000    000000e4     startup_msp432p401r_ccs.obj (.intvecs:retain)

.text      0    000000e4    000007d0     
                  000000e4    00000334     system_msp432p401r.obj (.text)
                  00000418    000001cc     gpio.obj (.text)
                  000005e4    0000009c     rtsv7M4_T_le_v4SPD16_eabi.lib : memcpy_t2.asm.obj (.text)
                  00000680    00000068                                   : copy_decompress_lzss.c.obj (.text:decompress:lzss:__TI_decompress_lzss)
                  000006e8    00000068     main.obj (.text)
                  00000750    00000064     cs.obj (.text)
                  000007b4    00000044     rtsv7M4_T_le_v4SPD16_eabi.lib : autoinit.c.obj (.text:__TI_auto_init_nobinit_nopinit:__TI_auto_init_nobinit_nopinit)
                  000007f8    00000034                                   : boot_cortex_m.c.obj (.text:_c_int00_noargs:_c_int00_noargs)
                  0000082c    00000034     systick.obj (.text)
                  00000860    00000030     lpm.obj (.text)
                  00000890    0000000e     rtsv7M4_T_le_v4SPD16_eabi.lib : copy_decompress_none.c.obj (.text:decompress:none:__TI_decompress_none)
                  0000089e    0000000e     startup_msp432p401r_ccs.obj (.text)
                  000008ac    00000004     rtsv7M4_T_le_v4SPD16_eabi.lib : pre_init.c.obj (.text:_system_pre_init)
                  000008b0    00000004                                   : exit.c.obj (.text:abort:abort)

.cinit     0    000008b8    0000001c     
                  000008b8    0000000b     (.cinit..data.load) [load image, compression = lzss]
                  000008c3    00000001     --HOLE-- [fill = 0]
                  000008c4    00000008     (__TI_handler_table)
                  000008cc    00000008     (__TI_cinit_table)

.init_array 
*          0    00000000    00000000     UNINITIALIZED

.binit     0    00000000    00000000     

.data      0    20000000    0000000c     UNINITIALIZED
                  20000000    00000008     main.obj (.data)
                  20000008    00000004     system_msp432p401r.obj (.data)

.stack     0    2000fe00    00000200     UNINITIALIZED
                  2000fe00    00000004     rtsv7M4_T_le_v4SPD16_eabi.lib : boot_cortex_m.c.obj (.stack)
                  2000fe04    000001fc     --HOLE--

__llvm_prf_cnts 
*          0    20000000    00000000     UNINITIALIZED

MODULE SUMMARY

       Module                        code   ro data   rw data
       ------                        ----   -------   -------
    .\
       system_msp432p401r.obj        820    0         8      
       gpio.obj                      460    0         0      
       startup_msp432p401r_ccs.obj   14     228       0      
       main.obj                      104    0         16     
       cs.obj                        100    0         0      
       systick.obj                   52     0         0      
       lpm.obj                       48     0         0      
    +--+-----------------------------+------+---------+---------+
       Total:                        1598   228       24     
                                                             
    C:\ti\ccs1110\ccs\tools\compiler\ti-cgt-arm_20.2.7.LTS\lib\rtsv7M4_T_le_v4SPD16_eabi.lib
       memcpy_t2.asm.obj             156    0         0      
       copy_decompress_lzss.c.obj    104    0         0      
       autoinit.c.obj                68     0         0      
       boot_cortex_m.c.obj           52     0         0      
       copy_decompress_none.c.obj    14     0         0      
       exit.c.obj                    4      0         0      
       pre_init.c.obj                4      0         0      
    +--+-----------------------------+------+---------+---------+
       Total:                        402    0         0      
                                                             
       Stack:                        0      0         1024   
       Linker Generated:             0      27        0      
    +--+-----------------------------+------+---------+---------+
       Grand Total:                  2000   255       1048   


LINKER GENERATED COPY TABLES

__TI_cinit_table @ 000008cc records: 1, size/record: 8, table size: 8
	.data: load addr=000008b8, load size=0000000b bytes, run addr=20000000, run size=0000000c bytes, compression=lzss


LINKER GENERATED HANDLER TABLE

__TI_handler_table @ 000008c4 records: 2, size/record: 4, table size: 8
	index: 0, handler: __TI_decompress_lzss
	index: 1, handler: __TI_decompress_none


GLOBAL SYMBOLS: SORTED ALPHABETICALLY BY Name 

address   name                           
-------   ----                           
000008ab  ADC14_IRQHandler               
000008ab  AES256_IRQHandler              
000008ab  BusFault_Handler               
000008b1  C$$EXIT                        
000008ab  COMP_E0_IRQHandler             
000008ab  COMP_E1_IRQHandler             
000008ab  CS_IRQHandler                  
000008ab  DMA_ERR_IRQHandler             
000008ab  DMA_INT0_IRQHandler            
000008ab  DMA_INT1_IRQHandler            
000008ab  DMA_INT2_IRQHandler            
000008ab  DMA_INT3_IRQHandler            
000008ab  DebugMon_Handler               
000008ab  Default_Handler                
000008ab  EUSCIA0_IRQHandler             
000008ab  EUSCIA1_IRQHandler             
000008ab  EUSCIA2_IRQHandler             
000008ab  EUSCIA3_IRQHandler             
000008ab  EUSCIB0_IRQHandler             
000008ab  EUSCIB1_IRQHandler             
000008ab  EUSCIB2_IRQHandler             
000008ab  EUSCIB3_IRQHandler             
000008ab  FLCTL_IRQHandler               
000008ab  FPU_IRQHandler                 
000008ab  HardFault_Handler              
000008ab  MemManage_Handler              
000008ab  NMI_Handler                    
000008ab  PCM_IRQHandler                 
000008ab  PORT1_IRQHandler               
000008ab  PORT2_IRQHandler               
000008ab  PORT3_IRQHandler               
000008ab  PORT4_IRQHandler               
000008ab  PORT5_IRQHandler               
000008ab  PORT6_IRQHandler               
000008ab  PSS_IRQHandler                 
000008ab  PendSV_Handler                 
000008ab  RTC_C_IRQHandler               
0000089f  Reset_Handler                  
000008ab  SVC_Handler                    
0000070b  SysTick_Handler                
0000070b  SysTick_Handler                
20000008  SystemCoreClock                
000000e5  SystemCoreClockUpdate          
0000035d  SystemInit                     
000008ab  T32_INT1_IRQHandler            
000008ab  T32_INT2_IRQHandler            
000008ab  T32_INTC_IRQHandler            
000008ab  TA0_0_IRQHandler               
000008ab  TA0_N_IRQHandler               
000008ab  TA1_0_IRQHandler               
000008ab  TA1_N_IRQHandler               
000008ab  TA2_0_IRQHandler               
000008ab  TA2_N_IRQHandler               
000008ab  TA3_0_IRQHandler               
000008ab  TA3_N_IRQHandler               
000008ab  UsageFault_Handler             
4000480c  WDTCTL_SYM                     
000008ab  WDT_A_IRQHandler               
20010000  __STACK_END                    
00000200  __STACK_SIZE                   
000008cc  __TI_CINIT_Base                
000008d4  __TI_CINIT_Limit               
000008c4  __TI_Handler_Table_Base        
000008cc  __TI_Handler_Table_Limit       
000007b5  __TI_auto_init_nobinit_nopinit 
00000681  __TI_decompress_lzss           
00000891  __TI_decompress_none           
ffffffff  __TI_pprof_out_hndl            
ffffffff  __TI_prof_data_size            
ffffffff  __TI_prof_data_start           
00000000  __TI_static_base__             
000005e5  __aeabi_memcpy                 
000005e5  __aeabi_memcpy4                
000005e5  __aeabi_memcpy8                
ffffffff  __binit__                      
ffffffff  __c_args__                     
UNDEFED   __mpu_init                     
2000fe00  __stack                        
20000000  __start___llvm_prf_cnts        
20000000  __stop___llvm_prf_cnts         
000007f9  _c_int00_noargs                
UNDEFED   _system_post_cinit             
000008ad  _system_pre_init               
000008b1  abort                          
ffffffff  binit                          
20000000  cnt_ms                         
20000004  cnt_s                          
00000751  cs_init                        
00000525  gpio_blue_led_on               
00000505  gpio_green_led_on              
00000419  gpio_init                      
00000551  gpio_is_key_pressed            
0000044d  gpio_key_onboard_interrupt_init
0000049d  gpio_led_key_onboard_init      
00000545  gpio_led_off                   
000004e5  gpio_red_led_on                
00000000  interruptVectors               
00000861  lpm_goto_lpm4                  
000006e9  main                           
000005e5  memcpy                         
0000082d  systick_init                   
00000841  systick_start                  


GLOBAL SYMBOLS: SORTED BY Symbol Address 

address   name                           
-------   ----                           
00000000  __TI_static_base__             
00000000  interruptVectors               
000000e5  SystemCoreClockUpdate          
00000200  __STACK_SIZE                   
0000035d  SystemInit                     
00000419  gpio_init                      
0000044d  gpio_key_onboard_interrupt_init
0000049d  gpio_led_key_onboard_init      
000004e5  gpio_red_led_on                
00000505  gpio_green_led_on              
00000525  gpio_blue_led_on               
00000545  gpio_led_off                   
00000551  gpio_is_key_pressed            
000005e5  __aeabi_memcpy                 
000005e5  __aeabi_memcpy4                
000005e5  __aeabi_memcpy8                
000005e5  memcpy                         
00000681  __TI_decompress_lzss           
000006e9  main                           
0000070b  SysTick_Handler                
0000070b  SysTick_Handler                
00000751  cs_init                        
000007b5  __TI_auto_init_nobinit_nopinit 
000007f9  _c_int00_noargs                
0000082d  systick_init                   
00000841  systick_start                  
00000861  lpm_goto_lpm4                  
00000891  __TI_decompress_none           
0000089f  Reset_Handler                  
000008ab  ADC14_IRQHandler               
000008ab  AES256_IRQHandler              
000008ab  BusFault_Handler               
000008ab  COMP_E0_IRQHandler             
000008ab  COMP_E1_IRQHandler             
000008ab  CS_IRQHandler                  
000008ab  DMA_ERR_IRQHandler             
000008ab  DMA_INT0_IRQHandler            
000008ab  DMA_INT1_IRQHandler            
000008ab  DMA_INT2_IRQHandler            
000008ab  DMA_INT3_IRQHandler            
000008ab  DebugMon_Handler               
000008ab  Default_Handler                
000008ab  EUSCIA0_IRQHandler             
000008ab  EUSCIA1_IRQHandler             
000008ab  EUSCIA2_IRQHandler             
000008ab  EUSCIA3_IRQHandler             
000008ab  EUSCIB0_IRQHandler             
000008ab  EUSCIB1_IRQHandler             
000008ab  EUSCIB2_IRQHandler             
000008ab  EUSCIB3_IRQHandler             
000008ab  FLCTL_IRQHandler               
000008ab  FPU_IRQHandler                 
000008ab  HardFault_Handler              
000008ab  MemManage_Handler              
000008ab  NMI_Handler                    
000008ab  PCM_IRQHandler                 
000008ab  PORT1_IRQHandler               
000008ab  PORT2_IRQHandler               
000008ab  PORT3_IRQHandler               
000008ab  PORT4_IRQHandler               
000008ab  PORT5_IRQHandler               
000008ab  PORT6_IRQHandler               
000008ab  PSS_IRQHandler                 
000008ab  PendSV_Handler                 
000008ab  RTC_C_IRQHandler               
000008ab  SVC_Handler                    
000008ab  T32_INT1_IRQHandler            
000008ab  T32_INT2_IRQHandler            
000008ab  T32_INTC_IRQHandler            
000008ab  TA0_0_IRQHandler               
000008ab  TA0_N_IRQHandler               
000008ab  TA1_0_IRQHandler               
000008ab  TA1_N_IRQHandler               
000008ab  TA2_0_IRQHandler               
000008ab  TA2_N_IRQHandler               
000008ab  TA3_0_IRQHandler               
000008ab  TA3_N_IRQHandler               
000008ab  UsageFault_Handler             
000008ab  WDT_A_IRQHandler               
000008ad  _system_pre_init               
000008b1  C$$EXIT                        
000008b1  abort                          
000008c4  __TI_Handler_Table_Base        
000008cc  __TI_CINIT_Base                
000008cc  __TI_Handler_Table_Limit       
000008d4  __TI_CINIT_Limit               
20000000  __start___llvm_prf_cnts        
20000000  __stop___llvm_prf_cnts         
20000000  cnt_ms                         
20000004  cnt_s                          
20000008  SystemCoreClock                
2000fe00  __stack                        
20010000  __STACK_END                    
4000480c  WDTCTL_SYM                     
ffffffff  __TI_pprof_out_hndl            
ffffffff  __TI_prof_data_size            
ffffffff  __TI_prof_data_start           
ffffffff  __binit__                      
ffffffff  __c_args__                     
ffffffff  binit                          
UNDEFED   __mpu_init                     
UNDEFED   _system_post_cinit             

[102 symbols]
