******************************************************************************
                  TI ARM Linker PC v20.2.5                     
******************************************************************************
>> Linked Thu Dec 15 21:00:00 2022

OUTPUT FILE NAME:   <i2c_master_rw_repeated_start_single_byte-master_code_MSP_EXP432P401R_nortos_ccs.out>
ENTRY POINT SYMBOL: "_c_int00_noargs"  address: 0000030d


MEMORY CONFIGURATION

         name            origin    length      used     unused   attr    fill
----------------------  --------  ---------  --------  --------  ----  --------
  MAIN                  00000000   00040000  0000039a  0003fc66  R  X
  INFO                  00200000   00004000  00000000  00004000  R  X
  SRAM_CODE             01000000   00010000  00000201  0000fdff  RW X
  SRAM_DATA             20000000   00010000  00000201  0000fdff  RW  


SEGMENT ALLOCATION MAP

run origin  load origin   length   init length attrs members
----------  ----------- ---------- ----------- ----- -------
00000000    00000000    0000039c   0000039c    r-x
  00000000    00000000    000000e4   000000e4    r-- .intvecs
  000000e4    000000e4    0000028e   0000028e    r-x .text
  00000374    00000374    00000014   00000014    r-- .const
  00000388    00000388    00000014   00000014    r-- .cinit
20000000    20000000    00000001   00000000    rw-
  20000000    20000000    00000001   00000000    rw- .bss
2000fe00    2000fe00    00000200   00000000    rw-
  2000fe00    2000fe00    00000200   00000000    rw- .stack


SECTION ALLOCATION MAP

 output                                  attributes/
section   page    origin      length       input sections
--------  ----  ----------  ----------   ----------------
.intvecs   0    00000000    000000e4     
                  00000000    000000e4     startup_msp432p401r_ccs.obj (.intvecs:retain)

.text      0    000000e4    0000028e     
                  000000e4    00000124     i2c_master_repeated_start_singlebyte_master.obj (.text:main)
                  00000208    00000078     system_msp432p401r.obj (.text:SystemInit)
                  00000280    00000048     i2c_master_repeated_start_singlebyte_master.obj (.text:EUSCIB0_IRQHandler)
                  000002c8    00000044     rtsv7M4_T_le_v4SPD16_eabi.lib : autoinit.c.obj (.text:__TI_auto_init_nobinit_nopinit:__TI_auto_init_nobinit_nopinit)
                  0000030c    00000034                                   : boot_cortex_m.c.obj (.text:_c_int00_noargs:_c_int00_noargs)
                  00000340    0000001c                                   : copy_zero_init.c.obj (.text:decompress:ZI:__TI_zero_init_nomemset:__TI_zero_init_nomemset)
                  0000035c    0000000c     startup_msp432p401r_ccs.obj (.text:Reset_Handler)
                  00000368    00000004     rtsv7M4_T_le_v4SPD16_eabi.lib : pre_init.c.obj (.text:_system_pre_init)
                  0000036c    00000004                                   : exit.c.obj (.text:abort:abort)
                  00000370    00000002     startup_msp432p401r_ccs.obj (.text:Default_Handler)

.const     0    00000374    00000014     
                  00000374    00000014     i2c_master_repeated_start_singlebyte_master.obj (.const:i2cConfig)

.cinit     0    00000388    00000014     
                  00000388    00000008     (.cinit..bss.load) [load image, compression = zero_init]
                  00000390    00000004     (__TI_handler_table)
                  00000394    00000008     (__TI_cinit_table)

.init_array 
*          0    00000000    00000000     UNINITIALIZED

.binit     0    00000000    00000000     

.bss       0    20000000    00000001     UNINITIALIZED
                  20000000    00000001     i2c_master_repeated_start_singlebyte_master.obj (.bss)

.stack     0    2000fe00    00000200     UNINITIALIZED
                  2000fe00    00000004     rtsv7M4_T_le_v4SPD16_eabi.lib : boot_cortex_m.c.obj (.stack)
                  2000fe04    000001fc     --HOLE--

__llvm_prf_cnts 
*          0    20000000    00000000     UNINITIALIZED

MODULE SUMMARY

       Module                                            code   ro data   rw data
       ------                                            ----   -------   -------
    .\
       i2c_master_repeated_start_singlebyte_master.obj   364    20        2      
       system_msp432p401r.obj                            120    0         0      
    +--+-------------------------------------------------+------+---------+---------+
       Total:                                            484    20        2      
                                                                                 
    .\ccs\
       startup_msp432p401r_ccs.obj                       14     228       0      
    +--+-------------------------------------------------+------+---------+---------+
       Total:                                            14     228       0      
                                                                                 
    C:\ti\ccs1110\ccs\tools\compiler\ti-cgt-arm_20.2.5.LTS\lib\rtsv7M4_T_le_v4SPD16_eabi.lib
       autoinit.c.obj                                    68     0         0      
       boot_cortex_m.c.obj                               52     0         0      
       copy_zero_init.c.obj                              28     0         0      
       exit.c.obj                                        4      0         0      
       pre_init.c.obj                                    4      0         0      
    +--+-------------------------------------------------+------+---------+---------+
       Total:                                            156    0         0      
                                                                                 
       Stack:                                            0      0         1024   
       Linker Generated:                                 0      20        0      
    +--+-------------------------------------------------+------+---------+---------+
       Grand Total:                                      654    268       1026   


LINKER GENERATED COPY TABLES

__TI_cinit_table @ 00000394 records: 1, size/record: 8, table size: 8
	.bss: load addr=00000388, load size=00000008 bytes, run addr=20000000, run size=00000001 bytes, compression=zero_init


LINKER GENERATED HANDLER TABLE

__TI_handler_table @ 00000390 records: 1, size/record: 4, table size: 4
	index: 0, handler: __TI_zero_init


GLOBAL SYMBOLS: SORTED ALPHABETICALLY BY Name 

address   name                          
-------   ----                          
00000371  ADC14_IRQHandler              
00000371  AES256_IRQHandler             
00000371  BusFault_Handler              
0000036d  C$$EXIT                       
00000371  COMP_E0_IRQHandler            
00000371  COMP_E1_IRQHandler            
00000371  CS_IRQHandler                 
00000371  DMA_ERR_IRQHandler            
00000371  DMA_INT0_IRQHandler           
00000371  DMA_INT1_IRQHandler           
00000371  DMA_INT2_IRQHandler           
00000371  DMA_INT3_IRQHandler           
00000371  DebugMon_Handler              
00000371  Default_Handler               
00000371  EUSCIA0_IRQHandler            
00000371  EUSCIA1_IRQHandler            
00000371  EUSCIA2_IRQHandler            
00000371  EUSCIA3_IRQHandler            
00000281  EUSCIB0_IRQHandler            
00000281  EUSCIB0_IRQHandler            
00000371  EUSCIB1_IRQHandler            
00000371  EUSCIB2_IRQHandler            
00000371  EUSCIB3_IRQHandler            
00000371  FLCTL_IRQHandler              
00000371  FPU_IRQHandler                
00000371  HardFault_Handler             
00000371  MemManage_Handler             
00000371  NMI_Handler                   
00000371  PCM_IRQHandler                
00000371  PORT1_IRQHandler              
00000371  PORT2_IRQHandler              
00000371  PORT3_IRQHandler              
00000371  PORT4_IRQHandler              
00000371  PORT5_IRQHandler              
00000371  PORT6_IRQHandler              
00000371  PSS_IRQHandler                
00000371  PendSV_Handler                
00000371  RTC_C_IRQHandler              
0000035d  Reset_Handler                 
00000371  SVC_Handler                   
00000371  SysTick_Handler               
00000209  SystemInit                    
00000371  T32_INT1_IRQHandler           
00000371  T32_INT2_IRQHandler           
00000371  T32_INTC_IRQHandler           
00000371  TA0_0_IRQHandler              
00000371  TA0_N_IRQHandler              
00000371  TA1_0_IRQHandler              
00000371  TA1_N_IRQHandler              
00000371  TA2_0_IRQHandler              
00000371  TA2_N_IRQHandler              
00000371  TA3_0_IRQHandler              
00000371  TA3_N_IRQHandler              
00000371  UsageFault_Handler            
4000480c  WDTCTL_SYM                    
00000371  WDT_A_IRQHandler              
20010000  __STACK_END                   
00000200  __STACK_SIZE                  
00000394  __TI_CINIT_Base               
0000039c  __TI_CINIT_Limit              
00000390  __TI_Handler_Table_Base       
00000394  __TI_Handler_Table_Limit      
000002c9  __TI_auto_init_nobinit_nopinit
ffffffff  __TI_pprof_out_hndl           
ffffffff  __TI_prof_data_size           
ffffffff  __TI_prof_data_start          
00000000  __TI_static_base__            
00000341  __TI_zero_init_nomemset       
ffffffff  __binit__                     
ffffffff  __c_args__                    
UNDEFED   __mpu_init                    
2000fe00  __stack                       
20000000  __start___llvm_prf_cnts       
20000000  __stop___llvm_prf_cnts        
0000030d  _c_int00_noargs               
UNDEFED   _system_post_cinit            
00000369  _system_pre_init              
0000036d  abort                         
ffffffff  binit                         
00000374  i2cConfig                     
00000000  interruptVectors              
000000e5  main                          


GLOBAL SYMBOLS: SORTED BY Symbol Address 

address   name                          
-------   ----                          
00000000  __TI_static_base__            
00000000  interruptVectors              
000000e5  main                          
00000200  __STACK_SIZE                  
00000209  SystemInit                    
00000281  EUSCIB0_IRQHandler            
00000281  EUSCIB0_IRQHandler            
000002c9  __TI_auto_init_nobinit_nopinit
0000030d  _c_int00_noargs               
00000341  __TI_zero_init_nomemset       
0000035d  Reset_Handler                 
00000369  _system_pre_init              
0000036d  C$$EXIT                       
0000036d  abort                         
00000371  ADC14_IRQHandler              
00000371  AES256_IRQHandler             
00000371  BusFault_Handler              
00000371  COMP_E0_IRQHandler            
00000371  COMP_E1_IRQHandler            
00000371  CS_IRQHandler                 
00000371  DMA_ERR_IRQHandler            
00000371  DMA_INT0_IRQHandler           
00000371  DMA_INT1_IRQHandler           
00000371  DMA_INT2_IRQHandler           
00000371  DMA_INT3_IRQHandler           
00000371  DebugMon_Handler              
00000371  Default_Handler               
00000371  EUSCIA0_IRQHandler            
00000371  EUSCIA1_IRQHandler            
00000371  EUSCIA2_IRQHandler            
00000371  EUSCIA3_IRQHandler            
00000371  EUSCIB1_IRQHandler            
00000371  EUSCIB2_IRQHandler            
00000371  EUSCIB3_IRQHandler            
00000371  FLCTL_IRQHandler              
00000371  FPU_IRQHandler                
00000371  HardFault_Handler             
00000371  MemManage_Handler             
00000371  NMI_Handler                   
00000371  PCM_IRQHandler                
00000371  PORT1_IRQHandler              
00000371  PORT2_IRQHandler              
00000371  PORT3_IRQHandler              
00000371  PORT4_IRQHandler              
00000371  PORT5_IRQHandler              
00000371  PORT6_IRQHandler              
00000371  PSS_IRQHandler                
00000371  PendSV_Handler                
00000371  RTC_C_IRQHandler              
00000371  SVC_Handler                   
00000371  SysTick_Handler               
00000371  T32_INT1_IRQHandler           
00000371  T32_INT2_IRQHandler           
00000371  T32_INTC_IRQHandler           
00000371  TA0_0_IRQHandler              
00000371  TA0_N_IRQHandler              
00000371  TA1_0_IRQHandler              
00000371  TA1_N_IRQHandler              
00000371  TA2_0_IRQHandler              
00000371  TA2_N_IRQHandler              
00000371  TA3_0_IRQHandler              
00000371  TA3_N_IRQHandler              
00000371  UsageFault_Handler            
00000371  WDT_A_IRQHandler              
00000374  i2cConfig                     
00000390  __TI_Handler_Table_Base       
00000394  __TI_CINIT_Base               
00000394  __TI_Handler_Table_Limit      
0000039c  __TI_CINIT_Limit              
20000000  __start___llvm_prf_cnts       
20000000  __stop___llvm_prf_cnts        
2000fe00  __stack                       
20010000  __STACK_END                   
4000480c  WDTCTL_SYM                    
ffffffff  __TI_pprof_out_hndl           
ffffffff  __TI_prof_data_size           
ffffffff  __TI_prof_data_start          
ffffffff  __binit__                     
ffffffff  __c_args__                    
ffffffff  binit                         
UNDEFED   __mpu_init                    
UNDEFED   _system_post_cinit            

[82 symbols]
